(0, 0)
(0, 0)
11: (0, 15)
12: (16, 60)
13: (61, 587)
14: (588, 589)
15: (590, 619)
(61, 587)
11: (0, 15)
12: (16, 60)
14: (588, 589)
15: (590, 619)
(0, 0)
11: (0, 15)
12: (16, 60)
14: (588, 589)
15: (590, 619)
