11: (0, 49)
12: (50, 99)
13: (100, 149)
14: (150, 199)
15: (200, 1023)
16: (0, 0)
12: (50, 99)
13: (100, 149)
14: (150, 199)
15: (200, 1023)
12: (50, 99)
14: (150, 199)
15: (200, 1023)
21: (0, 24)
22: (100, 137)
21: (0, 24)
12: (25, 74)
22: (75, 112)
14: (113, 162)
15: (163, 986)
16: (987, 989)
21: (0, 24)
12: (25, 74)
22: (75, 112)
14: (113, 162)
16: (987, 989)
21: (0, 24)
12: (25, 74)
22: (75, 112)
14: (113, 162)
16: (163, 165)
