162: (0, 46)
127: (47, 108)
79: (109, 138)
182: (139, 144)
234: (145, 205)
137: (206, 213)
101: (214, 272)
121: (273, 283)
27: (284, 339)
214: (340, 352)
162: (0, 46)
127: (47, 108)
79: (109, 138)
182: (139, 144)
234: (145, 205)
137: (206, 213)
121: (273, 283)
27: (284, 339)
214: (340, 352)
162: (0, 46)
127: (47, 108)
79: (109, 138)
182: (139, 144)
234: (145, 205)
137: (206, 213)
121: (214, 224)
27: (225, 280)
214: (281, 293)
162: (0, 46)
127: (47, 108)
182: (139, 144)
234: (145, 205)
137: (206, 213)
121: (214, 224)
27: (225, 280)
214: (281, 293)
162: (0, 46)
127: (47, 108)
182: (109, 114)
234: (115, 175)
137: (176, 183)
121: (184, 194)
27: (195, 250)
214: (251, 263)
108: (264, 273)
73: (274, 318)
221: (319, 320)
131: (321, 331)
13: (332, 369)
57: (370, 384)
(184, 194)
162: (0, 46)
127: (47, 108)
182: (109, 114)
234: (115, 175)
137: (176, 183)
121: (184, 194)
27: (195, 250)
214: (251, 263)
108: (264, 273)
73: (274, 318)
221: (319, 320)
131: (321, 331)
13: (332, 369)
57: (370, 384)
178: (385, 403)
95: (404, 427)
180: (428, 459)
150: (460, 504)
191: (505, 556)
252: (557, 570)
203: (571, 575)
236: (576, 591)
162: (0, 46)
182: (109, 114)
234: (115, 175)
137: (176, 183)
121: (184, 194)
27: (195, 250)
214: (251, 263)
108: (264, 273)
73: (274, 318)
221: (319, 320)
131: (321, 331)
13: (332, 369)
57: (370, 384)
178: (385, 403)
95: (404, 427)
180: (428, 459)
150: (460, 504)
191: (505, 556)
252: (557, 570)
203: (571, 575)
236: (576, 591)
(319, 320)
162: (0, 46)
182: (109, 114)
234: (115, 175)
137: (176, 183)
121: (184, 194)
27: (195, 250)
214: (251, 263)
108: (264, 273)
221: (319, 320)
131: (321, 331)
13: (332, 369)
57: (370, 384)
178: (385, 403)
95: (404, 427)
180: (428, 459)
150: (460, 504)
191: (505, 556)
252: (557, 570)
203: (571, 575)
236: (576, 591)
(109, 114)
162: (0, 46)
182: (109, 114)
234: (115, 175)
137: (176, 183)
121: (184, 194)
27: (195, 250)
214: (251, 263)
108: (264, 273)
221: (319, 320)
131: (321, 331)
13: (332, 369)
57: (370, 384)
178: (385, 403)
95: (404, 427)
150: (460, 504)
191: (505, 556)
252: (557, 570)
203: (571, 575)
236: (576, 591)
162: (0, 46)
182: (47, 52)
234: (53, 113)
137: (114, 121)
121: (122, 132)
27: (133, 188)
214: (189, 201)
108: (202, 211)
221: (212, 213)
131: (214, 224)
13: (225, 262)
57: (263, 277)
178: (278, 296)
95: (297, 320)
150: (321, 365)
191: (366, 417)
252: (418, 431)
203: (432, 436)
236: (437, 452)
54: (453, 463)
5: (464, 507)
187: (508, 562)
29: (563, 605)
245: (606, 609)
69: (610, 627)
162: (0, 46)
182: (47, 52)
234: (53, 113)
137: (114, 121)
121: (122, 132)
27: (133, 188)
214: (189, 201)
108: (202, 211)
221: (212, 213)
131: (214, 224)
13: (225, 262)
57: (263, 277)
178: (278, 296)
95: (297, 320)
150: (321, 365)
191: (366, 417)
252: (418, 431)
203: (432, 436)
236: (437, 452)
54: (453, 463)
5: (464, 507)
187: (508, 562)
245: (606, 609)
69: (610, 627)
162: (0, 46)
182: (47, 52)
234: (53, 113)
137: (114, 121)
121: (122, 132)
27: (133, 188)
214: (189, 201)
108: (202, 211)
221: (212, 213)
131: (214, 224)
13: (225, 262)
57: (263, 277)
178: (278, 296)
95: (297, 320)
150: (321, 365)
191: (366, 417)
252: (418, 431)
203: (432, 436)
236: (437, 452)
5: (464, 507)
187: (508, 562)
245: (606, 609)
69: (610, 627)
162: (0, 46)
182: (47, 52)
234: (53, 113)
137: (114, 121)
121: (122, 132)
27: (133, 188)
214: (189, 201)
108: (202, 211)
221: (212, 213)
131: (214, 224)
13: (225, 262)
57: (263, 277)
178: (278, 296)
95: (297, 320)
150: (321, 365)
191: (366, 417)
252: (418, 431)
203: (432, 436)
236: (437, 452)
5: (453, 496)
187: (497, 551)
245: (552, 555)
69: (556, 573)
184: (574, 625)
(552, 555)
(453, 496)
(453, 496)
162: (0, 46)
182: (47, 52)
234: (53, 113)
137: (114, 121)
121: (122, 132)
27: (133, 188)
214: (189, 201)
108: (202, 211)
221: (212, 213)
131: (214, 224)
13: (225, 262)
57: (263, 277)
178: (278, 296)
95: (297, 320)
150: (321, 365)
191: (366, 417)
252: (418, 431)
203: (432, 436)
236: (437, 452)
5: (453, 496)
187: (497, 551)
245: (552, 555)
69: (556, 573)
184: (574, 625)
152: (626, 651)
107: (652, 685)
165: (686, 691)
220: (692, 700)
111: (701, 723)
7: (724, 761)
60: (762, 784)
28: (785, 840)
194: (841, 889)
84: (890, 943)
139: (944, 996)
17: (0, 0)
153: (997, 1022)
90: (0, 0)
44: (0, 0)
82: (0, 0)
248: (0, 0)
91: (0, 0)
130: (0, 0)
215: (0, 0)
12: (0, 0)
50: (0, 0)
100: (0, 0)
235: (0, 0)
249: (0, 0)
168: (0, 0)
163: (0, 0)
80: (0, 0)
134: (0, 0)
145: (0, 0)
66: (0, 0)
105: (0, 0)
70: (0, 0)
254: (0, 0)
6: (0, 0)
38: (0, 0)
231: (0, 0)
198: (0, 0)
142: (0, 0)
212: (0, 0)
73: (0, 0)
246: (0, 0)
162: (0, 46)
182: (47, 52)
234: (53, 113)
137: (114, 121)
121: (122, 132)
27: (133, 188)
214: (189, 201)
108: (202, 211)
221: (212, 213)
131: (214, 224)
13: (225, 262)
57: (263, 277)
178: (278, 296)
95: (297, 320)
150: (321, 365)
191: (366, 417)
252: (418, 431)
203: (432, 436)
5: (453, 496)
187: (497, 551)
245: (552, 555)
69: (556, 573)
184: (574, 625)
152: (626, 651)
107: (652, 685)
165: (686, 691)
220: (692, 700)
111: (701, 723)
7: (724, 761)
60: (762, 784)
28: (785, 840)
194: (841, 889)
84: (890, 943)
139: (944, 996)
153: (997, 1022)
(0, 0)
250: (0, 0)
157: (0, 0)
241: (0, 0)
61: (0, 0)
85: (437, 448)
147: (0, 0)
9: (0, 0)
162: (0, 46)
182: (47, 52)
234: (53, 113)
137: (114, 121)
121: (122, 132)
27: (133, 188)
214: (189, 201)
108: (202, 211)
221: (212, 213)
131: (214, 224)
13: (225, 262)
57: (263, 277)
178: (278, 296)
95: (297, 320)
150: (321, 365)
191: (366, 417)
252: (418, 431)
203: (432, 436)
85: (437, 448)
5: (449, 492)
187: (493, 547)
245: (548, 551)
69: (552, 569)
184: (570, 621)
152: (622, 647)
107: (648, 681)
165: (682, 687)
220: (688, 696)
111: (697, 719)
7: (720, 757)
60: (758, 780)
28: (781, 836)
194: (837, 885)
84: (886, 939)
139: (940, 992)
153: (993, 1018)
(0, 0)
162: (0, 46)
182: (47, 52)
234: (53, 113)
137: (114, 121)
121: (122, 132)
27: (133, 188)
214: (189, 201)
108: (202, 211)
221: (212, 213)
131: (214, 224)
13: (225, 262)
57: (263, 277)
178: (278, 296)
95: (297, 320)
150: (321, 365)
191: (366, 417)
252: (418, 431)
203: (432, 436)
85: (437, 448)
5: (449, 492)
187: (493, 547)
245: (548, 551)
69: (552, 569)
184: (570, 621)
152: (622, 647)
107: (648, 681)
165: (682, 687)
220: (688, 696)
111: (697, 719)
7: (720, 757)
60: (758, 780)
28: (781, 836)
194: (837, 885)
84: (886, 939)
139: (940, 992)
153: (993, 1018)
(682, 687)
(214, 224)
65: (1019, 1020)
51: (0, 0)
30: (0, 0)
79: (0, 0)
86: (0, 0)
162: (0, 46)
182: (47, 52)
234: (53, 113)
137: (114, 121)
121: (122, 132)
27: (133, 188)
214: (189, 201)
108: (202, 211)
221: (212, 213)
131: (214, 224)
13: (225, 262)
57: (263, 277)
178: (278, 296)
95: (297, 320)
150: (321, 365)
191: (366, 417)
252: (418, 431)
203: (432, 436)
85: (437, 448)
5: (449, 492)
187: (493, 547)
245: (548, 551)
69: (552, 569)
184: (570, 621)
152: (622, 647)
107: (648, 681)
165: (682, 687)
220: (688, 696)
111: (697, 719)
7: (720, 757)
60: (758, 780)
28: (781, 836)
194: (837, 885)
84: (886, 939)
139: (940, 992)
153: (993, 1018)
65: (1019, 1020)
162: (0, 46)
182: (47, 52)
137: (114, 121)
121: (122, 132)
27: (133, 188)
214: (189, 201)
108: (202, 211)
221: (212, 213)
131: (214, 224)
13: (225, 262)
57: (263, 277)
178: (278, 296)
95: (297, 320)
150: (321, 365)
191: (366, 417)
252: (418, 431)
203: (432, 436)
85: (437, 448)
5: (449, 492)
187: (493, 547)
245: (548, 551)
69: (552, 569)
184: (570, 621)
152: (622, 647)
107: (648, 681)
165: (682, 687)
220: (688, 696)
111: (697, 719)
7: (720, 757)
60: (758, 780)
28: (781, 836)
194: (837, 885)
84: (886, 939)
139: (940, 992)
153: (993, 1018)
65: (1019, 1020)
162: (0, 46)
182: (47, 52)
137: (114, 121)
121: (122, 132)
27: (133, 188)
214: (189, 201)
108: (202, 211)
221: (212, 213)
131: (214, 224)
57: (263, 277)
178: (278, 296)
95: (297, 320)
150: (321, 365)
191: (366, 417)
252: (418, 431)
203: (432, 436)
85: (437, 448)
5: (449, 492)
187: (493, 547)
245: (548, 551)
69: (552, 569)
184: (570, 621)
152: (622, 647)
107: (648, 681)
165: (682, 687)
220: (688, 696)
111: (697, 719)
7: (720, 757)
60: (758, 780)
28: (781, 836)
194: (837, 885)
84: (886, 939)
139: (940, 992)
153: (993, 1018)
65: (1019, 1020)
162: (0, 46)
182: (47, 52)
137: (114, 121)
121: (122, 132)
27: (133, 188)
214: (189, 201)
108: (202, 211)
221: (212, 213)
131: (214, 224)
57: (263, 277)
178: (278, 296)
95: (297, 320)
150: (321, 365)
191: (366, 417)
252: (418, 431)
203: (432, 436)
85: (437, 448)
5: (449, 492)
187: (493, 547)
245: (548, 551)
184: (570, 621)
152: (622, 647)
107: (648, 681)
165: (682, 687)
220: (688, 696)
111: (697, 719)
7: (720, 757)
60: (758, 780)
28: (781, 836)
194: (837, 885)
84: (886, 939)
139: (940, 992)
153: (993, 1018)
65: (1019, 1020)
162: (0, 46)
182: (47, 52)
137: (53, 60)
121: (61, 71)
27: (72, 127)
214: (128, 140)
108: (141, 150)
221: (151, 152)
131: (153, 163)
57: (164, 178)
178: (179, 197)
95: (198, 221)
150: (222, 266)
191: (267, 318)
252: (319, 332)
203: (333, 337)
85: (338, 349)
5: (350, 393)
187: (394, 448)
245: (449, 452)
184: (453, 504)
152: (505, 530)
107: (531, 564)
165: (565, 570)
220: (571, 579)
111: (580, 602)
7: (603, 640)
60: (641, 663)
28: (664, 719)
194: (720, 768)
84: (769, 822)
139: (823, 875)
153: (876, 901)
65: (902, 903)
96: (904, 925)
208: (926, 958)
63: (959, 982)
110: (983, 1001)
238: (0, 0)
162: (0, 46)
182: (47, 52)
137: (53, 60)
121: (61, 71)
27: (72, 127)
214: (128, 140)
108: (141, 150)
221: (151, 152)
131: (153, 163)
57: (164, 178)
178: (179, 197)
95: (198, 221)
150: (222, 266)
191: (267, 318)
252: (319, 332)
203: (333, 337)
85: (338, 349)
5: (350, 393)
187: (394, 448)
245: (449, 452)
184: (453, 504)
152: (505, 530)
107: (531, 564)
165: (565, 570)
220: (571, 579)
111: (580, 602)
7: (603, 640)
60: (641, 663)
28: (664, 719)
194: (720, 768)
84: (769, 822)
139: (823, 875)
153: (876, 901)
65: (902, 903)
96: (904, 925)
208: (926, 958)
63: (959, 982)
110: (983, 1001)
4: (1002, 1015)
224: (0, 0)
125: (0, 0)
253: (0, 0)
151: (0, 0)
87: (0, 0)
127: (1016, 1023)
180: (0, 0)
(0, 0)
104: (0, 0)
207: (0, 0)
170: (0, 0)
11: (0, 0)
174: (0, 0)
103: (0, 0)
206: (0, 0)
81: (0, 0)
144: (0, 0)
22: (0, 0)
124: (0, 0)
219: (0, 0)
146: (0, 0)
232: (0, 0)
213: (0, 0)
74: (0, 0)
162: (0, 46)
182: (47, 52)
137: (53, 60)
121: (61, 71)
27: (72, 127)
214: (128, 140)
108: (141, 150)
221: (151, 152)
131: (153, 163)
57: (164, 178)
178: (179, 197)
95: (198, 221)
150: (222, 266)
191: (267, 318)
252: (319, 332)
203: (333, 337)
85: (338, 349)
5: (350, 393)
187: (394, 448)
245: (449, 452)
184: (453, 504)
152: (505, 530)
107: (531, 564)
165: (565, 570)
220: (571, 579)
111: (580, 602)
7: (603, 640)
60: (641, 663)
28: (664, 719)
194: (720, 768)
84: (769, 822)
139: (823, 875)
153: (876, 901)
65: (902, 903)
96: (904, 925)
208: (926, 958)
63: (959, 982)
110: (983, 1001)
4: (1002, 1015)
127: (1016, 1023)
(0, 0)
(0, 0)
162: (0, 46)
182: (47, 52)
137: (53, 60)
121: (61, 71)
27: (72, 127)
214: (128, 140)
108: (141, 150)
221: (151, 152)
131: (153, 163)
57: (164, 178)
178: (179, 197)
95: (198, 221)
150: (222, 266)
191: (267, 318)
252: (319, 332)
203: (333, 337)
85: (338, 349)
5: (350, 393)
187: (394, 448)
245: (449, 452)
184: (453, 504)
152: (505, 530)
107: (531, 564)
165: (565, 570)
220: (571, 579)
111: (580, 602)
7: (603, 640)
60: (641, 663)
28: (664, 719)
194: (720, 768)
84: (769, 822)
139: (823, 875)
153: (876, 901)
65: (902, 903)
96: (904, 925)
208: (926, 958)
63: (959, 982)
110: (983, 1001)
4: (1002, 1015)
127: (1016, 1023)
(151, 152)
222: (0, 0)
(61, 71)
162: (0, 46)
182: (47, 52)
137: (53, 60)
121: (61, 71)
27: (72, 127)
214: (128, 140)
108: (141, 150)
221: (151, 152)
131: (153, 163)
57: (164, 178)
178: (179, 197)
95: (198, 221)
150: (222, 266)
191: (267, 318)
252: (319, 332)
203: (333, 337)
85: (338, 349)
5: (350, 393)
187: (394, 448)
245: (449, 452)
184: (453, 504)
152: (505, 530)
107: (531, 564)
165: (565, 570)
220: (571, 579)
111: (580, 602)
7: (603, 640)
60: (641, 663)
28: (664, 719)
194: (720, 768)
84: (769, 822)
139: (823, 875)
65: (902, 903)
96: (904, 925)
208: (926, 958)
63: (959, 982)
110: (983, 1001)
4: (1002, 1015)
127: (1016, 1023)
162: (0, 46)
182: (47, 52)
137: (53, 60)
121: (61, 71)
27: (72, 127)
214: (128, 140)
108: (141, 150)
221: (151, 152)
131: (153, 163)
57: (164, 178)
178: (179, 197)
95: (198, 221)
150: (222, 266)
191: (267, 318)
252: (319, 332)
203: (333, 337)
85: (338, 349)
5: (350, 393)
187: (394, 448)
245: (449, 452)
184: (453, 504)
152: (505, 530)
107: (531, 564)
165: (565, 570)
220: (571, 579)
111: (580, 602)
7: (603, 640)
60: (641, 663)
28: (664, 719)
194: (720, 768)
84: (769, 822)
139: (823, 875)
65: (876, 877)
96: (878, 899)
208: (900, 932)
63: (933, 956)
110: (957, 975)
4: (976, 989)
127: (990, 997)
162: (0, 46)
182: (47, 52)
137: (53, 60)
121: (61, 71)
27: (72, 127)
214: (128, 140)
108: (141, 150)
221: (151, 152)
131: (153, 163)
178: (179, 197)
95: (198, 221)
150: (222, 266)
191: (267, 318)
252: (319, 332)
203: (333, 337)
85: (338, 349)
5: (350, 393)
187: (394, 448)
245: (449, 452)
184: (453, 504)
152: (505, 530)
107: (531, 564)
165: (565, 570)
220: (571, 579)
111: (580, 602)
7: (603, 640)
60: (641, 663)
28: (664, 719)
194: (720, 768)
84: (769, 822)
139: (823, 875)
65: (876, 877)
96: (878, 899)
208: (900, 932)
63: (933, 956)
110: (957, 975)
4: (976, 989)
127: (990, 997)
162: (0, 46)
182: (47, 52)
137: (53, 60)
121: (61, 71)
27: (72, 127)
214: (128, 140)
108: (141, 150)
221: (151, 152)
131: (153, 163)
178: (179, 197)
95: (198, 221)
150: (222, 266)
191: (267, 318)
252: (319, 332)
203: (333, 337)
85: (338, 349)
5: (350, 393)
187: (394, 448)
245: (449, 452)
184: (453, 504)
152: (505, 530)
107: (531, 564)
165: (565, 570)
220: (571, 579)
111: (580, 602)
7: (603, 640)
60: (641, 663)
28: (664, 719)
194: (720, 768)
84: (769, 822)
139: (823, 875)
65: (876, 877)
96: (878, 899)
208: (900, 932)
63: (933, 956)
110: (957, 975)
4: (976, 989)
127: (990, 997)
(823, 875)
(153, 163)
123: (164, 172)
155: (998, 1005)
244: (0, 0)
210: (1006, 1013)
162: (0, 46)
182: (47, 52)
137: (53, 60)
121: (61, 71)
27: (72, 127)
214: (128, 140)
108: (141, 150)
221: (151, 152)
131: (153, 163)
123: (164, 172)
178: (173, 191)
95: (192, 215)
150: (216, 260)
191: (261, 312)
252: (313, 326)
203: (327, 331)
85: (332, 343)
5: (344, 387)
187: (388, 442)
245: (443, 446)
184: (447, 498)
152: (499, 524)
107: (525, 558)
165: (559, 564)
220: (565, 573)
111: (574, 596)
7: (597, 634)
60: (635, 657)
28: (658, 713)
194: (714, 762)
84: (763, 816)
139: (817, 869)
65: (870, 871)
96: (872, 893)
208: (894, 926)
63: (927, 950)
110: (951, 969)
4: (970, 983)
127: (984, 991)
155: (992, 999)
210: (1000, 1007)
162: (0, 46)
182: (47, 52)
137: (53, 60)
121: (61, 71)
27: (72, 127)
214: (128, 140)
108: (141, 150)
221: (151, 152)
131: (153, 163)
123: (164, 172)
178: (173, 191)
95: (192, 215)
150: (216, 260)
191: (261, 312)
252: (313, 326)
203: (327, 331)
85: (332, 343)
5: (344, 387)
187: (388, 442)
245: (443, 446)
184: (447, 498)
152: (499, 524)
107: (525, 558)
165: (559, 564)
220: (565, 573)
111: (574, 596)
7: (597, 634)
60: (635, 657)
28: (658, 713)
194: (714, 762)
84: (763, 816)
139: (817, 869)
65: (870, 871)
96: (872, 893)
208: (894, 926)
63: (927, 950)
110: (951, 969)
4: (970, 983)
127: (984, 991)
155: (992, 999)
210: (1000, 1007)
162: (0, 46)
182: (47, 52)
137: (53, 60)
121: (61, 71)
27: (72, 127)
214: (128, 140)
108: (141, 150)
221: (151, 152)
131: (153, 163)
123: (164, 172)
178: (173, 191)
95: (192, 215)
150: (216, 260)
191: (261, 312)
252: (313, 326)
203: (327, 331)
85: (332, 343)
5: (344, 387)
187: (388, 442)
245: (443, 446)
184: (447, 498)
152: (499, 524)
107: (525, 558)
165: (559, 564)
220: (565, 573)
111: (574, 596)
7: (597, 634)
60: (635, 657)
28: (658, 713)
194: (714, 762)
84: (763, 816)
139: (817, 869)
65: (870, 871)
96: (872, 893)
208: (894, 926)
63: (927, 950)
110: (951, 969)
4: (970, 983)
127: (984, 991)
155: (992, 999)
210: (1000, 1007)
162: (0, 46)
182: (47, 52)
137: (53, 60)
121: (61, 71)
27: (72, 127)
214: (128, 140)
108: (141, 150)
221: (151, 152)
131: (153, 163)
123: (164, 172)
178: (173, 191)
95: (192, 215)
150: (216, 260)
191: (261, 312)
252: (313, 326)
203: (327, 331)
85: (332, 343)
5: (344, 387)
187: (388, 442)
245: (443, 446)
184: (447, 498)
152: (499, 524)
107: (525, 558)
165: (559, 564)
220: (565, 573)
111: (574, 596)
7: (597, 634)
60: (635, 657)
28: (658, 713)
194: (714, 762)
84: (763, 816)
139: (817, 869)
65: (870, 871)
96: (872, 893)
208: (894, 926)
63: (927, 950)
110: (951, 969)
4: (970, 983)
127: (984, 991)
155: (992, 999)
210: (1000, 1007)
(0, 0)
162: (0, 46)
182: (47, 52)
137: (53, 60)
121: (61, 71)
27: (72, 127)
214: (128, 140)
108: (141, 150)
221: (151, 152)
131: (153, 163)
123: (164, 172)
178: (173, 191)
95: (192, 215)
150: (216, 260)
191: (261, 312)
252: (313, 326)
203: (327, 331)
85: (332, 343)
5: (344, 387)
187: (388, 442)
245: (443, 446)
184: (447, 498)
152: (499, 524)
107: (525, 558)
165: (559, 564)
220: (565, 573)
111: (574, 596)
7: (597, 634)
60: (635, 657)
28: (658, 713)
194: (714, 762)
84: (763, 816)
139: (817, 869)
65: (870, 871)
96: (872, 893)
63: (927, 950)
110: (951, 969)
4: (970, 983)
127: (984, 991)
155: (992, 999)
210: (1000, 1007)
162: (0, 46)
182: (47, 52)
137: (53, 60)
121: (61, 71)
27: (72, 127)
214: (128, 140)
108: (141, 150)
221: (151, 152)
131: (153, 163)
123: (164, 172)
178: (173, 191)
95: (192, 215)
150: (216, 260)
191: (261, 312)
252: (313, 326)
203: (327, 331)
85: (332, 343)
5: (344, 387)
187: (388, 442)
245: (443, 446)
184: (447, 498)
152: (499, 524)
107: (525, 558)
165: (559, 564)
220: (565, 573)
111: (574, 596)
7: (597, 634)
60: (635, 657)
28: (658, 713)
194: (714, 762)
84: (763, 816)
139: (817, 869)
65: (870, 871)
96: (872, 893)
63: (894, 917)
110: (918, 936)
4: (937, 950)
127: (951, 958)
155: (959, 966)
210: (967, 974)
190: (975, 983)
234: (0, 0)
202: (984, 992)
97: (993, 1001)
71: (0, 0)
55: (0, 0)
226: (0, 0)
90: (0, 0)
255: (1002, 1014)
114: (1015, 1022)
247: (0, 0)
35: (0, 0)
236: (0, 0)
57: (0, 0)
140: (0, 0)
18: (0, 0)
169: (0, 0)
31: (0, 0)
177: (0, 0)
205: (0, 0)
172: (0, 0)
200: (0, 0)
243: (0, 0)
167: (0, 0)
242: (0, 0)
138: (0, 0)
62: (0, 0)
162: (0, 46)
182: (47, 52)
137: (53, 60)
121: (61, 71)
27: (72, 127)
214: (128, 140)
108: (141, 150)
221: (151, 152)
131: (153, 163)
123: (164, 172)
178: (173, 191)
95: (192, 215)
150: (216, 260)
191: (261, 312)
252: (313, 326)
203: (327, 331)
85: (332, 343)
5: (344, 387)
187: (388, 442)
245: (443, 446)
184: (447, 498)
152: (499, 524)
107: (525, 558)
165: (559, 564)
220: (565, 573)
111: (574, 596)
7: (597, 634)
60: (635, 657)
28: (658, 713)
194: (714, 762)
84: (763, 816)
139: (817, 869)
65: (870, 871)
96: (872, 893)
63: (894, 917)
110: (918, 936)
4: (937, 950)
127: (951, 958)
155: (959, 966)
210: (967, 974)
190: (975, 983)
202: (984, 992)
97: (993, 1001)
255: (1002, 1014)
114: (1015, 1022)
162: (0, 46)
182: (47, 52)
137: (53, 60)
121: (61, 71)
27: (72, 127)
214: (128, 140)
108: (141, 150)
221: (151, 152)
131: (153, 163)
123: (164, 172)
178: (173, 191)
95: (192, 215)
150: (216, 260)
191: (261, 312)
252: (313, 326)
203: (327, 331)
85: (332, 343)
5: (344, 387)
187: (388, 442)
245: (443, 446)
184: (447, 498)
152: (499, 524)
107: (525, 558)
165: (559, 564)
220: (565, 573)
111: (574, 596)
7: (597, 634)
60: (635, 657)
28: (658, 713)
194: (714, 762)
84: (763, 816)
139: (817, 869)
65: (870, 871)
96: (872, 893)
63: (894, 917)
110: (918, 936)
4: (937, 950)
127: (951, 958)
155: (959, 966)
210: (967, 974)
190: (975, 983)
202: (984, 992)
97: (993, 1001)
255: (1002, 1014)
114: (1015, 1022)
(0, 0)
(1002, 1014)
162: (0, 46)
182: (47, 52)
137: (53, 60)
121: (61, 71)
27: (72, 127)
214: (128, 140)
108: (141, 150)
221: (151, 152)
131: (153, 163)
123: (164, 172)
178: (173, 191)
95: (192, 215)
150: (216, 260)
191: (261, 312)
252: (313, 326)
203: (327, 331)
85: (332, 343)
5: (344, 387)
187: (388, 442)
245: (443, 446)
184: (447, 498)
107: (525, 558)
165: (559, 564)
220: (565, 573)
111: (574, 596)
7: (597, 634)
60: (635, 657)
28: (658, 713)
194: (714, 762)
84: (763, 816)
139: (817, 869)
65: (870, 871)
96: (872, 893)
63: (894, 917)
110: (918, 936)
4: (937, 950)
127: (951, 958)
155: (959, 966)
210: (967, 974)
190: (975, 983)
202: (984, 992)
97: (993, 1001)
255: (1002, 1014)
114: (1015, 1022)
(192, 215)
(967, 974)
(192, 215)
(61, 71)
(72, 127)
162: (0, 46)
182: (47, 52)
137: (53, 60)
121: (61, 71)
27: (72, 127)
214: (128, 140)
108: (141, 150)
221: (151, 152)
131: (153, 163)
123: (164, 172)
178: (173, 191)
95: (192, 215)
150: (216, 260)
191: (261, 312)
252: (313, 326)
203: (327, 331)
85: (332, 343)
5: (344, 387)
187: (388, 442)
245: (443, 446)
184: (447, 498)
107: (499, 532)
165: (533, 538)
220: (539, 547)
111: (548, 570)
7: (571, 608)
60: (609, 631)
28: (632, 687)
194: (688, 736)
84: (737, 790)
139: (791, 843)
65: (844, 845)
96: (846, 867)
63: (868, 891)
110: (892, 910)
4: (911, 924)
127: (925, 932)
155: (933, 940)
210: (941, 948)
190: (949, 957)
202: (958, 966)
97: (967, 975)
255: (976, 988)
114: (989, 996)
(313, 326)
179: (0, 0)
175: (997, 1007)
15: (1008, 1012)
89: (0, 0)
92: (0, 0)
223: (1013, 1017)
42: (0, 0)
128: (0, 0)
8: (0, 0)
34: (0, 0)
162: (0, 46)
182: (47, 52)
137: (53, 60)
121: (61, 71)
27: (72, 127)
214: (128, 140)
108: (141, 150)
221: (151, 152)
131: (153, 163)
123: (164, 172)
178: (173, 191)
95: (192, 215)
150: (216, 260)
191: (261, 312)
252: (313, 326)
203: (327, 331)
85: (332, 343)
5: (344, 387)
187: (388, 442)
245: (443, 446)
184: (447, 498)
107: (499, 532)
165: (533, 538)
220: (539, 547)
111: (548, 570)
7: (571, 608)
60: (609, 631)
28: (632, 687)
194: (688, 736)
84: (737, 790)
139: (791, 843)
65: (844, 845)
96: (846, 867)
63: (868, 891)
110: (892, 910)
4: (911, 924)
127: (925, 932)
155: (933, 940)
210: (941, 948)
190: (949, 957)
202: (958, 966)
97: (967, 975)
255: (976, 988)
114: (989, 996)
175: (997, 1007)
15: (1008, 1012)
223: (1013, 1017)
(53, 60)
162: (0, 46)
182: (47, 52)
137: (53, 60)
121: (61, 71)
27: (72, 127)
214: (128, 140)
108: (141, 150)
221: (151, 152)
131: (153, 163)
123: (164, 172)
178: (173, 191)
95: (192, 215)
150: (216, 260)
191: (261, 312)
252: (313, 326)
203: (327, 331)
85: (332, 343)
5: (344, 387)
187: (388, 442)
245: (443, 446)
184: (447, 498)
107: (499, 532)
165: (533, 538)
220: (539, 547)
111: (548, 570)
7: (571, 608)
60: (609, 631)
28: (632, 687)
194: (688, 736)
84: (737, 790)
139: (791, 843)
65: (844, 845)
96: (846, 867)
63: (868, 891)
110: (892, 910)
4: (911, 924)
127: (925, 932)
155: (933, 940)
210: (941, 948)
190: (949, 957)
202: (958, 966)
97: (967, 975)
255: (976, 988)
114: (989, 996)
175: (997, 1007)
15: (1008, 1012)
223: (1013, 1017)
(0, 0)
162: (0, 46)
182: (47, 52)
137: (53, 60)
121: (61, 71)
27: (72, 127)
214: (128, 140)
108: (141, 150)
221: (151, 152)
131: (153, 163)
123: (164, 172)
178: (173, 191)
95: (192, 215)
150: (216, 260)
191: (261, 312)
252: (313, 326)
203: (327, 331)
85: (332, 343)
5: (344, 387)
187: (388, 442)
245: (443, 446)
184: (447, 498)
107: (499, 532)
165: (533, 538)
220: (539, 547)
111: (548, 570)
7: (571, 608)
60: (609, 631)
28: (632, 687)
194: (688, 736)
84: (737, 790)
139: (791, 843)
65: (844, 845)
96: (846, 867)
63: (868, 891)
110: (892, 910)
4: (911, 924)
127: (925, 932)
155: (933, 940)
210: (941, 948)
190: (949, 957)
202: (958, 966)
97: (967, 975)
255: (976, 988)
114: (989, 996)
175: (997, 1007)
15: (1008, 1012)
223: (1013, 1017)
162: (0, 46)
182: (47, 52)
137: (53, 60)
121: (61, 71)
27: (72, 127)
214: (128, 140)
108: (141, 150)
221: (151, 152)
131: (153, 163)
123: (164, 172)
178: (173, 191)
95: (192, 215)
150: (216, 260)
191: (261, 312)
252: (313, 326)
203: (327, 331)
85: (332, 343)
5: (344, 387)
187: (388, 442)
245: (443, 446)
184: (447, 498)
107: (499, 532)
165: (533, 538)
220: (539, 547)
111: (548, 570)
7: (571, 608)
60: (609, 631)
28: (632, 687)
194: (688, 736)
84: (737, 790)
139: (791, 843)
65: (844, 845)
96: (846, 867)
63: (868, 891)
110: (892, 910)
4: (911, 924)
127: (925, 932)
155: (933, 940)
210: (941, 948)
190: (949, 957)
202: (958, 966)
97: (967, 975)
255: (976, 988)
114: (989, 996)
175: (997, 1007)
15: (1008, 1012)
223: (1013, 1017)
99: (0, 0)
64: (0, 0)
106: (0, 0)
23: (0, 0)
162: (0, 46)
182: (47, 52)
137: (53, 60)
121: (61, 71)
27: (72, 127)
214: (128, 140)
108: (141, 150)
221: (151, 152)
131: (153, 163)
123: (164, 172)
178: (173, 191)
95: (192, 215)
150: (216, 260)
191: (261, 312)
252: (313, 326)
203: (327, 331)
85: (332, 343)
5: (344, 387)
187: (388, 442)
245: (443, 446)
184: (447, 498)
107: (499, 532)
165: (533, 538)
220: (539, 547)
111: (548, 570)
7: (571, 608)
60: (609, 631)
28: (632, 687)
194: (688, 736)
84: (737, 790)
139: (791, 843)
65: (844, 845)
96: (846, 867)
63: (868, 891)
110: (892, 910)
4: (911, 924)
127: (925, 932)
155: (933, 940)
210: (941, 948)
190: (949, 957)
202: (958, 966)
97: (967, 975)
255: (976, 988)
114: (989, 996)
175: (997, 1007)
15: (1008, 1012)
223: (1013, 1017)
162: (0, 46)
182: (47, 52)
137: (53, 60)
121: (61, 71)
27: (72, 127)
214: (128, 140)
108: (141, 150)
221: (151, 152)
131: (153, 163)
123: (164, 172)
178: (173, 191)
95: (192, 215)
150: (216, 260)
191: (261, 312)
252: (313, 326)
203: (327, 331)
85: (332, 343)
5: (344, 387)
187: (388, 442)
245: (443, 446)
184: (447, 498)
107: (499, 532)
165: (533, 538)
220: (539, 547)
111: (548, 570)
7: (571, 608)
60: (609, 631)
28: (632, 687)
194: (688, 736)
84: (737, 790)
139: (791, 843)
65: (844, 845)
96: (846, 867)
63: (868, 891)
110: (892, 910)
4: (911, 924)
127: (925, 932)
155: (933, 940)
210: (941, 948)
190: (949, 957)
202: (958, 966)
97: (967, 975)
255: (976, 988)
114: (989, 996)
175: (997, 1007)
15: (1008, 1012)
223: (1013, 1017)
162: (0, 46)
182: (47, 52)
137: (53, 60)
121: (61, 71)
27: (72, 127)
214: (128, 140)
108: (141, 150)
221: (151, 152)
131: (153, 163)
123: (164, 172)
178: (173, 191)
95: (192, 215)
150: (216, 260)
191: (261, 312)
252: (313, 326)
203: (327, 331)
85: (332, 343)
5: (344, 387)
187: (388, 442)
245: (443, 446)
184: (447, 498)
107: (499, 532)
165: (533, 538)
220: (539, 547)
111: (548, 570)
7: (571, 608)
60: (609, 631)
28: (632, 687)
194: (688, 736)
84: (737, 790)
139: (791, 843)
65: (844, 845)
96: (846, 867)
63: (868, 891)
110: (892, 910)
4: (911, 924)
127: (925, 932)
155: (933, 940)
210: (941, 948)
190: (949, 957)
202: (958, 966)
97: (967, 975)
255: (976, 988)
114: (989, 996)
175: (997, 1007)
15: (1008, 1012)
223: (1013, 1017)
162: (0, 46)
182: (47, 52)
137: (53, 60)
121: (61, 71)
27: (72, 127)
214: (128, 140)
108: (141, 150)
221: (151, 152)
131: (153, 163)
123: (164, 172)
178: (173, 191)
95: (192, 215)
150: (216, 260)
191: (261, 312)
252: (313, 326)
203: (327, 331)
85: (332, 343)
5: (344, 387)
187: (388, 442)
245: (443, 446)
184: (447, 498)
107: (499, 532)
165: (533, 538)
220: (539, 547)
111: (548, 570)
7: (571, 608)
60: (609, 631)
28: (632, 687)
194: (688, 736)
84: (737, 790)
139: (791, 843)
65: (844, 845)
96: (846, 867)
63: (868, 891)
110: (892, 910)
4: (911, 924)
127: (925, 932)
155: (933, 940)
210: (941, 948)
190: (949, 957)
202: (958, 966)
97: (967, 975)
255: (976, 988)
114: (989, 996)
175: (997, 1007)
15: (1008, 1012)
223: (1013, 1017)
162: (0, 46)
182: (47, 52)
137: (53, 60)
121: (61, 71)
27: (72, 127)
214: (128, 140)
108: (141, 150)
221: (151, 152)
131: (153, 163)
123: (164, 172)
178: (173, 191)
95: (192, 215)
150: (216, 260)
191: (261, 312)
252: (313, 326)
203: (327, 331)
85: (332, 343)
5: (344, 387)
187: (388, 442)
245: (443, 446)
184: (447, 498)
107: (499, 532)
165: (533, 538)
220: (539, 547)
111: (548, 570)
7: (571, 608)
60: (609, 631)
28: (632, 687)
194: (688, 736)
84: (737, 790)
139: (791, 843)
65: (844, 845)
96: (846, 867)
63: (868, 891)
110: (892, 910)
4: (911, 924)
127: (925, 932)
155: (933, 940)
210: (941, 948)
190: (949, 957)
202: (958, 966)
97: (967, 975)
255: (976, 988)
114: (989, 996)
175: (997, 1007)
15: (1008, 1012)
223: (1013, 1017)
162: (0, 46)
182: (47, 52)
137: (53, 60)
121: (61, 71)
27: (72, 127)
214: (128, 140)
108: (141, 150)
221: (151, 152)
131: (153, 163)
123: (164, 172)
178: (173, 191)
95: (192, 215)
150: (216, 260)
191: (261, 312)
252: (313, 326)
203: (327, 331)
85: (332, 343)
5: (344, 387)
187: (388, 442)
245: (443, 446)
184: (447, 498)
107: (499, 532)
165: (533, 538)
220: (539, 547)
111: (548, 570)
7: (571, 608)
60: (609, 631)
28: (632, 687)
194: (688, 736)
84: (737, 790)
139: (791, 843)
65: (844, 845)
96: (846, 867)
63: (868, 891)
110: (892, 910)
4: (911, 924)
127: (925, 932)
155: (933, 940)
210: (941, 948)
190: (949, 957)
202: (958, 966)
97: (967, 975)
255: (976, 988)
114: (989, 996)
175: (997, 1007)
15: (1008, 1012)
223: (1013, 1017)
