72: (0, 3)
195: (4, 32)
230: (33, 44)
16: (45, 68)
147: (69, 85)
56: (86, 129)
41: (130, 178)
71: (179, 209)
27: (210, 258)
72: (0, 3)
195: (4, 32)
230: (33, 44)
16: (45, 68)
147: (69, 85)
56: (86, 129)
41: (130, 178)
71: (179, 209)
27: (210, 258)
72: (0, 3)
195: (4, 32)
230: (33, 44)
16: (45, 68)
147: (69, 85)
56: (86, 129)
41: (130, 178)
71: (179, 209)
27: (210, 258)
154: (259, 271)
47: (272, 317)
94: (318, 355)
146: (356, 417)
204: (418, 458)
173: (459, 484)
65: (485, 524)
144: (525, 555)
107: (556, 578)
78: (579, 629)
252: (630, 657)
68: (658, 676)
72: (0, 3)
195: (4, 32)
230: (33, 44)
16: (45, 68)
147: (69, 85)
56: (86, 129)
41: (130, 178)
71: (179, 209)
27: (210, 258)
154: (259, 271)
47: (272, 317)
94: (318, 355)
146: (356, 417)
204: (418, 458)
173: (459, 484)
65: (485, 524)
144: (525, 555)
107: (556, 578)
78: (579, 629)
252: (630, 657)
68: (658, 676)
72: (0, 3)
195: (4, 32)
230: (33, 44)
16: (45, 68)
147: (69, 85)
56: (86, 129)
41: (130, 178)
71: (179, 209)
27: (210, 258)
154: (259, 271)
47: (272, 317)
94: (318, 355)
146: (356, 417)
173: (459, 484)
65: (485, 524)
144: (525, 555)
107: (556, 578)
78: (579, 629)
252: (630, 657)
68: (658, 676)
72: (0, 3)
195: (4, 32)
230: (33, 44)
16: (45, 68)
147: (69, 85)
56: (86, 129)
41: (130, 178)
71: (179, 209)
27: (210, 258)
47: (272, 317)
94: (318, 355)
146: (356, 417)
173: (459, 484)
65: (485, 524)
144: (525, 555)
107: (556, 578)
78: (579, 629)
252: (630, 657)
68: (658, 676)
72: (0, 3)
195: (4, 32)
230: (33, 44)
16: (45, 68)
147: (69, 85)
56: (86, 129)
41: (130, 178)
71: (179, 209)
27: (210, 258)
47: (259, 304)
94: (305, 342)
146: (343, 404)
173: (405, 430)
65: (431, 470)
144: (471, 501)
107: (502, 524)
78: (525, 575)
252: (576, 603)
68: (604, 622)
(210, 258)
72: (0, 3)
195: (4, 32)
230: (33, 44)
16: (45, 68)
147: (69, 85)
56: (86, 129)
41: (130, 178)
71: (179, 209)
27: (210, 258)
47: (259, 304)
94: (305, 342)
146: (343, 404)
173: (405, 430)
65: (431, 470)
144: (471, 501)
107: (502, 524)
78: (525, 575)
252: (576, 603)
68: (604, 622)
72: (0, 3)
195: (4, 32)
230: (33, 44)
16: (45, 68)
147: (69, 85)
56: (86, 129)
41: (130, 178)
71: (179, 209)
27: (210, 258)
47: (259, 304)
94: (305, 342)
146: (343, 404)
173: (405, 430)
65: (431, 470)
144: (471, 501)
107: (502, 524)
252: (576, 603)
68: (604, 622)
72: (0, 3)
195: (4, 32)
230: (33, 44)
16: (45, 68)
147: (69, 85)
56: (86, 129)
41: (130, 178)
71: (179, 209)
27: (210, 258)
47: (259, 304)
94: (305, 342)
146: (343, 404)
173: (405, 430)
65: (431, 470)
144: (471, 501)
107: (502, 524)
252: (525, 552)
68: (553, 571)
72: (0, 3)
195: (4, 32)
230: (33, 44)
16: (45, 68)
147: (69, 85)
56: (86, 129)
41: (130, 178)
71: (179, 209)
27: (210, 258)
47: (259, 304)
94: (305, 342)
146: (343, 404)
173: (405, 430)
65: (431, 470)
144: (471, 501)
107: (502, 524)
252: (525, 552)
68: (553, 571)
72: (0, 3)
195: (4, 32)
230: (33, 44)
16: (45, 68)
147: (69, 85)
56: (86, 129)
41: (130, 178)
71: (179, 209)
27: (210, 258)
47: (259, 304)
94: (305, 342)
146: (343, 404)
173: (405, 430)
65: (431, 470)
144: (471, 501)
107: (502, 524)
252: (525, 552)
68: (553, 571)
72: (0, 3)
195: (4, 32)
230: (33, 44)
16: (45, 68)
147: (69, 85)
56: (86, 129)
41: (130, 178)
71: (179, 209)
27: (210, 258)
47: (259, 304)
94: (305, 342)
146: (343, 404)
173: (405, 430)
65: (431, 470)
144: (471, 501)
107: (502, 524)
68: (553, 571)
72: (0, 3)
195: (4, 32)
230: (33, 44)
16: (45, 68)
147: (69, 85)
56: (86, 129)
41: (130, 178)
71: (179, 209)
27: (210, 258)
47: (259, 304)
94: (305, 342)
146: (343, 404)
173: (405, 430)
65: (431, 470)
144: (471, 501)
107: (502, 524)
68: (525, 543)
72: (0, 3)
195: (4, 32)
230: (33, 44)
16: (45, 68)
147: (69, 85)
56: (86, 129)
41: (130, 178)
71: (179, 209)
27: (210, 258)
47: (259, 304)
94: (305, 342)
173: (405, 430)
65: (431, 470)
144: (471, 501)
107: (502, 524)
68: (525, 543)
72: (0, 3)
195: (4, 32)
230: (33, 44)
16: (45, 68)
147: (69, 85)
56: (86, 129)
71: (179, 209)
27: (210, 258)
47: (259, 304)
94: (305, 342)
173: (405, 430)
65: (431, 470)
144: (471, 501)
107: (502, 524)
68: (525, 543)
203: (130, 158)
218: (159, 176)
12: (343, 352)
75: (353, 369)
33: (544, 588)
55: (370, 391)
90: (589, 616)
176: (617, 648)
4: (649, 670)
61: (392, 395)
85: (396, 402)
208: (177, 178)
139: (671, 726)
72: (0, 3)
195: (4, 32)
230: (33, 44)
16: (45, 68)
147: (69, 85)
56: (86, 129)
203: (130, 158)
218: (159, 176)
208: (177, 178)
71: (179, 209)
27: (210, 258)
47: (259, 304)
94: (305, 342)
12: (343, 352)
75: (353, 369)
55: (370, 391)
61: (392, 395)
85: (396, 402)
173: (403, 428)
65: (429, 468)
144: (469, 499)
107: (500, 522)
68: (523, 541)
33: (542, 586)
90: (587, 614)
176: (615, 646)
4: (647, 668)
139: (669, 724)
72: (0, 3)
195: (4, 32)
230: (33, 44)
16: (45, 68)
147: (69, 85)
56: (86, 129)
203: (130, 158)
218: (159, 176)
208: (177, 178)
71: (179, 209)
27: (210, 258)
47: (259, 304)
94: (305, 342)
12: (343, 352)
75: (353, 369)
55: (370, 391)
61: (392, 395)
85: (396, 402)
173: (403, 428)
65: (429, 468)
144: (469, 499)
107: (500, 522)
68: (523, 541)
33: (542, 586)
90: (587, 614)
176: (615, 646)
4: (647, 668)
139: (669, 724)
(45, 68)
72: (0, 3)
195: (4, 32)
230: (33, 44)
16: (45, 68)
147: (69, 85)
56: (86, 129)
203: (130, 158)
218: (159, 176)
208: (177, 178)
71: (179, 209)
27: (210, 258)
47: (259, 304)
94: (305, 342)
12: (343, 352)
75: (353, 369)
55: (370, 391)
61: (392, 395)
85: (396, 402)
173: (403, 428)
65: (429, 468)
144: (469, 499)
107: (500, 522)
68: (523, 541)
33: (542, 586)
90: (587, 614)
176: (615, 646)
4: (647, 668)
139: (669, 724)
72: (0, 3)
195: (4, 32)
230: (33, 44)
16: (45, 68)
147: (69, 85)
56: (86, 129)
203: (130, 158)
218: (159, 176)
208: (177, 178)
71: (179, 209)
27: (210, 258)
47: (259, 304)
94: (305, 342)
12: (343, 352)
75: (353, 369)
55: (370, 391)
61: (392, 395)
85: (396, 402)
173: (403, 428)
65: (429, 468)
144: (469, 499)
107: (500, 522)
68: (523, 541)
33: (542, 586)
90: (587, 614)
176: (615, 646)
4: (647, 668)
139: (669, 724)
(86, 129)
72: (0, 3)
195: (4, 32)
230: (33, 44)
16: (45, 68)
147: (69, 85)
56: (86, 129)
203: (130, 158)
218: (159, 176)
208: (177, 178)
71: (179, 209)
27: (210, 258)
47: (259, 304)
94: (305, 342)
12: (343, 352)
75: (353, 369)
55: (370, 391)
61: (392, 395)
85: (396, 402)
173: (403, 428)
65: (429, 468)
144: (469, 499)
107: (500, 522)
68: (523, 541)
33: (542, 586)
90: (587, 614)
176: (615, 646)
4: (647, 668)
139: (669, 724)
249: (725, 776)
162: (777, 803)
138: (804, 843)
156: (844, 893)
246: (894, 949)
161: (950, 956)
163: (957, 977)
72: (0, 3)
195: (4, 32)
230: (33, 44)
16: (45, 68)
147: (69, 85)
56: (86, 129)
203: (130, 158)
218: (159, 176)
208: (177, 178)
71: (179, 209)
27: (210, 258)
47: (259, 304)
94: (305, 342)
12: (343, 352)
75: (353, 369)
55: (370, 391)
61: (392, 395)
85: (396, 402)
173: (403, 428)
65: (429, 468)
144: (469, 499)
107: (500, 522)
68: (523, 541)
33: (542, 586)
90: (587, 614)
176: (615, 646)
4: (647, 668)
139: (669, 724)
249: (725, 776)
162: (777, 803)
138: (804, 843)
156: (844, 893)
246: (894, 949)
161: (950, 956)
163: (957, 977)
42: (978, 1013)
243: (0, 0)
41: (0, 0)
72: (0, 3)
195: (4, 32)
230: (33, 44)
16: (45, 68)
147: (69, 85)
56: (86, 129)
203: (130, 158)
218: (159, 176)
208: (177, 178)
71: (179, 209)
27: (210, 258)
47: (259, 304)
94: (305, 342)
12: (343, 352)
75: (353, 369)
55: (370, 391)
61: (392, 395)
85: (396, 402)
173: (403, 428)
65: (429, 468)
144: (469, 499)
107: (500, 522)
68: (523, 541)
33: (542, 586)
90: (587, 614)
176: (615, 646)
4: (647, 668)
139: (669, 724)
249: (725, 776)
138: (804, 843)
156: (844, 893)
246: (894, 949)
161: (950, 956)
163: (957, 977)
42: (978, 1013)
72: (0, 3)
195: (4, 32)
230: (33, 44)
16: (45, 68)
147: (69, 85)
56: (86, 129)
203: (130, 158)
218: (159, 176)
208: (177, 178)
71: (179, 209)
27: (210, 258)
47: (259, 304)
94: (305, 342)
12: (343, 352)
75: (353, 369)
55: (370, 391)
61: (392, 395)
85: (396, 402)
173: (403, 428)
65: (429, 468)
144: (469, 499)
107: (500, 522)
68: (523, 541)
33: (542, 586)
90: (587, 614)
176: (615, 646)
4: (647, 668)
139: (669, 724)
249: (725, 776)
138: (777, 816)
156: (817, 866)
246: (867, 922)
161: (923, 929)
163: (930, 950)
42: (951, 986)
72: (0, 3)
195: (4, 32)
230: (33, 44)
16: (45, 68)
147: (69, 85)
56: (86, 129)
203: (130, 158)
218: (159, 176)
208: (177, 178)
71: (179, 209)
27: (210, 258)
47: (259, 304)
94: (305, 342)
12: (343, 352)
75: (353, 369)
55: (370, 391)
61: (392, 395)
85: (396, 402)
173: (403, 428)
65: (429, 468)
144: (469, 499)
107: (500, 522)
68: (523, 541)
33: (542, 586)
90: (587, 614)
176: (615, 646)
4: (647, 668)
139: (669, 724)
249: (725, 776)
138: (777, 816)
156: (817, 866)
246: (867, 922)
161: (923, 929)
163: (930, 950)
42: (951, 986)
72: (0, 3)
195: (4, 32)
230: (33, 44)
16: (45, 68)
147: (69, 85)
56: (86, 129)
203: (130, 158)
218: (159, 176)
208: (177, 178)
71: (179, 209)
27: (210, 258)
47: (259, 304)
94: (305, 342)
12: (343, 352)
75: (353, 369)
55: (370, 391)
61: (392, 395)
85: (396, 402)
173: (403, 428)
65: (429, 468)
144: (469, 499)
107: (500, 522)
68: (523, 541)
33: (542, 586)
90: (587, 614)
176: (615, 646)
4: (647, 668)
139: (669, 724)
249: (725, 776)
138: (777, 816)
156: (817, 866)
246: (867, 922)
161: (923, 929)
163: (930, 950)
42: (951, 986)
72: (0, 3)
195: (4, 32)
230: (33, 44)
16: (45, 68)
147: (69, 85)
56: (86, 129)
203: (130, 158)
218: (159, 176)
208: (177, 178)
71: (179, 209)
27: (210, 258)
47: (259, 304)
94: (305, 342)
12: (343, 352)
75: (353, 369)
61: (392, 395)
85: (396, 402)
173: (403, 428)
65: (429, 468)
144: (469, 499)
107: (500, 522)
68: (523, 541)
33: (542, 586)
90: (587, 614)
176: (615, 646)
4: (647, 668)
139: (669, 724)
249: (725, 776)
138: (777, 816)
156: (817, 866)
246: (867, 922)
161: (923, 929)
163: (930, 950)
42: (951, 986)
178: (370, 377)
13: (0, 0)
183: (0, 0)
167: (987, 1023)
103: (0, 0)
157: (0, 0)
198: (378, 385)
241: (386, 387)
145: (388, 390)
189: (0, 0)
196: (0, 0)
15: (0, 0)
112: (0, 0)
83: (0, 0)
92: (0, 0)
224: (0, 0)
109: (0, 0)
214: (0, 0)
234: (0, 0)
87: (0, 0)
179: (0, 0)
66: (0, 0)
26: (0, 0)
117: (0, 0)
232: (0, 0)
146: (0, 0)
140: (0, 0)
(388, 390)
18: (0, 0)
129: (0, 0)
244: (0, 0)
193: (0, 0)
206: (0, 0)
228: (0, 0)
19: (0, 0)
34: (0, 0)
23: (0, 0)
254: (0, 0)
53: (0, 0)
89: (0, 0)
(33, 44)
72: (0, 3)
195: (4, 32)
230: (33, 44)
16: (45, 68)
147: (69, 85)
56: (86, 129)
203: (130, 158)
218: (159, 176)
208: (177, 178)
71: (179, 209)
27: (210, 258)
47: (259, 304)
94: (305, 342)
12: (343, 352)
75: (353, 369)
178: (370, 377)
198: (378, 385)
241: (386, 387)
145: (388, 390)
61: (391, 394)
85: (395, 401)
173: (402, 427)
65: (428, 467)
144: (468, 498)
107: (499, 521)
68: (522, 540)
33: (541, 585)
90: (586, 613)
176: (614, 645)
4: (646, 667)
139: (668, 723)
249: (724, 775)
138: (776, 815)
156: (816, 865)
246: (866, 921)
161: (922, 928)
163: (929, 949)
42: (950, 985)
167: (986, 1022)
72: (0, 3)
195: (4, 32)
230: (33, 44)
16: (45, 68)
147: (69, 85)
56: (86, 129)
203: (130, 158)
218: (159, 176)
208: (177, 178)
71: (179, 209)
27: (210, 258)
47: (259, 304)
94: (305, 342)
12: (343, 352)
75: (353, 369)
178: (370, 377)
198: (378, 385)
241: (386, 387)
145: (388, 390)
61: (391, 394)
85: (395, 401)
173: (402, 427)
65: (428, 467)
144: (468, 498)
107: (499, 521)
68: (522, 540)
33: (541, 585)
90: (586, 613)
176: (614, 645)
4: (646, 667)
139: (668, 723)
249: (724, 775)
138: (776, 815)
156: (816, 865)
246: (866, 921)
161: (922, 928)
163: (929, 949)
42: (950, 985)
167: (986, 1022)
165: (0, 0)
14: (0, 0)
77: (0, 0)
124: (0, 0)
62: (0, 0)
32: (0, 0)
72: (0, 3)
195: (4, 32)
230: (33, 44)
16: (45, 68)
147: (69, 85)
56: (86, 129)
203: (130, 158)
218: (159, 176)
208: (177, 178)
71: (179, 209)
27: (210, 258)
47: (259, 304)
94: (305, 342)
12: (343, 352)
75: (353, 369)
178: (370, 377)
198: (378, 385)
241: (386, 387)
145: (388, 390)
61: (391, 394)
85: (395, 401)
173: (402, 427)
65: (428, 467)
144: (468, 498)
107: (499, 521)
68: (522, 540)
33: (541, 585)
90: (586, 613)
176: (614, 645)
4: (646, 667)
139: (668, 723)
249: (724, 775)
138: (776, 815)
156: (816, 865)
246: (866, 921)
161: (922, 928)
163: (929, 949)
42: (950, 985)
167: (986, 1022)
72: (0, 3)
195: (4, 32)
230: (33, 44)
16: (45, 68)
147: (69, 85)
56: (86, 129)
203: (130, 158)
218: (159, 176)
208: (177, 178)
71: (179, 209)
27: (210, 258)
47: (259, 304)
94: (305, 342)
12: (343, 352)
75: (353, 369)
178: (370, 377)
198: (378, 385)
241: (386, 387)
145: (388, 390)
61: (391, 394)
85: (395, 401)
173: (402, 427)
65: (428, 467)
144: (468, 498)
107: (499, 521)
68: (522, 540)
33: (541, 585)
90: (586, 613)
176: (614, 645)
4: (646, 667)
139: (668, 723)
249: (724, 775)
138: (776, 815)
156: (816, 865)
246: (866, 921)
161: (922, 928)
163: (929, 949)
42: (950, 985)
167: (986, 1022)
72: (0, 3)
195: (4, 32)
230: (33, 44)
16: (45, 68)
147: (69, 85)
56: (86, 129)
203: (130, 158)
218: (159, 176)
208: (177, 178)
71: (179, 209)
27: (210, 258)
47: (259, 304)
94: (305, 342)
12: (343, 352)
75: (353, 369)
178: (370, 377)
198: (378, 385)
241: (386, 387)
145: (388, 390)
61: (391, 394)
85: (395, 401)
173: (402, 427)
65: (428, 467)
144: (468, 498)
107: (499, 521)
68: (522, 540)
33: (541, 585)
90: (586, 613)
176: (614, 645)
4: (646, 667)
139: (668, 723)
249: (724, 775)
138: (776, 815)
156: (816, 865)
246: (866, 921)
161: (922, 928)
163: (929, 949)
42: (950, 985)
167: (986, 1022)
72: (0, 3)
195: (4, 32)
230: (33, 44)
16: (45, 68)
147: (69, 85)
56: (86, 129)
203: (130, 158)
218: (159, 176)
208: (177, 178)
71: (179, 209)
27: (210, 258)
47: (259, 304)
94: (305, 342)
12: (343, 352)
75: (353, 369)
178: (370, 377)
198: (378, 385)
241: (386, 387)
145: (388, 390)
61: (391, 394)
85: (395, 401)
173: (402, 427)
65: (428, 467)
144: (468, 498)
107: (499, 521)
68: (522, 540)
33: (541, 585)
90: (586, 613)
176: (614, 645)
4: (646, 667)
139: (668, 723)
249: (724, 775)
138: (776, 815)
156: (816, 865)
246: (866, 921)
161: (922, 928)
163: (929, 949)
42: (950, 985)
167: (986, 1022)
29: (0, 0)
30: (0, 0)
122: (0, 0)
43: (0, 0)
233: (0, 0)
39: (0, 0)
67: (0, 0)
149: (0, 0)
222: (0, 0)
186: (0, 0)
40: (0, 0)
255: (0, 0)
223: (0, 0)
175: (0, 0)
141: (0, 0)
37: (0, 0)
212: (0, 0)
(0, 0)
72: (0, 3)
195: (4, 32)
230: (33, 44)
16: (45, 68)
147: (69, 85)
56: (86, 129)
203: (130, 158)
218: (159, 176)
208: (177, 178)
71: (179, 209)
27: (210, 258)
47: (259, 304)
94: (305, 342)
12: (343, 352)
75: (353, 369)
178: (370, 377)
198: (378, 385)
241: (386, 387)
145: (388, 390)
61: (391, 394)
85: (395, 401)
173: (402, 427)
65: (428, 467)
144: (468, 498)
107: (499, 521)
68: (522, 540)
33: (541, 585)
90: (586, 613)
176: (614, 645)
4: (646, 667)
139: (668, 723)
249: (724, 775)
138: (776, 815)
156: (816, 865)
246: (866, 921)
161: (922, 928)
163: (929, 949)
42: (950, 985)
167: (986, 1022)
72: (0, 3)
195: (4, 32)
230: (33, 44)
16: (45, 68)
147: (69, 85)
56: (86, 129)
203: (130, 158)
218: (159, 176)
208: (177, 178)
71: (179, 209)
27: (210, 258)
47: (259, 304)
94: (305, 342)
12: (343, 352)
75: (353, 369)
178: (370, 377)
198: (378, 385)
241: (386, 387)
145: (388, 390)
61: (391, 394)
85: (395, 401)
173: (402, 427)
65: (428, 467)
144: (468, 498)
107: (499, 521)
68: (522, 540)
33: (541, 585)
90: (586, 613)
176: (614, 645)
4: (646, 667)
139: (668, 723)
249: (724, 775)
138: (776, 815)
156: (816, 865)
246: (866, 921)
161: (922, 928)
163: (929, 949)
42: (950, 985)
167: (986, 1022)
72: (0, 3)
195: (4, 32)
230: (33, 44)
16: (45, 68)
147: (69, 85)
56: (86, 129)
203: (130, 158)
218: (159, 176)
208: (177, 178)
71: (179, 209)
27: (210, 258)
47: (259, 304)
94: (305, 342)
12: (343, 352)
75: (353, 369)
178: (370, 377)
198: (378, 385)
241: (386, 387)
145: (388, 390)
61: (391, 394)
85: (395, 401)
173: (402, 427)
65: (428, 467)
144: (468, 498)
107: (499, 521)
68: (522, 540)
33: (541, 585)
90: (586, 613)
176: (614, 645)
4: (646, 667)
139: (668, 723)
249: (724, 775)
138: (776, 815)
156: (816, 865)
246: (866, 921)
161: (922, 928)
163: (929, 949)
42: (950, 985)
167: (986, 1022)
72: (0, 3)
195: (4, 32)
230: (33, 44)
16: (45, 68)
147: (69, 85)
56: (86, 129)
203: (130, 158)
218: (159, 176)
208: (177, 178)
71: (179, 209)
27: (210, 258)
47: (259, 304)
94: (305, 342)
12: (343, 352)
75: (353, 369)
178: (370, 377)
198: (378, 385)
241: (386, 387)
145: (388, 390)
61: (391, 394)
85: (395, 401)
173: (402, 427)
65: (428, 467)
144: (468, 498)
107: (499, 521)
68: (522, 540)
33: (541, 585)
90: (586, 613)
176: (614, 645)
4: (646, 667)
139: (668, 723)
249: (724, 775)
138: (776, 815)
156: (816, 865)
246: (866, 921)
161: (922, 928)
163: (929, 949)
42: (950, 985)
167: (986, 1022)
72: (0, 3)
195: (4, 32)
230: (33, 44)
16: (45, 68)
147: (69, 85)
56: (86, 129)
203: (130, 158)
218: (159, 176)
208: (177, 178)
71: (179, 209)
27: (210, 258)
47: (259, 304)
94: (305, 342)
12: (343, 352)
75: (353, 369)
178: (370, 377)
198: (378, 385)
241: (386, 387)
145: (388, 390)
61: (391, 394)
85: (395, 401)
173: (402, 427)
65: (428, 467)
144: (468, 498)
107: (499, 521)
68: (522, 540)
33: (541, 585)
90: (586, 613)
176: (614, 645)
4: (646, 667)
139: (668, 723)
249: (724, 775)
138: (776, 815)
156: (816, 865)
246: (866, 921)
161: (922, 928)
163: (929, 949)
42: (950, 985)
167: (986, 1022)
96: (0, 0)
220: (0, 0)
38: (0, 0)
158: (0, 0)
111: (0, 0)
95: (0, 0)
136: (0, 0)
153: (0, 0)
207: (0, 0)
76: (0, 0)
72: (0, 3)
195: (4, 32)
230: (33, 44)
16: (45, 68)
147: (69, 85)
56: (86, 129)
203: (130, 158)
218: (159, 176)
208: (177, 178)
71: (179, 209)
27: (210, 258)
47: (259, 304)
94: (305, 342)
12: (343, 352)
75: (353, 369)
178: (370, 377)
198: (378, 385)
241: (386, 387)
145: (388, 390)
61: (391, 394)
85: (395, 401)
173: (402, 427)
65: (428, 467)
144: (468, 498)
107: (499, 521)
68: (522, 540)
33: (541, 585)
90: (586, 613)
176: (614, 645)
4: (646, 667)
139: (668, 723)
249: (724, 775)
138: (776, 815)
156: (816, 865)
246: (866, 921)
161: (922, 928)
163: (929, 949)
42: (950, 985)
167: (986, 1022)
72: (0, 3)
195: (4, 32)
230: (33, 44)
16: (45, 68)
147: (69, 85)
56: (86, 129)
203: (130, 158)
218: (159, 176)
208: (177, 178)
71: (179, 209)
27: (210, 258)
47: (259, 304)
94: (305, 342)
12: (343, 352)
75: (353, 369)
178: (370, 377)
198: (378, 385)
241: (386, 387)
145: (388, 390)
61: (391, 394)
85: (395, 401)
173: (402, 427)
65: (428, 467)
144: (468, 498)
107: (499, 521)
68: (522, 540)
33: (541, 585)
90: (586, 613)
176: (614, 645)
4: (646, 667)
139: (668, 723)
249: (724, 775)
138: (776, 815)
156: (816, 865)
246: (866, 921)
161: (922, 928)
163: (929, 949)
42: (950, 985)
167: (986, 1022)
72: (0, 3)
195: (4, 32)
230: (33, 44)
16: (45, 68)
147: (69, 85)
56: (86, 129)
203: (130, 158)
218: (159, 176)
208: (177, 178)
71: (179, 209)
27: (210, 258)
47: (259, 304)
94: (305, 342)
12: (343, 352)
75: (353, 369)
178: (370, 377)
198: (378, 385)
241: (386, 387)
145: (388, 390)
61: (391, 394)
85: (395, 401)
173: (402, 427)
65: (428, 467)
144: (468, 498)
107: (499, 521)
68: (522, 540)
33: (541, 585)
90: (586, 613)
176: (614, 645)
4: (646, 667)
139: (668, 723)
249: (724, 775)
138: (776, 815)
156: (816, 865)
246: (866, 921)
161: (922, 928)
163: (929, 949)
42: (950, 985)
167: (986, 1022)
31: (0, 0)
100: (0, 0)
19: (0, 0)
238: (0, 0)
142: (0, 0)
127: (0, 0)
72: (0, 3)
195: (4, 32)
230: (33, 44)
16: (45, 68)
147: (69, 85)
56: (86, 129)
203: (130, 158)
218: (159, 176)
208: (177, 178)
71: (179, 209)
27: (210, 258)
47: (259, 304)
94: (305, 342)
12: (343, 352)
178: (370, 377)
198: (378, 385)
241: (386, 387)
145: (388, 390)
61: (391, 394)
85: (395, 401)
173: (402, 427)
65: (428, 467)
144: (468, 498)
107: (499, 521)
68: (522, 540)
33: (541, 585)
90: (586, 613)
176: (614, 645)
4: (646, 667)
139: (668, 723)
249: (724, 775)
138: (776, 815)
156: (816, 865)
246: (866, 921)
161: (922, 928)
163: (929, 949)
42: (950, 985)
167: (986, 1022)
154: (353, 361)
133: (0, 0)
60: (0, 0)
28: (0, 0)
239: (362, 369)
72: (0, 3)
195: (4, 32)
230: (33, 44)
16: (45, 68)
147: (69, 85)
56: (86, 129)
203: (130, 158)
218: (159, 176)
208: (177, 178)
71: (179, 209)
27: (210, 258)
47: (259, 304)
94: (305, 342)
12: (343, 352)
154: (353, 361)
239: (362, 369)
178: (370, 377)
198: (378, 385)
241: (386, 387)
145: (388, 390)
61: (391, 394)
85: (395, 401)
173: (402, 427)
65: (428, 467)
144: (468, 498)
107: (499, 521)
68: (522, 540)
33: (541, 585)
90: (586, 613)
4: (646, 667)
139: (668, 723)
249: (724, 775)
138: (776, 815)
156: (816, 865)
246: (866, 921)
161: (922, 928)
163: (929, 949)
42: (950, 985)
167: (986, 1022)
72: (0, 3)
195: (4, 32)
230: (33, 44)
16: (45, 68)
147: (69, 85)
56: (86, 129)
203: (130, 158)
218: (159, 176)
208: (177, 178)
71: (179, 209)
27: (210, 258)
47: (259, 304)
94: (305, 342)
12: (343, 352)
154: (353, 361)
239: (362, 369)
178: (370, 377)
198: (378, 385)
241: (386, 387)
145: (388, 390)
61: (391, 394)
85: (395, 401)
173: (402, 427)
65: (428, 467)
144: (468, 498)
107: (499, 521)
68: (522, 540)
33: (541, 585)
90: (586, 613)
4: (614, 635)
139: (636, 691)
249: (692, 743)
138: (744, 783)
156: (784, 833)
246: (834, 889)
161: (890, 896)
163: (897, 917)
42: (918, 953)
167: (954, 990)
(0, 0)
(541, 585)
72: (0, 3)
195: (4, 32)
230: (33, 44)
16: (45, 68)
147: (69, 85)
56: (86, 129)
203: (130, 158)
218: (159, 176)
208: (177, 178)
71: (179, 209)
27: (210, 258)
47: (259, 304)
94: (305, 342)
12: (343, 352)
154: (353, 361)
239: (362, 369)
178: (370, 377)
198: (378, 385)
241: (386, 387)
145: (388, 390)
61: (391, 394)
85: (395, 401)
173: (402, 427)
65: (428, 467)
144: (468, 498)
107: (499, 521)
68: (522, 540)
33: (541, 585)
90: (586, 613)
4: (614, 635)
139: (636, 691)
249: (692, 743)
138: (744, 783)
156: (784, 833)
246: (834, 889)
161: (890, 896)
163: (897, 917)
42: (918, 953)
167: (954, 990)
72: (0, 3)
195: (4, 32)
230: (33, 44)
16: (45, 68)
147: (69, 85)
56: (86, 129)
203: (130, 158)
218: (159, 176)
208: (177, 178)
71: (179, 209)
27: (210, 258)
47: (259, 304)
94: (305, 342)
12: (343, 352)
154: (353, 361)
239: (362, 369)
178: (370, 377)
198: (378, 385)
241: (386, 387)
145: (388, 390)
61: (391, 394)
85: (395, 401)
173: (402, 427)
65: (428, 467)
144: (468, 498)
107: (499, 521)
68: (522, 540)
33: (541, 585)
90: (586, 613)
4: (614, 635)
139: (636, 691)
249: (692, 743)
138: (744, 783)
156: (784, 833)
246: (834, 889)
161: (890, 896)
163: (897, 917)
42: (918, 953)
167: (954, 990)
72: (0, 3)
195: (4, 32)
230: (33, 44)
16: (45, 68)
147: (69, 85)
56: (86, 129)
203: (130, 158)
218: (159, 176)
208: (177, 178)
71: (179, 209)
27: (210, 258)
47: (259, 304)
94: (305, 342)
12: (343, 352)
154: (353, 361)
239: (362, 369)
178: (370, 377)
198: (378, 385)
241: (386, 387)
145: (388, 390)
61: (391, 394)
85: (395, 401)
173: (402, 427)
65: (428, 467)
144: (468, 498)
107: (499, 521)
68: (522, 540)
33: (541, 585)
90: (586, 613)
4: (614, 635)
139: (636, 691)
249: (692, 743)
138: (744, 783)
156: (784, 833)
246: (834, 889)
161: (890, 896)
163: (897, 917)
42: (918, 953)
167: (954, 990)
35: (0, 0)
51: (0, 0)
235: (0, 0)
215: (0, 0)
81: (991, 992)
72: (0, 3)
195: (4, 32)
230: (33, 44)
16: (45, 68)
147: (69, 85)
56: (86, 129)
203: (130, 158)
218: (159, 176)
208: (177, 178)
71: (179, 209)
27: (210, 258)
47: (259, 304)
94: (305, 342)
12: (343, 352)
154: (353, 361)
239: (362, 369)
178: (370, 377)
198: (378, 385)
241: (386, 387)
145: (388, 390)
61: (391, 394)
85: (395, 401)
173: (402, 427)
65: (428, 467)
144: (468, 498)
107: (499, 521)
68: (522, 540)
33: (541, 585)
90: (586, 613)
4: (614, 635)
139: (636, 691)
249: (692, 743)
138: (744, 783)
156: (784, 833)
246: (834, 889)
161: (890, 896)
163: (897, 917)
42: (918, 953)
167: (954, 990)
81: (991, 992)
72: (0, 3)
195: (4, 32)
230: (33, 44)
16: (45, 68)
147: (69, 85)
56: (86, 129)
203: (130, 158)
218: (159, 176)
208: (177, 178)
71: (179, 209)
27: (210, 258)
47: (259, 304)
94: (305, 342)
12: (343, 352)
154: (353, 361)
239: (362, 369)
178: (370, 377)
198: (378, 385)
241: (386, 387)
145: (388, 390)
61: (391, 394)
85: (395, 401)
173: (402, 427)
65: (428, 467)
144: (468, 498)
107: (499, 521)
68: (522, 540)
33: (541, 585)
90: (586, 613)
4: (614, 635)
139: (636, 691)
249: (692, 743)
138: (744, 783)
156: (784, 833)
246: (834, 889)
161: (890, 896)
163: (897, 917)
42: (918, 953)
167: (954, 990)
81: (991, 992)
227: (993, 1021)
226: (0, 0)
250: (0, 0)
99: (0, 0)
21: (0, 0)
20: (0, 0)
72: (0, 3)
195: (4, 32)
230: (33, 44)
16: (45, 68)
147: (69, 85)
56: (86, 129)
203: (130, 158)
218: (159, 176)
208: (177, 178)
71: (179, 209)
27: (210, 258)
47: (259, 304)
94: (305, 342)
12: (343, 352)
154: (353, 361)
239: (362, 369)
178: (370, 377)
198: (378, 385)
241: (386, 387)
145: (388, 390)
61: (391, 394)
85: (395, 401)
173: (402, 427)
65: (428, 467)
144: (468, 498)
107: (499, 521)
68: (522, 540)
33: (541, 585)
90: (586, 613)
4: (614, 635)
139: (636, 691)
249: (692, 743)
138: (744, 783)
156: (784, 833)
246: (834, 889)
161: (890, 896)
163: (897, 917)
42: (918, 953)
167: (954, 990)
81: (991, 992)
227: (993, 1021)
72: (0, 3)
195: (4, 32)
230: (33, 44)
147: (69, 85)
56: (86, 129)
203: (130, 158)
218: (159, 176)
208: (177, 178)
71: (179, 209)
27: (210, 258)
47: (259, 304)
94: (305, 342)
12: (343, 352)
154: (353, 361)
239: (362, 369)
178: (370, 377)
198: (378, 385)
241: (386, 387)
145: (388, 390)
61: (391, 394)
85: (395, 401)
173: (402, 427)
65: (428, 467)
144: (468, 498)
107: (499, 521)
68: (522, 540)
33: (541, 585)
90: (586, 613)
4: (614, 635)
139: (636, 691)
249: (692, 743)
138: (744, 783)
156: (784, 833)
246: (834, 889)
161: (890, 896)
163: (897, 917)
42: (918, 953)
167: (954, 990)
81: (991, 992)
227: (993, 1021)
(0, 0)
72: (0, 3)
195: (4, 32)
230: (33, 44)
147: (45, 61)
56: (62, 105)
203: (106, 134)
218: (135, 152)
208: (153, 154)
71: (155, 185)
27: (186, 234)
47: (235, 280)
94: (281, 318)
12: (319, 328)
154: (329, 337)
239: (338, 345)
178: (346, 353)
198: (354, 361)
241: (362, 363)
145: (364, 366)
61: (367, 370)
85: (371, 377)
173: (378, 403)
65: (404, 443)
144: (444, 474)
107: (475, 497)
68: (498, 516)
33: (517, 561)
90: (562, 589)
4: (590, 611)
139: (612, 667)
249: (668, 719)
138: (720, 759)
156: (760, 809)
246: (810, 865)
161: (866, 872)
163: (873, 893)
42: (894, 929)
167: (930, 966)
81: (967, 968)
227: (969, 997)
(0, 0)
74: (0, 0)
70: (0, 0)
9: (998, 1021)
177: (0, 0)
120: (0, 0)
126: (0, 0)
252: (0, 0)
236: (0, 0)
75: (0, 0)
105: (0, 0)
58: (0, 0)
106: (0, 0)
5: (0, 0)
72: (0, 3)
195: (4, 32)
230: (33, 44)
147: (45, 61)
56: (62, 105)
203: (106, 134)
218: (135, 152)
208: (153, 154)
71: (155, 185)
27: (186, 234)
47: (235, 280)
94: (281, 318)
12: (319, 328)
154: (329, 337)
239: (338, 345)
178: (346, 353)
198: (354, 361)
241: (362, 363)
145: (364, 366)
61: (367, 370)
85: (371, 377)
173: (378, 403)
65: (404, 443)
144: (444, 474)
107: (475, 497)
68: (498, 516)
33: (517, 561)
90: (562, 589)
4: (590, 611)
139: (612, 667)
249: (668, 719)
138: (720, 759)
156: (760, 809)
246: (810, 865)
161: (866, 872)
163: (873, 893)
42: (894, 929)
167: (930, 966)
81: (967, 968)
227: (969, 997)
9: (998, 1021)
72: (0, 3)
195: (4, 32)
230: (33, 44)
147: (45, 61)
56: (62, 105)
203: (106, 134)
218: (135, 152)
208: (153, 154)
71: (155, 185)
27: (186, 234)
47: (235, 280)
94: (281, 318)
12: (319, 328)
154: (329, 337)
239: (338, 345)
178: (346, 353)
198: (354, 361)
241: (362, 363)
145: (364, 366)
61: (367, 370)
85: (371, 377)
173: (378, 403)
65: (404, 443)
144: (444, 474)
107: (475, 497)
68: (498, 516)
33: (517, 561)
90: (562, 589)
4: (590, 611)
139: (612, 667)
249: (668, 719)
138: (720, 759)
156: (760, 809)
246: (810, 865)
161: (866, 872)
163: (873, 893)
42: (894, 929)
167: (930, 966)
81: (967, 968)
227: (969, 997)
9: (998, 1021)
72: (0, 3)
195: (4, 32)
230: (33, 44)
147: (45, 61)
56: (62, 105)
203: (106, 134)
218: (135, 152)
208: (153, 154)
71: (155, 185)
27: (186, 234)
47: (235, 280)
94: (281, 318)
12: (319, 328)
154: (329, 337)
239: (338, 345)
178: (346, 353)
198: (354, 361)
241: (362, 363)
145: (364, 366)
61: (367, 370)
85: (371, 377)
173: (378, 403)
65: (404, 443)
144: (444, 474)
107: (475, 497)
68: (498, 516)
33: (517, 561)
90: (562, 589)
4: (590, 611)
139: (612, 667)
249: (668, 719)
138: (720, 759)
156: (760, 809)
246: (810, 865)
161: (866, 872)
163: (873, 893)
42: (894, 929)
167: (930, 966)
81: (967, 968)
227: (969, 997)
9: (998, 1021)
72: (0, 3)
195: (4, 32)
230: (33, 44)
147: (45, 61)
56: (62, 105)
203: (106, 134)
218: (135, 152)
208: (153, 154)
71: (155, 185)
27: (186, 234)
47: (235, 280)
94: (281, 318)
12: (319, 328)
154: (329, 337)
239: (338, 345)
178: (346, 353)
198: (354, 361)
241: (362, 363)
145: (364, 366)
61: (367, 370)
85: (371, 377)
173: (378, 403)
65: (404, 443)
144: (444, 474)
107: (475, 497)
68: (498, 516)
33: (517, 561)
90: (562, 589)
4: (590, 611)
139: (612, 667)
249: (668, 719)
138: (720, 759)
156: (760, 809)
246: (810, 865)
161: (866, 872)
163: (873, 893)
42: (894, 929)
167: (930, 966)
81: (967, 968)
227: (969, 997)
9: (998, 1021)
129: (0, 0)
64: (0, 0)
194: (0, 0)
11: (0, 0)
48: (0, 0)
24: (0, 0)
119: (0, 0)
187: (0, 0)
201: (0, 0)
168: (0, 0)
49: (0, 0)
22: (0, 0)
149: (0, 0)
1: (0, 0)
46: (0, 0)
72: (0, 3)
195: (4, 32)
230: (33, 44)
147: (45, 61)
56: (62, 105)
203: (106, 134)
218: (135, 152)
208: (153, 154)
71: (155, 185)
27: (186, 234)
47: (235, 280)
94: (281, 318)
12: (319, 328)
154: (329, 337)
239: (338, 345)
178: (346, 353)
198: (354, 361)
241: (362, 363)
145: (364, 366)
61: (367, 370)
85: (371, 377)
173: (378, 403)
65: (404, 443)
144: (444, 474)
107: (475, 497)
68: (498, 516)
33: (517, 561)
90: (562, 589)
4: (590, 611)
139: (612, 667)
249: (668, 719)
138: (720, 759)
156: (760, 809)
246: (810, 865)
161: (866, 872)
163: (873, 893)
42: (894, 929)
167: (930, 966)
81: (967, 968)
227: (969, 997)
9: (998, 1021)
57: (0, 0)
205: (0, 0)
216: (0, 0)
150: (0, 0)
180: (0, 0)
131: (0, 0)
(0, 0)
72: (0, 3)
195: (4, 32)
230: (33, 44)
147: (45, 61)
56: (62, 105)
203: (106, 134)
218: (135, 152)
208: (153, 154)
71: (155, 185)
27: (186, 234)
47: (235, 280)
94: (281, 318)
12: (319, 328)
154: (329, 337)
239: (338, 345)
178: (346, 353)
198: (354, 361)
241: (362, 363)
145: (364, 366)
61: (367, 370)
85: (371, 377)
173: (378, 403)
144: (444, 474)
107: (475, 497)
68: (498, 516)
33: (517, 561)
90: (562, 589)
4: (590, 611)
139: (612, 667)
249: (668, 719)
138: (720, 759)
156: (760, 809)
246: (810, 865)
161: (866, 872)
163: (873, 893)
42: (894, 929)
167: (930, 966)
81: (967, 968)
227: (969, 997)
9: (998, 1021)
72: (0, 3)
195: (4, 32)
230: (33, 44)
147: (45, 61)
56: (62, 105)
203: (106, 134)
218: (135, 152)
208: (153, 154)
71: (155, 185)
27: (186, 234)
47: (235, 280)
94: (281, 318)
12: (319, 328)
154: (329, 337)
239: (338, 345)
178: (346, 353)
198: (354, 361)
241: (362, 363)
145: (364, 366)
61: (367, 370)
85: (371, 377)
173: (378, 403)
144: (444, 474)
107: (475, 497)
68: (498, 516)
33: (517, 561)
90: (562, 589)
4: (590, 611)
139: (612, 667)
249: (668, 719)
138: (720, 759)
156: (760, 809)
246: (810, 865)
161: (866, 872)
163: (873, 893)
42: (894, 929)
167: (930, 966)
81: (967, 968)
227: (969, 997)
9: (998, 1021)
72: (0, 3)
195: (4, 32)
230: (33, 44)
147: (45, 61)
56: (62, 105)
203: (106, 134)
218: (135, 152)
208: (153, 154)
71: (155, 185)
27: (186, 234)
47: (235, 280)
94: (281, 318)
12: (319, 328)
154: (329, 337)
239: (338, 345)
178: (346, 353)
198: (354, 361)
241: (362, 363)
145: (364, 366)
61: (367, 370)
85: (371, 377)
173: (378, 403)
144: (404, 434)
107: (435, 457)
68: (458, 476)
33: (477, 521)
90: (522, 549)
4: (550, 571)
139: (572, 627)
249: (628, 679)
138: (680, 719)
156: (720, 769)
246: (770, 825)
161: (826, 832)
163: (833, 853)
42: (854, 889)
167: (890, 926)
81: (927, 928)
227: (929, 957)
9: (958, 981)
30: (0, 0)
72: (0, 3)
195: (4, 32)
230: (33, 44)
56: (62, 105)
203: (106, 134)
218: (135, 152)
208: (153, 154)
71: (155, 185)
27: (186, 234)
47: (235, 280)
94: (281, 318)
12: (319, 328)
154: (329, 337)
239: (338, 345)
178: (346, 353)
198: (354, 361)
241: (362, 363)
145: (364, 366)
61: (367, 370)
85: (371, 377)
173: (378, 403)
144: (404, 434)
107: (435, 457)
68: (458, 476)
33: (477, 521)
90: (522, 549)
4: (550, 571)
139: (572, 627)
249: (628, 679)
138: (680, 719)
156: (720, 769)
246: (770, 825)
161: (826, 832)
163: (833, 853)
42: (854, 889)
167: (890, 926)
81: (927, 928)
227: (929, 957)
9: (958, 981)
