100: ((0, 0), (0, 923))
101: ((1, 0), (1, 927))
99: ((2, 0), (2, 925))
55: ((0, 924), (0, 931))
41: ((3, 0), (3, 101))
42: ((2, 926), (2, 1023))
43: ((3, 102), (3, 201))
39: ((3, 202), (3, 299))
38: ((1, 928), (1, 1022))
12: ((0, 932), (0, 933))
15: ((0, 934), (0, 935))
16: ((0, 936), (0, 937))
2: ((3, 300), (3, 554))
1: ((0, 938), (0, 953))
254: ((4, 0), (4, 1023))
255: ((5, 0), (5, 1023))
5: ((0, 0), (0, 0))
6: ((0, 0), (0, 0))
7: ((0, 0), (0, 0))
71: ((0, 954), (0, 955))
72: ((0, 956), (0, 957))
73: ((0, 958), (0, 959))
