142: ((0, 0), (0, 0))
235: ((0, 0), (0, 756))
238: ((1, 0), (1, 864))
31: ((2, 0), (2, 509))
93: ((3, 0), (3, 832))
113: ((4, 0), (4, 625))
207: ((5, 0), (5, 970))
39: ((0, 757), (0, 898))
172: ((6, 0), (6, 834))
165: ((7, 0), (7, 997))
151: ((8, 0), (8, 872))
48: ((9, 0), (9, 926))
51: ((2, 510), (2, 782))
101: ((10, 0), (10, 670))
240: ((4, 626), (4, 965))
167: ((1, 865), (1, 1007))
50: ((11, 0), (11, 395))
177: ((2, 783), (2, 935))
213: ((10, 671), (10, 988))
217: ((12, 0), (12, 881))
233: ((0, 0), (0, 0))
221: ((11, 396), (11, 657))
16: ((13, 0), (13, 388))
228: ((14, 0), (14, 934))
88: ((0, 899), (0, 906))
86: ((15, 0), (15, 723))
74: ((11, 658), (11, 968))
149: ((16, 0), (16, 718))
10: ((17, 0), (17, 902))
137: ((13, 389), (13, 587))
121: ((18, 0), (18, 709))
227: ((19, 0), (19, 555))
212: ((20, 0), (20, 631))
4: ((13, 588), (13, 793))
249: ((21, 0), (21, 754))
89: ((22, 0), (22, 531))
229: ((23, 0), (23, 841))
3: ((13, 794), (13, 1019))
62: ((0, 907), (0, 915))
1: ((15, 724), (15, 986))
47: ((24, 0), (24, 905))
19: ((19, 556), (19, 969))
29: ((0, 916), (0, 953))
85: ((22, 532), (22, 1015))
155: ((3, 833), (3, 996))
131: ((0, 954), (0, 1010))
246: ((25, 0), (25, 792))
17: ((20, 632), (20, 946))
60: ((16, 719), (16, 959))
176: ((26, 0), (26, 906))
126: ((27, 0), (27, 424))
224: ((27, 425), (27, 779))
11: ((28, 0), (28, 534))
69: ((29, 0), (29, 518))
70: ((2, 936), (2, 964))
64: ((30, 0), (30, 819))
148: ((18, 710), (18, 933))
203: ((31, 0), (31, 762))
242: ((32, 0), (32, 607))
206: ((6, 835), (6, 982))
201: ((0, 0), (0, 0))
77: ((33, 0), (33, 891))
253: ((8, 873), (8, 1000))
54: ((12, 882), (12, 982))
108: ((0, 0), (0, 0))
105: ((34, 0), (34, 576))
140: ((35, 0), (35, 672))
76: ((21, 755), (21, 885))
122: ((36, 0), (36, 797))
24: ((0, 0), (0, 0))
166: ((37, 0), (37, 799))
192: ((38, 0), (38, 570))
141: ((39, 0), (39, 856))
12: ((40, 0), (40, 764))
245: ((27, 780), (27, 1014))
205: ((17, 903), (17, 1018))
107: ((28, 535), (28, 1004))
156: ((29, 519), (29, 860))
102: ((0, 0), (0, 0))
150: ((25, 793), (25, 1010))
32: ((41, 0), (41, 506))
6: ((2, 965), (2, 1011))
46: ((1, 1008), (1, 1023))
34: ((32, 608), (32, 940))
95: ((34, 577), (34, 978))
61: ((0, 0), (0, 0))
197: ((38, 571), (38, 998))
129: ((31, 763), (31, 976))
42: ((42, 0), (42, 832))
218: ((35, 673), (35, 929))
13: ((0, 1011), (0, 1023))
153: ((43, 0), (43, 714))
241: ((44, 0), (44, 600))
49: ((2, 1012), (2, 1021))
157: ((45, 0), (45, 831))
174: ((30, 820), (30, 1002))
226: ((46, 0), (46, 618))
37: ((47, 0), (47, 905))
9: ((48, 0), (48, 572))
117: ((49, 0), (49, 931))
112: ((50, 0), (50, 798))
65: ((23, 842), (23, 1023))
116: ((51, 0), (51, 1019))
204: ((3, 997), (3, 1013))
198: ((52, 0), (52, 628))
25: ((53, 0), (53, 868))
103: ((54, 0), (54, 1023))
36: ((40, 765), (40, 1017))
56: ((55, 0), (55, 743))
67: ((56, 0), (56, 733))
159: ((36, 798), (36, 986))
237: ((57, 0), (57, 780))
239: ((58, 0), (58, 922))
132: ((4, 966), (4, 1003))
63: ((41, 507), (41, 802))
183: ((59, 0), (59, 905))
214: ((29, 861), (29, 1013))
209: ((43, 715), (43, 1005))
22: ((44, 601), (44, 941))
144: ((46, 619), (46, 859))
2: ((60, 0), (60, 574))
72: ((37, 800), (37, 973))
202: ((61, 0), (61, 574))
220: ((48, 573), (48, 875))
128: ((41, 803), (41, 991))
104: ((52, 629), (52, 870))
21: ((62, 0), (62, 499))
73: ((9, 927), (9, 1015))
58: ((21, 886), (21, 998))
57: ((60, 575), (60, 878))
234: ((5, 971), (5, 992))
134: ((18, 934), (18, 1023))
196: ((0, 0), (0, 0))
35: ((63, 0), (63, 816))
158: ((61, 575), (61, 963))
80: ((62, 500), (62, 1022))
219: ((64, 0), (64, 629))
82: ((50, 799), (50, 1022))
178: ((65, 0), (65, 778))
247: ((0, 0), (0, 0))
147: ((0, 0), (0, 0))
118: ((39, 857), (39, 1016))
81: ((66, 0), (66, 703))
210: ((64, 630), (64, 925))
71: ((67, 0), (67, 877))
164: ((14, 935), (14, 1003))
248: ((68, 0), (68, 580))
139: ((66, 704), (66, 997))
38: ((0, 0), (0, 0))
236: ((69, 0), (69, 702))
135: ((6, 983), (6, 1019))
171: ((70, 0), (70, 829))
138: ((71, 0), (71, 795))
193: ((3, 1014), (3, 1017))
188: ((55, 744), (55, 1013))
68: ((56, 734), (56, 1016))
114: ((68, 581), (68, 864))
200: ((72, 0), (72, 391))
231: ((57, 781), (57, 987))
181: ((73, 0), (73, 785))
244: ((69, 703), (69, 1002))
191: ((72, 392), (72, 804))
152: ((33, 892), (33, 1020))
45: ((74, 0), (74, 967))
27: ((75, 0), (75, 682))
106: ((76, 0), (76, 414))
124: ((24, 906), (24, 1016))
169: ((77, 0), (77, 656))
83: ((75, 683), (75, 952))
115: ((65, 779), (65, 990))
216: ((78, 0), (78, 982))
254: ((76, 415), (76, 854))
30: ((42, 833), (42, 993))
208: ((79, 0), (79, 601))
111: ((79, 602), (79, 999))
28: ((80, 0), (80, 614))
136: ((81, 0), (81, 882))
195: ((82, 0), (82, 575))
44: ((77, 657), (77, 1008))
99: ((83, 0), (83, 572))
175: ((45, 832), (45, 994))
43: ((80, 615), (80, 924))
41: ((0, 0), (0, 0))
232: ((84, 0), (84, 676))
14: ((85, 0), (85, 624))
5: ((10, 989), (10, 1023))
110: ((86, 0), (86, 685))
179: ((0, 0), (0, 0))
215: ((87, 0), (87, 715))
182: ((88, 0), (88, 858))
26: ((89, 0), (89, 982))
230: ((90, 0), (90, 471))
225: ((91, 0), (91, 721))
243: ((92, 0), (92, 636))
94: ((0, 0), (0, 0))
143: ((46, 860), (46, 992))
223: ((93, 0), (93, 559))
96: ((94, 0), (94, 621))
222: ((71, 796), (71, 1006))
189: ((82, 576), (82, 979))
75: ((0, 0), (0, 0))
53: ((95, 0), (95, 641))
98: ((0, 0), (0, 0))
187: ((96, 0), (96, 903))
173: ((90, 472), (90, 983))
52: ((97, 0), (97, 684))
123: ((98, 0), (98, 930))
119: ((83, 573), (83, 858))
145: ((99, 0), (99, 989))
186: ((100, 0), (100, 560))
15: ((101, 0), (101, 648))
84: ((102, 0), (102, 946))
97: ((93, 560), (93, 997))
40: ((103, 0), (103, 615))
184: ((5, 993), (5, 1023))
78: ((0, 0), (0, 0))
91: ((63, 817), (63, 1022))
133: ((100, 561), (100, 1003))
162: ((0, 0), (0, 0))
161: ((26, 907), (26, 1016))
79: ((104, 0), (104, 645))
33: ((105, 0), (105, 769))
20: ((16, 960), (16, 1017))
