44: ((0, 0), (0, 890))
144: ((1, 0), (1, 669))
145: ((2, 0), (2, 672))
63: ((3, 0), (3, 969))
167: ((1, 670), (1, 867))
208: ((4, 0), (4, 507))
93: ((5, 0), (5, 540))
251: ((4, 508), (4, 875))
174: ((6, 0), (6, 922))
105: ((0, 891), (0, 947))
237: ((2, 673), (2, 933))
131: ((7, 0), (7, 932))
57: ((8, 0), (8, 832))
61: ((1, 868), (1, 987))
42: ((9, 0), (9, 865))
184: ((10, 0), (10, 957))
149: ((11, 0), (11, 814))
70: ((5, 541), (5, 827))
220: ((12, 0), (12, 752))
104: ((0, 0), (0, 0))
200: ((13, 0), (13, 443))
137: ((13, 444), (13, 764))
3: ((0, 0), (0, 0))
113: ((14, 0), (14, 643))
11: ((15, 0), (15, 910))
95: ((14, 644), (14, 964))
23: ((16, 0), (16, 412))
132: ((16, 413), (16, 999))
109: ((0, 0), (0, 0))
248: ((17, 0), (17, 312))
212: ((17, 313), (17, 978))
73: ((18, 0), (18, 372))
156: ((19, 0), (19, 968))
118: ((18, 373), (18, 948))
148: ((20, 0), (20, 407))
159: ((20, 408), (20, 908))
119: ((21, 0), (21, 739))
84: ((22, 0), (22, 588))
222: ((12, 753), (12, 977))
203: ((0, 948), (0, 962))
253: ((23, 0), (23, 850))
242: ((22, 589), (22, 1020))
71: ((24, 0), (24, 748))
164: ((25, 0), (25, 824))
78: ((13, 765), (13, 1006))
5: ((5, 828), (5, 1010))
121: ((26, 0), (26, 689))
139: ((27, 0), (27, 1014))
115: ((21, 740), (21, 1006))
112: ((26, 690), (26, 983))
19: ((0, 0), (0, 0))
123: ((28, 0), (28, 764))
130: ((29, 0), (29, 1013))
190: ((4, 876), (4, 975))
249: ((30, 0), (30, 961))
38: ((31, 0), (31, 979))
255: ((32, 0), (32, 853))
158: ((24, 749), (24, 962))
102: ((33, 0), (33, 860))
209: ((34, 0), (34, 954))
15: ((35, 0), (35, 418))
216: ((36, 0), (36, 847))
117: ((37, 0), (37, 926))
207: ((38, 0), (38, 754))
31: ((0, 0), (0, 0))
46: ((35, 419), (35, 784))
193: ((39, 0), (39, 880))
4: ((40, 0), (40, 677))
135: ((0, 963), (0, 1019))
101: ((6, 923), (6, 1023))
172: ((38, 755), (38, 1019))
129: ((41, 0), (41, 862))
214: ((42, 0), (42, 805))
162: ((43, 0), (43, 958))
28: ((44, 0), (44, 673))
230: ((45, 0), (45, 550))
55: ((46, 0), (46, 918))
91: ((8, 833), (8, 1019))
88: ((45, 551), (45, 941))
64: ((47, 0), (47, 585))
245: ((40, 678), (40, 975))
20: ((9, 866), (9, 1019))
53: ((48, 0), (48, 997))
185: ((49, 0), (49, 766))
68: ((0, 0), (0, 0))
59: ((44, 674), (44, 1011))
6: ((47, 586), (47, 949))
202: ((50, 0), (50, 632))
161: ((51, 0), (51, 751))
34: ((52, 0), (52, 871))
79: ((50, 633), (50, 974))
199: ((28, 765), (28, 991))
147: ((53, 0), (53, 824))
126: ((54, 0), (54, 934))
229: ((2, 934), (2, 986))
39: ((55, 0), (55, 683))
16: ((56, 0), (56, 1007))
247: ((0, 1020), (0, 1023))
25: ((57, 0), (57, 499))
2: ((11, 815), (11, 997))
181: ((58, 0), (58, 615))
14: ((55, 684), (55, 993))
21: ((57, 500), (57, 828))
51: ((0, 0), (0, 0))
138: ((15, 911), (15, 1021))
154: ((59, 0), (59, 441))
194: ((35, 785), (35, 1007))
226: ((59, 442), (59, 991))
111: ((7, 933), (7, 996))
81: ((60, 0), (60, 898))
24: ((61, 0), (61, 748))
140: ((62, 0), (62, 939))
153: ((63, 0), (63, 516))
108: ((58, 616), (58, 916))
232: ((63, 517), (63, 911))
182: ((1, 988), (1, 1003))
134: ((64, 0), (64, 291))
92: ((65, 0), (65, 879))
187: ((64, 292), (64, 746))
58: ((66, 0), (66, 618))
241: ((67, 0), (67, 436))
7: ((25, 825), (25, 1004))
125: ((67, 437), (67, 977))
170: ((2, 987), (2, 1018))
86: ((23, 851), (23, 966))
30: ((66, 619), (66, 943))
219: ((68, 0), (68, 906))
198: ((69, 0), (69, 955))
240: ((70, 0), (70, 615))
82: ((71, 0), (71, 492))
77: ((42, 806), (42, 1018))
201: ((20, 909), (20, 1019))
100: ((70, 616), (70, 905))
40: ((72, 0), (72, 919))
90: ((3, 970), (3, 1010))
37: ((71, 493), (71, 832))
99: ((51, 752), (51, 1021))
127: ((32, 854), (32, 1002))
13: ((0, 0), (0, 0))
165: ((73, 0), (73, 319))
69: ((49, 767), (49, 998))
136: ((73, 320), (73, 627))
224: ((73, 628), (73, 914))
173: ((74, 0), (74, 928))
195: ((61, 749), (61, 1016))
176: ((64, 747), (64, 1009))
17: ((75, 0), (75, 928))
225: ((53, 825), (53, 1022))
218: ((76, 0), (76, 711))
74: ((77, 0), (77, 834))
186: ((78, 0), (78, 623))
211: ((33, 861), (33, 967))
8: ((79, 0), (79, 838))
75: ((80, 0), (80, 521))
26: ((81, 0), (81, 546))
246: ((80, 522), (80, 1008))
43: ((81, 547), (81, 1005))
146: ((4, 976), (4, 998))
116: ((78, 624), (78, 977))
233: ((10, 958), (10, 989))
183: ((82, 0), (82, 483))
83: ((36, 848), (36, 999))
168: ((83, 0), (83, 1015))
179: ((41, 863), (41, 1011))
250: ((84, 0), (84, 556))
103: ((85, 0), (85, 788))
191: ((86, 0), (86, 777))
175: ((87, 0), (87, 745))
56: ((82, 484), (82, 866))
239: ((76, 712), (76, 978))
47: ((84, 557), (84, 902))
18: ((88, 0), (88, 609))
66: ((88, 610), (88, 965))
97: ((0, 0), (0, 0))
45: ((85, 789), (85, 990))
254: ((89, 0), (89, 602))
228: ((0, 0), (0, 0))
189: ((4, 999), (4, 1023))
238: ((90, 0), (90, 830))
196: ((0, 0), (0, 0))
151: ((89, 603), (89, 943))
157: ((1, 1004), (1, 1017))
32: ((39, 881), (39, 1006))
114: ((91, 0), (91, 739))
210: ((37, 927), (37, 1003))
54: ((92, 0), (92, 680))
36: ((0, 0), (0, 0))
96: ((93, 0), (93, 928))
27: ((52, 872), (52, 992))
98: ((0, 0), (0, 0))
236: ((92, 681), (92, 987))
169: ((18, 949), (18, 1020))
12: ((94, 0), (94, 291))
166: ((94, 292), (94, 610))
163: ((95, 0), (95, 577))
180: ((0, 0), (0, 0))
235: ((87, 746), (87, 1000))
49: ((96, 0), (96, 523))
41: ((45, 942), (45, 1015))
150: ((97, 0), (97, 1023))
188: ((57, 829), (57, 1014))
67: ((86, 778), (86, 972))
120: ((98, 0), (98, 850))
197: ((99, 0), (99, 872))
215: ((100, 0), (100, 995))
76: ((101, 0), (101, 538))
62: ((94, 611), (94, 981))
94: ((102, 0), (102, 567))
223: ((96, 524), (96, 1016))
155: ((103, 0), (103, 801))
85: ((95, 578), (95, 941))
178: ((101, 539), (101, 934))
243: ((104, 0), (104, 926))
22: ((105, 0), (105, 1000))
221: ((102, 568), (102, 900))
87: ((106, 0), (106, 356))
160: ((0, 0), (0, 0))
177: ((107, 0), (107, 1017))
217: ((91, 740), (91, 958))
65: ((46, 919), (46, 1011))
133: ((106, 357), (106, 711))
48: ((108, 0), (108, 578))
152: ((109, 0), (109, 590))
192: ((108, 579), (108, 896))
