97: ((0, 0), (0, 813))
202: ((1, 0), (1, 493))
176: ((2, 0), (2, 989))
250: ((3, 0), (3, 690))
23: ((1, 494), (1, 954))
85: ((4, 0), (4, 435))
95: ((0, 0), (0, 0))
226: ((3, 691), (3, 963))
66: ((5, 0), (5, 674))
60: ((0, 0), (0, 0))
237: ((6, 0), (6, 933))
105: ((4, 436), (4, 754))
53: ((7, 0), (7, 842))
189: ((8, 0), (8, 512))
214: ((9, 0), (9, 581))
193: ((10, 0), (10, 677))
197: ((5, 675), (5, 945))
32: ((0, 0), (0, 0))
159: ((11, 0), (11, 933))
120: ((12, 0), (12, 696))
71: ((13, 0), (13, 604))
87: ((14, 0), (14, 736))
231: ((4, 755), (4, 1000))
6: ((8, 513), (8, 865))
79: ((0, 814), (0, 955))
136: ((9, 582), (9, 931))
30: ((0, 0), (0, 0))
173: ((10, 678), (10, 938))
153: ((6, 934), (6, 1022))
28: ((15, 0), (15, 459))
228: ((7, 843), (7, 968))
118: ((16, 0), (16, 987))
90: ((0, 956), (0, 985))
131: ((17, 0), (17, 985))
98: ((0, 986), (0, 999))
187: ((15, 460), (15, 980))
209: ((18, 0), (18, 629))
111: ((13, 605), (13, 982))
18: ((19, 0), (19, 871))
116: ((20, 0), (20, 751))
31: ((21, 0), (21, 588))
249: ((22, 0), (22, 924))
27: ((0, 0), (0, 0))
135: ((23, 0), (23, 540))
59: ((24, 0), (24, 551))
170: ((12, 697), (12, 919))
125: ((23, 541), (23, 988))
134: ((25, 0), (25, 674))
119: ((26, 0), (26, 713))
130: ((27, 0), (27, 491))
138: ((1, 955), (1, 1017))
2: ((28, 0), (28, 596))
58: ((0, 0), (0, 0))
82: ((29, 0), (29, 1016))
164: ((0, 0), (0, 0))
110: ((30, 0), (30, 635))
29: ((31, 0), (31, 581))
56: ((18, 630), (18, 944))
74: ((32, 0), (32, 984))
96: ((8, 866), (8, 955))
72: ((33, 0), (33, 908))
142: ((21, 589), (21, 878))
210: ((0, 1000), (0, 1012))
47: ((0, 0), (0, 0))
212: ((34, 0), (34, 673))
91: ((24, 552), (24, 864))
253: ((35, 0), (35, 857))
128: ((36, 0), (36, 962))
39: ((27, 492), (27, 885))
157: ((14, 737), (14, 868))
12: ((20, 752), (20, 1003))
38: ((25, 675), (25, 852))
101: ((37, 0), (37, 914))
36: ((14, 869), (14, 1016))
124: ((26, 714), (26, 892))
22: ((38, 0), (38, 930))
156: ((39, 0), (39, 501))
223: ((40, 0), (40, 602))
40: ((2, 990), (2, 1005))
113: ((28, 597), (28, 946))
241: ((41, 0), (41, 928))
235: ((0, 0), (0, 0))
254: ((42, 0), (42, 745))
151: ((43, 0), (43, 564))
183: ((19, 872), (19, 1023))
86: ((0, 0), (0, 0))
13: ((44, 0), (44, 943))
203: ((45, 0), (45, 628))
81: ((21, 879), (21, 994))
172: ((2, 1006), (2, 1017))
140: ((0, 0), (0, 0))
62: ((31, 582), (31, 990))
61: ((30, 636), (30, 996))
45: ((34, 674), (34, 884))
26: ((39, 502), (39, 832))
252: ((43, 565), (43, 991))
224: ((46, 0), (46, 690))
179: ((40, 603), (40, 1012))
188: ((45, 629), (45, 925))
65: ((47, 0), (47, 389))
143: ((48, 0), (48, 935))
3: ((39, 833), (39, 1005))
150: ((49, 0), (49, 861))
213: ((50, 0), (50, 882))
88: ((42, 746), (42, 1007))
234: ((51, 0), (51, 917))
154: ((47, 390), (47, 962))
50: ((52, 0), (52, 821))
184: ((53, 0), (53, 706))
25: ((54, 0), (54, 669))
182: ((55, 0), (55, 761))
211: ((56, 0), (56, 939))
233: ((57, 0), (57, 694))
114: ((3, 964), (3, 997))
115: ((0, 0), (0, 0))
160: ((0, 0), (0, 0))
208: ((46, 691), (46, 893))
191: ((58, 0), (58, 495))
7: ((53, 707), (53, 979))
8: ((0, 0), (0, 0))
186: ((59, 0), (59, 902))
43: ((58, 496), (58, 897))
5: ((9, 932), (9, 1018))
218: ((60, 0), (60, 551))
109: ((60, 552), (60, 997))
34: ((61, 0), (61, 656))
55: ((62, 0), (62, 521))
37: ((54, 670), (54, 986))
244: ((63, 0), (63, 602))
242: ((64, 0), (64, 528))
133: ((65, 0), (65, 695))
199: ((66, 0), (66, 547))
41: ((62, 522), (62, 992))
42: ((67, 0), (67, 612))
35: ((64, 529), (64, 997))
192: ((68, 0), (68, 960))
185: ((69, 0), (69, 651))
152: ((55, 762), (55, 1010))
163: ((0, 0), (0, 0))
92: ((70, 0), (70, 549))
195: ((71, 0), (71, 701))
206: ((57, 695), (57, 925))
236: ((61, 657), (61, 939))
102: ((72, 0), (72, 1021))
16: ((73, 0), (73, 717))
201: ((74, 0), (74, 934))
75: ((63, 603), (63, 1022))
222: ((75, 0), (75, 941))
68: ((76, 0), (76, 660))
64: ((77, 0), (77, 512))
198: ((78, 0), (78, 593))
80: ((79, 0), (79, 784))
219: ((0, 0), (0, 0))
93: ((80, 0), (80, 566))
24: ((81, 0), (81, 764))
20: ((82, 0), (82, 684))
121: ((52, 822), (52, 996))
175: ((66, 548), (66, 886))
129: ((67, 613), (67, 997))
83: ((25, 853), (25, 1017))
147: ((0, 0), (0, 0))
44: ((65, 696), (65, 869))
248: ((83, 0), (83, 965))
144: ((24, 865), (24, 1007))
200: ((0, 0), (0, 0))
166: ((35, 858), (35, 1010))
70: ((69, 652), (69, 987))
76: ((70, 550), (70, 884))
148: ((84, 0), (84, 742))
99: ((71, 702), (71, 897))
94: ((49, 862), (49, 1003))
155: ((0, 0), (0, 0))
205: ((85, 0), (85, 702))
9: ((73, 718), (73, 920))
4: ((86, 0), (86, 680))
240: ((87, 0), (87, 991))
33: ((77, 513), (77, 968))
229: ((88, 0), (88, 964))
100: ((78, 594), (78, 960))
167: ((0, 0), (0, 0))
14: ((80, 567), (80, 978))
84: ((89, 0), (89, 962))
122: ((90, 0), (90, 561))
132: ((91, 0), (91, 812))
255: ((76, 661), (76, 989))
162: ((92, 0), (92, 518))
10: ((5, 946), (5, 1012))
1: ((93, 0), (93, 845))
89: ((94, 0), (94, 586))
49: ((7, 969), (7, 997))
181: ((8, 956), (8, 984))
243: ((95, 0), (95, 913))
245: ((96, 0), (96, 613))
106: ((97, 0), (97, 781))
169: ((98, 0), (98, 733))
196: ((0, 0), (0, 0))
103: ((82, 685), (82, 964))
168: ((8, 985), (8, 1014))
78: ((99, 0), (99, 962))
67: ((100, 0), (100, 555))
63: ((79, 785), (79, 1002))
145: ((90, 562), (90, 1019))
221: ((26, 893), (26, 1014))
112: ((27, 886), (27, 998))
17: ((101, 0), (101, 711))
178: ((102, 0), (102, 1016))
46: ((81, 765), (81, 929))
247: ((103, 0), (103, 769))
227: ((86, 681), (86, 1021))
52: ((104, 0), (104, 665))
19: ((105, 0), (105, 879))
77: ((92, 519), (92, 957))
158: ((106, 0), (106, 496))
194: ((107, 0), (107, 539))
239: ((94, 587), (94, 961))
15: ((108, 0), (108, 924))
217: ((109, 0), (109, 614))
141: ((110, 0), (110, 733))
146: ((111, 0), (111, 794))
123: ((112, 0), (112, 823))
215: ((113, 0), (113, 854))
220: ((96, 614), (96, 1022))
149: ((100, 556), (100, 990))
104: ((114, 0), (114, 937))
230: ((115, 0), (115, 1000))
126: ((106, 497), (106, 929))
225: ((116, 0), (116, 562))
137: ((117, 0), (117, 876))
73: ((118, 0), (118, 921))
238: ((0, 0), (0, 0))
21: ((119, 0), (119, 879))
