11: (0, 1023)
12: (0, 0)
11: (0, 1023)
11: (0, 1023)
12: (0, 1)
21: (0, 49)
22: (50, 99)
23: (100, 149)
22: (50, 99)
23: (100, 149)
22: (50, 99)
31: (100, 199)
32: (200, 262)
33: (263, 315)
34: (316, 366)
35: (0, 49)
22: (50, 99)
31: (100, 199)
32: (200, 262)
33: (263, 315)
34: (316, 366)
41: (0, 24)
42: (367, 392)
41: (0, 24)
22: (50, 99)
31: (100, 199)
32: (200, 262)
34: (316, 366)
42: (367, 392)
