86: (0, 23)
72: (24, 47)
34: (48, 67)
86: (0, 23)
34: (48, 67)
86: (0, 23)
98: (0, 57)
133: (58, 87)
80: (88, 95)
98: (0, 57)
133: (58, 87)
98: (0, 57)
176: (0, 7)
116: (8, 56)
176: (0, 7)
150: (8, 54)
75: (55, 73)
172: (74, 89)
185: (90, 146)
94: (147, 188)
179: (189, 238)
93: (239, 246)
89: (247, 297)
178: (298, 350)
176: (0, 7)
150: (8, 54)
75: (55, 73)
172: (74, 89)
94: (147, 188)
179: (189, 238)
93: (239, 246)
89: (247, 297)
178: (298, 350)
122: (90, 132)
224: (133, 141)
176: (0, 7)
150: (8, 54)
75: (55, 73)
172: (74, 89)
122: (90, 132)
94: (147, 188)
179: (189, 238)
93: (239, 246)
89: (247, 297)
178: (298, 350)
176: (0, 7)
150: (8, 54)
75: (55, 73)
172: (74, 89)
122: (90, 132)
94: (147, 188)
179: (189, 238)
89: (247, 297)
178: (298, 350)
250: (133, 135)
191: (351, 399)
126: (400, 417)
3: (418, 472)
163: (473, 508)
109: (509, 523)
30: (524, 561)
1: (562, 610)
54: (611, 636)
143: (637, 698)
188: (699, 734)
150: (8, 54)
75: (55, 73)
172: (74, 89)
122: (90, 132)
250: (133, 135)
94: (147, 188)
179: (189, 238)
89: (247, 297)
178: (298, 350)
191: (351, 399)
126: (400, 417)
3: (418, 472)
163: (473, 508)
109: (509, 523)
30: (524, 561)
1: (562, 610)
54: (611, 636)
143: (637, 698)
188: (699, 734)
150: (8, 54)
75: (55, 73)
172: (74, 89)
122: (90, 132)
250: (133, 135)
94: (147, 188)
179: (189, 238)
89: (247, 297)
178: (298, 350)
191: (351, 399)
126: (400, 417)
163: (473, 508)
109: (509, 523)
30: (524, 561)
1: (562, 610)
54: (611, 636)
143: (637, 698)
188: (699, 734)
201: (418, 458)
45: (459, 471)
151: (0, 7)
13: (735, 765)
151: (0, 7)
150: (8, 54)
75: (55, 73)
172: (74, 89)
122: (90, 132)
250: (133, 135)
94: (147, 188)
89: (247, 297)
178: (298, 350)
191: (351, 399)
126: (400, 417)
201: (418, 458)
45: (459, 471)
163: (473, 508)
109: (509, 523)
30: (524, 561)
1: (562, 610)
54: (611, 636)
143: (637, 698)
188: (699, 734)
13: (735, 765)
151: (0, 7)
75: (55, 73)
172: (74, 89)
122: (90, 132)
250: (133, 135)
94: (147, 188)
89: (247, 297)
178: (298, 350)
191: (351, 399)
126: (400, 417)
201: (418, 458)
45: (459, 471)
163: (473, 508)
109: (509, 523)
30: (524, 561)
1: (562, 610)
54: (611, 636)
143: (637, 698)
188: (699, 734)
13: (735, 765)
151: (0, 7)
75: (55, 73)
172: (74, 89)
122: (90, 132)
250: (133, 135)
94: (147, 188)
89: (247, 297)
178: (298, 350)
191: (351, 399)
126: (400, 417)
201: (418, 458)
45: (459, 471)
163: (473, 508)
109: (509, 523)
30: (524, 561)
1: (562, 610)
54: (611, 636)
188: (699, 734)
13: (735, 765)
205: (8, 54)
138: (189, 236)
23: (637, 676)
239: (766, 797)
84: (798, 859)
149: (136, 140)
161: (141, 145)
196: (860, 918)
66: (919, 964)
246: (237, 242)
151: (0, 7)
205: (8, 54)
75: (55, 73)
172: (74, 89)
122: (90, 132)
250: (133, 135)
149: (136, 140)
161: (141, 145)
94: (147, 188)
138: (189, 236)
246: (237, 242)
89: (247, 297)
178: (298, 350)
126: (400, 417)
201: (418, 458)
45: (459, 471)
163: (473, 508)
109: (509, 523)
30: (524, 561)
1: (562, 610)
54: (611, 636)
23: (637, 676)
188: (699, 734)
13: (735, 765)
239: (766, 797)
84: (798, 859)
196: (860, 918)
66: (919, 964)
151: (0, 7)
205: (8, 54)
75: (55, 73)
172: (74, 89)
122: (90, 132)
250: (133, 135)
149: (136, 140)
161: (141, 145)
94: (147, 188)
138: (189, 236)
246: (237, 242)
178: (298, 350)
126: (400, 417)
201: (418, 458)
45: (459, 471)
163: (473, 508)
109: (509, 523)
30: (524, 561)
1: (562, 610)
54: (611, 636)
23: (637, 676)
188: (699, 734)
13: (735, 765)
239: (766, 797)
84: (798, 859)
196: (860, 918)
66: (919, 964)
151: (0, 7)
205: (8, 54)
75: (55, 73)
172: (74, 89)
122: (90, 132)
250: (133, 135)
149: (136, 140)
161: (141, 145)
94: (147, 188)
138: (189, 236)
246: (237, 242)
178: (298, 350)
126: (400, 417)
201: (418, 458)
45: (459, 471)
163: (473, 508)
109: (509, 523)
30: (524, 561)
1: (562, 610)
54: (611, 636)
188: (699, 734)
13: (735, 765)
239: (766, 797)
84: (798, 859)
196: (860, 918)
66: (919, 964)
151: (0, 7)
205: (8, 54)
75: (55, 73)
172: (74, 89)
122: (90, 132)
250: (133, 135)
149: (136, 140)
161: (141, 145)
94: (147, 188)
246: (237, 242)
178: (298, 350)
126: (400, 417)
201: (418, 458)
45: (459, 471)
163: (473, 508)
109: (509, 523)
30: (524, 561)
1: (562, 610)
54: (611, 636)
188: (699, 734)
13: (735, 765)
239: (766, 797)
84: (798, 859)
196: (860, 918)
66: (919, 964)
252: (189, 220)
143: (243, 263)
193: (264, 287)
70: (351, 370)
50: (637, 673)
133: (221, 226)
140: (371, 389)
151: (0, 7)
205: (8, 54)
75: (55, 73)
172: (74, 89)
122: (90, 132)
250: (133, 135)
149: (136, 140)
161: (141, 145)
94: (147, 188)
252: (189, 220)
133: (221, 226)
246: (237, 242)
143: (243, 263)
193: (264, 287)
178: (298, 350)
70: (351, 370)
140: (371, 389)
126: (400, 417)
201: (418, 458)
45: (459, 471)
163: (473, 508)
109: (509, 523)
30: (524, 561)
1: (562, 610)
54: (611, 636)
188: (699, 734)
13: (735, 765)
239: (766, 797)
84: (798, 859)
196: (860, 918)
66: (919, 964)
104: (637, 666)
213: (667, 677)
59: (678, 688)
78: (965, 990)
173: (0, 0)
11: (0, 0)
190: (0, 0)
170: (0, 0)
156: (991, 1008)
219: (0, 0)
208: (0, 0)
151: (0, 7)
205: (8, 54)
75: (55, 73)
172: (74, 89)
122: (90, 132)
250: (133, 135)
149: (136, 140)
161: (141, 145)
94: (147, 188)
252: (189, 220)
133: (221, 226)
246: (237, 242)
143: (243, 263)
178: (298, 350)
70: (351, 370)
140: (371, 389)
126: (400, 417)
201: (418, 458)
45: (459, 471)
163: (473, 508)
109: (509, 523)
30: (524, 561)
1: (562, 610)
54: (611, 636)
104: (637, 666)
213: (667, 677)
59: (678, 688)
188: (699, 734)
13: (735, 765)
239: (766, 797)
84: (798, 859)
196: (860, 918)
66: (919, 964)
78: (965, 990)
156: (991, 1008)
151: (0, 7)
205: (8, 54)
75: (55, 73)
172: (74, 89)
122: (90, 132)
250: (133, 135)
149: (136, 140)
161: (141, 145)
94: (147, 188)
252: (189, 220)
133: (221, 226)
246: (237, 242)
143: (243, 263)
178: (298, 350)
70: (351, 370)
140: (371, 389)
126: (400, 417)
201: (418, 458)
45: (459, 471)
163: (473, 508)
109: (509, 523)
30: (524, 561)
54: (611, 636)
104: (637, 666)
213: (667, 677)
59: (678, 688)
188: (699, 734)
13: (735, 765)
239: (766, 797)
84: (798, 859)
196: (860, 918)
66: (919, 964)
78: (965, 990)
156: (991, 1008)
151: (0, 7)
205: (8, 54)
75: (55, 73)
172: (74, 89)
122: (90, 132)
250: (133, 135)
149: (136, 140)
161: (141, 145)
252: (189, 220)
133: (221, 226)
246: (237, 242)
143: (243, 263)
178: (298, 350)
70: (351, 370)
140: (371, 389)
126: (400, 417)
201: (418, 458)
45: (459, 471)
163: (473, 508)
109: (509, 523)
30: (524, 561)
54: (611, 636)
104: (637, 666)
213: (667, 677)
59: (678, 688)
188: (699, 734)
13: (735, 765)
239: (766, 797)
84: (798, 859)
196: (860, 918)
66: (919, 964)
78: (965, 990)
156: (991, 1008)
151: (0, 7)
205: (8, 54)
75: (55, 73)
172: (74, 89)
122: (90, 132)
250: (133, 135)
149: (136, 140)
161: (141, 145)
252: (189, 220)
133: (221, 226)
246: (237, 242)
143: (243, 263)
178: (298, 350)
70: (351, 370)
126: (400, 417)
201: (418, 458)
45: (459, 471)
163: (473, 508)
109: (509, 523)
30: (524, 561)
54: (611, 636)
104: (637, 666)
213: (667, 677)
59: (678, 688)
188: (699, 734)
13: (735, 765)
239: (766, 797)
84: (798, 859)
196: (860, 918)
66: (919, 964)
78: (965, 990)
156: (991, 1008)
108: (146, 170)
90: (0, 0)
39: (562, 597)
3: (0, 0)
151: (0, 7)
205: (8, 54)
75: (55, 73)
172: (74, 89)
122: (90, 132)
250: (133, 135)
149: (136, 140)
161: (141, 145)
108: (146, 170)
252: (189, 220)
133: (221, 226)
246: (237, 242)
143: (243, 263)
178: (298, 350)
70: (351, 370)
126: (400, 417)
201: (418, 458)
45: (459, 471)
163: (473, 508)
109: (509, 523)
30: (524, 561)
39: (562, 597)
54: (611, 636)
104: (637, 666)
213: (667, 677)
59: (678, 688)
188: (699, 734)
13: (735, 765)
239: (766, 797)
84: (798, 859)
196: (860, 918)
66: (919, 964)
78: (965, 990)
