36: (0, 49)
216: (50, 106)
44: (107, 114)
240: (115, 150)
183: (151, 197)
36: (0, 49)
44: (107, 114)
240: (115, 150)
183: (151, 197)
106: (50, 69)
238: (198, 255)
110: (70, 89)
79: (256, 303)
18: (304, 342)
35: (343, 370)
53: (371, 409)
116: (90, 93)
216: (410, 468)
192: (469, 514)
133: (515, 535)
58: (536, 594)
70: (595, 646)
205: (647, 683)
36: (0, 49)
110: (70, 89)
116: (90, 93)
44: (107, 114)
240: (115, 150)
183: (151, 197)
238: (198, 255)
79: (256, 303)
18: (304, 342)
35: (343, 370)
53: (371, 409)
216: (410, 468)
192: (469, 514)
133: (515, 535)
58: (536, 594)
70: (595, 646)
205: (647, 683)
36: (0, 49)
110: (70, 89)
116: (90, 93)
44: (107, 114)
183: (151, 197)
238: (198, 255)
79: (256, 303)
18: (304, 342)
35: (343, 370)
53: (371, 409)
216: (410, 468)
192: (469, 514)
133: (515, 535)
58: (536, 594)
70: (595, 646)
205: (647, 683)
4: (50, 66)
232: (684, 735)
254: (115, 132)
163: (736, 791)
154: (792, 853)
136: (94, 101)
36: (0, 49)
4: (50, 66)
110: (70, 89)
116: (90, 93)
136: (94, 101)
44: (107, 114)
254: (115, 132)
183: (151, 197)
238: (198, 255)
79: (256, 303)
18: (304, 342)
35: (343, 370)
53: (371, 409)
216: (410, 468)
192: (469, 514)
133: (515, 535)
58: (536, 594)
70: (595, 646)
205: (647, 683)
163: (736, 791)
154: (792, 853)
222: (854, 909)
130: (684, 705)
139: (910, 959)
62: (960, 999)
55: (67, 69)
248: (0, 0)
239: (133, 142)
3: (706, 719)
34: (0, 0)
36: (0, 49)
4: (50, 66)
55: (67, 69)
110: (70, 89)
116: (90, 93)
136: (94, 101)
44: (107, 114)
254: (115, 132)
239: (133, 142)
183: (151, 197)
238: (198, 255)
79: (256, 303)
18: (304, 342)
35: (343, 370)
53: (371, 409)
216: (410, 468)
192: (469, 514)
133: (515, 535)
70: (595, 646)
205: (647, 683)
130: (684, 705)
3: (706, 719)
163: (736, 791)
154: (792, 853)
222: (854, 909)
139: (910, 959)
62: (960, 999)
24: (536, 562)
149: (563, 591)
114: (1000, 1023)
244: (0, 0)
47: (0, 0)
221: (0, 0)
152: (720, 733)
36: (0, 49)
4: (50, 66)
110: (70, 89)
116: (90, 93)
136: (94, 101)
44: (107, 114)
254: (115, 132)
239: (133, 142)
183: (151, 197)
238: (198, 255)
79: (256, 303)
18: (304, 342)
35: (343, 370)
53: (371, 409)
216: (410, 468)
192: (469, 514)
133: (515, 535)
24: (536, 562)
149: (563, 591)
70: (595, 646)
205: (647, 683)
130: (684, 705)
3: (706, 719)
152: (720, 733)
163: (736, 791)
154: (792, 853)
222: (854, 909)
139: (910, 959)
62: (960, 999)
114: (1000, 1023)
36: (0, 49)
4: (50, 66)
110: (70, 89)
116: (90, 93)
136: (94, 101)
44: (107, 114)
254: (115, 132)
239: (133, 142)
183: (151, 197)
238: (198, 255)
79: (256, 303)
18: (304, 342)
35: (343, 370)
53: (371, 409)
216: (410, 468)
192: (469, 514)
133: (515, 535)
24: (536, 562)
149: (563, 591)
70: (595, 646)
205: (647, 683)
130: (684, 705)
3: (706, 719)
152: (720, 733)
163: (736, 791)
222: (854, 909)
139: (910, 959)
62: (960, 999)
114: (1000, 1023)
36: (0, 49)
4: (50, 66)
110: (70, 89)
116: (90, 93)
136: (94, 101)
44: (107, 114)
254: (115, 132)
239: (133, 142)
183: (151, 197)
79: (256, 303)
18: (304, 342)
35: (343, 370)
53: (371, 409)
216: (410, 468)
192: (469, 514)
133: (515, 535)
24: (536, 562)
149: (563, 591)
70: (595, 646)
205: (647, 683)
130: (684, 705)
3: (706, 719)
152: (720, 733)
163: (736, 791)
222: (854, 909)
139: (910, 959)
62: (960, 999)
114: (1000, 1023)
36: (0, 49)
4: (50, 66)
110: (70, 89)
116: (90, 93)
136: (94, 101)
44: (107, 114)
254: (115, 132)
239: (133, 142)
183: (151, 197)
79: (256, 303)
18: (304, 342)
35: (343, 370)
53: (371, 409)
216: (410, 468)
192: (469, 514)
133: (515, 535)
24: (536, 562)
149: (563, 591)
70: (595, 646)
205: (647, 683)
130: (684, 705)
3: (706, 719)
163: (736, 791)
222: (854, 909)
139: (910, 959)
62: (960, 999)
114: (1000, 1023)
242: (198, 209)
220: (210, 254)
36: (0, 49)
4: (50, 66)
110: (70, 89)
116: (90, 93)
136: (94, 101)
44: (107, 114)
254: (115, 132)
239: (133, 142)
183: (151, 197)
242: (198, 209)
220: (210, 254)
79: (256, 303)
18: (304, 342)
35: (343, 370)
53: (371, 409)
216: (410, 468)
192: (469, 514)
133: (515, 535)
24: (536, 562)
149: (563, 591)
70: (595, 646)
205: (647, 683)
130: (684, 705)
3: (706, 719)
222: (854, 909)
139: (910, 959)
62: (960, 999)
114: (1000, 1023)
36: (0, 49)
4: (50, 66)
110: (70, 89)
116: (90, 93)
136: (94, 101)
44: (107, 114)
254: (115, 132)
239: (133, 142)
183: (151, 197)
242: (198, 209)
220: (210, 254)
79: (256, 303)
18: (304, 342)
35: (343, 370)
216: (410, 468)
192: (469, 514)
133: (515, 535)
24: (536, 562)
149: (563, 591)
70: (595, 646)
205: (647, 683)
130: (684, 705)
3: (706, 719)
222: (854, 909)
139: (910, 959)
62: (960, 999)
114: (1000, 1023)
162: (371, 392)
88: (720, 780)
232: (143, 150)
203: (781, 842)
36: (0, 49)
4: (50, 66)
110: (70, 89)
116: (90, 93)
136: (94, 101)
44: (107, 114)
254: (115, 132)
239: (133, 142)
232: (143, 150)
242: (198, 209)
220: (210, 254)
79: (256, 303)
18: (304, 342)
35: (343, 370)
162: (371, 392)
216: (410, 468)
192: (469, 514)
133: (515, 535)
24: (536, 562)
149: (563, 591)
70: (595, 646)
205: (647, 683)
130: (684, 705)
3: (706, 719)
88: (720, 780)
203: (781, 842)
222: (854, 909)
139: (910, 959)
62: (960, 999)
114: (1000, 1023)
126: (151, 176)
86: (0, 0)
63: (177, 197)
168: (0, 0)
173: (0, 0)
112: (0, 0)
68: (0, 0)
72: (0, 0)
23: (0, 0)
48: (0, 0)
30: (0, 0)
36: (0, 49)
4: (50, 66)
110: (70, 89)
116: (90, 93)
136: (94, 101)
44: (107, 114)
254: (115, 132)
239: (133, 142)
232: (143, 150)
126: (151, 176)
63: (177, 197)
242: (198, 209)
79: (256, 303)
18: (304, 342)
35: (343, 370)
162: (371, 392)
216: (410, 468)
192: (469, 514)
133: (515, 535)
24: (536, 562)
149: (563, 591)
70: (595, 646)
205: (647, 683)
130: (684, 705)
3: (706, 719)
88: (720, 780)
203: (781, 842)
222: (854, 909)
139: (910, 959)
62: (960, 999)
114: (1000, 1023)
36: (0, 49)
4: (50, 66)
110: (70, 89)
116: (90, 93)
136: (94, 101)
44: (107, 114)
254: (115, 132)
239: (133, 142)
232: (143, 150)
126: (151, 176)
63: (177, 197)
242: (198, 209)
79: (256, 303)
18: (304, 342)
35: (343, 370)
162: (371, 392)
216: (410, 468)
192: (469, 514)
133: (515, 535)
24: (536, 562)
149: (563, 591)
70: (595, 646)
205: (647, 683)
130: (684, 705)
3: (706, 719)
88: (720, 780)
203: (781, 842)
222: (854, 909)
139: (910, 959)
62: (960, 999)
114: (1000, 1023)
36: (0, 49)
4: (50, 66)
110: (70, 89)
116: (90, 93)
136: (94, 101)
44: (107, 114)
254: (115, 132)
239: (133, 142)
232: (143, 150)
126: (151, 176)
63: (177, 197)
242: (198, 209)
79: (256, 303)
18: (304, 342)
35: (343, 370)
162: (371, 392)
216: (410, 468)
192: (469, 514)
133: (515, 535)
24: (536, 562)
149: (563, 591)
70: (595, 646)
205: (647, 683)
130: (684, 705)
3: (706, 719)
88: (720, 780)
203: (781, 842)
222: (854, 909)
139: (910, 959)
62: (960, 999)
114: (1000, 1023)
36: (0, 49)
4: (50, 66)
110: (70, 89)
116: (90, 93)
136: (94, 101)
44: (107, 114)
254: (115, 132)
239: (133, 142)
232: (143, 150)
126: (151, 176)
63: (177, 197)
242: (198, 209)
79: (256, 303)
18: (304, 342)
35: (343, 370)
162: (371, 392)
192: (469, 514)
133: (515, 535)
24: (536, 562)
149: (563, 591)
70: (595, 646)
205: (647, 683)
130: (684, 705)
3: (706, 719)
88: (720, 780)
203: (781, 842)
222: (854, 909)
139: (910, 959)
62: (960, 999)
114: (1000, 1023)
32: (210, 245)
143: (393, 418)
8: (419, 462)
193: (0, 0)
29: (0, 0)
175: (0, 0)
129: (0, 0)
233: (0, 0)
109: (0, 0)
92: (0, 0)
90: (0, 0)
207: (0, 0)
163: (0, 0)
104: (0, 0)
179: (0, 0)
36: (0, 49)
4: (50, 66)
110: (70, 89)
116: (90, 93)
136: (94, 101)
44: (107, 114)
254: (115, 132)
239: (133, 142)
232: (143, 150)
126: (151, 176)
63: (177, 197)
242: (198, 209)
32: (210, 245)
18: (304, 342)
35: (343, 370)
162: (371, 392)
143: (393, 418)
8: (419, 462)
192: (469, 514)
133: (515, 535)
24: (536, 562)
149: (563, 591)
70: (595, 646)
205: (647, 683)
130: (684, 705)
3: (706, 719)
88: (720, 780)
203: (781, 842)
222: (854, 909)
139: (910, 959)
62: (960, 999)
114: (1000, 1023)
36: (0, 49)
4: (50, 66)
116: (90, 93)
136: (94, 101)
44: (107, 114)
254: (115, 132)
239: (133, 142)
232: (143, 150)
126: (151, 176)
63: (177, 197)
242: (198, 209)
32: (210, 245)
18: (304, 342)
35: (343, 370)
162: (371, 392)
143: (393, 418)
8: (419, 462)
192: (469, 514)
133: (515, 535)
24: (536, 562)
149: (563, 591)
70: (595, 646)
205: (647, 683)
130: (684, 705)
3: (706, 719)
88: (720, 780)
203: (781, 842)
222: (854, 909)
139: (910, 959)
62: (960, 999)
114: (1000, 1023)
36: (0, 49)
4: (50, 66)
116: (90, 93)
136: (94, 101)
44: (107, 114)
254: (115, 132)
239: (133, 142)
232: (143, 150)
126: (151, 176)
63: (177, 197)
242: (198, 209)
32: (210, 245)
18: (304, 342)
35: (343, 370)
162: (371, 392)
143: (393, 418)
8: (419, 462)
192: (469, 514)
133: (515, 535)
24: (536, 562)
149: (563, 591)
70: (595, 646)
205: (647, 683)
130: (684, 705)
3: (706, 719)
88: (720, 780)
203: (781, 842)
222: (854, 909)
139: (910, 959)
62: (960, 999)
114: (1000, 1023)
236: (246, 302)
79: (0, 0)
251: (0, 0)
118: (67, 86)
231: (0, 0)
97: (0, 0)
91: (0, 0)
36: (0, 49)
4: (50, 66)
118: (67, 86)
116: (90, 93)
136: (94, 101)
44: (107, 114)
254: (115, 132)
239: (133, 142)
232: (143, 150)
126: (151, 176)
63: (177, 197)
242: (198, 209)
32: (210, 245)
236: (246, 302)
18: (304, 342)
35: (343, 370)
162: (371, 392)
143: (393, 418)
8: (419, 462)
192: (469, 514)
133: (515, 535)
24: (536, 562)
149: (563, 591)
70: (595, 646)
205: (647, 683)
130: (684, 705)
3: (706, 719)
88: (720, 780)
203: (781, 842)
222: (854, 909)
139: (910, 959)
62: (960, 999)
114: (1000, 1023)
36: (0, 49)
4: (50, 66)
118: (67, 86)
116: (90, 93)
136: (94, 101)
44: (107, 114)
254: (115, 132)
239: (133, 142)
232: (143, 150)
126: (151, 176)
63: (177, 197)
242: (198, 209)
32: (210, 245)
236: (246, 302)
18: (304, 342)
35: (343, 370)
162: (371, 392)
143: (393, 418)
8: (419, 462)
192: (469, 514)
133: (515, 535)
24: (536, 562)
149: (563, 591)
70: (595, 646)
205: (647, 683)
130: (684, 705)
3: (706, 719)
88: (720, 780)
203: (781, 842)
222: (854, 909)
139: (910, 959)
62: (960, 999)
114: (1000, 1023)
14: (0, 0)
111: (0, 0)
154: (0, 0)
42: (0, 0)
33: (0, 0)
156: (0, 0)
36: (0, 49)
4: (50, 66)
118: (67, 86)
116: (90, 93)
136: (94, 101)
44: (107, 114)
254: (115, 132)
239: (133, 142)
232: (143, 150)
63: (177, 197)
242: (198, 209)
32: (210, 245)
236: (246, 302)
18: (304, 342)
35: (343, 370)
162: (371, 392)
143: (393, 418)
8: (419, 462)
192: (469, 514)
133: (515, 535)
24: (536, 562)
149: (563, 591)
70: (595, 646)
205: (647, 683)
130: (684, 705)
3: (706, 719)
88: (720, 780)
203: (781, 842)
222: (854, 909)
139: (910, 959)
62: (960, 999)
114: (1000, 1023)
36: (0, 49)
4: (50, 66)
118: (67, 86)
116: (90, 93)
136: (94, 101)
44: (107, 114)
254: (115, 132)
239: (133, 142)
232: (143, 150)
63: (177, 197)
242: (198, 209)
32: (210, 245)
236: (246, 302)
18: (304, 342)
162: (371, 392)
143: (393, 418)
8: (419, 462)
192: (469, 514)
133: (515, 535)
24: (536, 562)
149: (563, 591)
70: (595, 646)
205: (647, 683)
130: (684, 705)
3: (706, 719)
88: (720, 780)
203: (781, 842)
222: (854, 909)
139: (910, 959)
62: (960, 999)
114: (1000, 1023)
36: (0, 49)
118: (67, 86)
116: (90, 93)
136: (94, 101)
44: (107, 114)
254: (115, 132)
239: (133, 142)
232: (143, 150)
63: (177, 197)
242: (198, 209)
32: (210, 245)
236: (246, 302)
18: (304, 342)
162: (371, 392)
143: (393, 418)
8: (419, 462)
192: (469, 514)
133: (515, 535)
24: (536, 562)
149: (563, 591)
70: (595, 646)
205: (647, 683)
130: (684, 705)
3: (706, 719)
88: (720, 780)
203: (781, 842)
222: (854, 909)
139: (910, 959)
62: (960, 999)
114: (1000, 1023)
