11: (0, 1)
13: (2, 3)
12: (4, 5)
14: (6, 7)
17: (8, 10)
18: (11, 20)
1: (21, 114)
255: (115, 118)
254: (119, 123)
2: (124, 186)
29: (187, 199)
41: (0, 0)
42: (0, 0)
43: (0, 0)
44: (0, 0)
45: (0, 0)
46: (0, 0)
47: (0, 0)
48: (200, 1023)
49: (0, 0)
51: (0, 0)
52: (0, 0)
54: (0, 0)
