10: ((0, 0), (0, 99))
11: ((0, 100), (0, 139))
12: ((0, 140), (0, 189))
13: ((0, 190), (0, 239))
14: ((0, 240), (0, 289))
((0, 100), (0, 139))
10: ((0, 0), (0, 99))
12: ((0, 140), (0, 189))
13: ((0, 190), (0, 239))
14: ((0, 240), (0, 289))
10: ((0, 0), (0, 99))
12: ((0, 140), (0, 189))
14: ((0, 240), (0, 289))
((0, 0), (0, 0))
10: ((0, 0), (0, 99))
12: ((0, 140), (0, 189))
14: ((0, 240), (0, 289))
11: ((0, 100), (0, 139))
((0, 100), (0, 139))
10: ((0, 0), (0, 99))
12: ((0, 140), (0, 189))
14: ((0, 240), (0, 289))
((0, 0), (0, 0))
10: ((0, 0), (0, 99))
12: ((0, 140), (0, 189))
14: ((0, 240), (0, 289))
21: ((0, 290), (0, 344))
22: ((0, 345), (0, 395))
23: ((0, 190), (0, 234))
24: ((0, 100), (0, 139))
25: ((0, 235), (0, 236))
31: ((0, 396), (0, 1020))
32: ((1, 0), (1, 874))
33: ((1, 875), (1, 999))
34: ((2, 0), (2, 31))
35: ((2, 32), (2, 94))
10: ((0, 0), (0, 99))
24: ((0, 100), (0, 139))
12: ((0, 140), (0, 189))
23: ((0, 190), (0, 234))
25: ((0, 235), (0, 236))
14: ((0, 240), (0, 289))
21: ((0, 290), (0, 344))
22: ((0, 345), (0, 395))
31: ((0, 396), (0, 1020))
32: ((1, 0), (1, 874))
34: ((2, 0), (2, 31))
35: ((2, 32), (2, 94))
41: ((1, 875), (1, 937))
