1: (0, 15)
4: (16, 59)
121: (60, 69)
254: (70, 197)
70: (198, 201)
