1: (0, 1)
2: (2, 3)
3: (4, 5)
4: (6, 7)
5: (8, 9)
6: (10, 11)
7: (12, 13)
8: (14, 15)
9: (16, 17)
10: (18, 19)
11: (20, 21)
12: (22, 23)
13: (24, 25)
14: (26, 27)
15: (28, 29)
16: (30, 31)
17: (32, 33)
18: (34, 35)
19: (36, 37)
20: (38, 39)
21: (40, 41)
22: (42, 43)
23: (44, 45)
24: (46, 47)
25: (48, 49)
26: (50, 51)
27: (52, 53)
28: (54, 55)
29: (56, 57)
30: (58, 59)
31: (60, 61)
32: (62, 63)
33: (64, 65)
34: (66, 67)
35: (68, 69)
36: (70, 71)
37: (72, 73)
38: (74, 75)
39: (76, 77)
40: (78, 79)
41: (80, 81)
42: (82, 83)
43: (84, 85)
44: (86, 87)
45: (88, 89)
46: (90, 91)
47: (92, 93)
48: (94, 95)
49: (96, 97)
50: (98, 99)
51: (100, 101)
52: (102, 103)
53: (104, 105)
54: (106, 107)
55: (108, 109)
56: (110, 111)
57: (112, 113)
58: (114, 115)
59: (116, 117)
60: (118, 119)
61: (120, 121)
62: (122, 123)
63: (124, 125)
64: (126, 127)
65: (128, 129)
66: (130, 131)
67: (132, 133)
68: (134, 135)
69: (136, 137)
70: (138, 139)
71: (140, 141)
72: (142, 143)
73: (144, 145)
74: (146, 147)
75: (148, 149)
76: (150, 151)
77: (152, 153)
78: (154, 155)
79: (156, 157)
80: (158, 159)
81: (160, 161)
82: (162, 163)
83: (164, 165)
84: (166, 167)
85: (168, 169)
86: (170, 171)
87: (172, 173)
88: (174, 175)
89: (176, 177)
90: (178, 179)
91: (180, 181)
92: (182, 183)
93: (184, 185)
94: (186, 187)
95: (188, 189)
96: (190, 191)
97: (192, 193)
98: (194, 195)
99: (196, 197)
100: (198, 199)
101: (200, 201)
102: (202, 203)
103: (204, 205)
104: (206, 207)
105: (208, 209)
106: (210, 211)
107: (212, 213)
108: (214, 215)
109: (216, 217)
110: (218, 219)
111: (220, 221)
112: (222, 223)
113: (224, 225)
114: (226, 227)
115: (228, 229)
116: (230, 231)
117: (232, 233)
118: (234, 235)
119: (236, 237)
120: (238, 239)
121: (240, 241)
122: (242, 243)
123: (244, 245)
124: (246, 247)
125: (248, 249)
126: (250, 251)
127: (252, 253)
128: (254, 255)
129: (256, 257)
130: (258, 259)
131: (260, 261)
132: (262, 263)
133: (264, 265)
134: (266, 267)
135: (268, 269)
136: (270, 271)
137: (272, 273)
138: (274, 275)
139: (276, 277)
140: (278, 279)
141: (280, 281)
142: (282, 283)
143: (284, 285)
144: (286, 287)
145: (288, 289)
146: (290, 291)
147: (292, 293)
148: (294, 295)
149: (296, 297)
150: (298, 299)
151: (300, 301)
152: (302, 303)
153: (304, 305)
154: (306, 307)
155: (308, 309)
156: (310, 311)
157: (312, 313)
158: (314, 315)
159: (316, 317)
160: (318, 319)
161: (320, 321)
162: (322, 323)
163: (324, 325)
164: (326, 327)
165: (328, 329)
166: (330, 331)
167: (332, 333)
168: (334, 335)
169: (336, 337)
170: (338, 339)
171: (340, 341)
172: (342, 343)
173: (344, 345)
174: (346, 347)
175: (348, 349)
176: (350, 351)
177: (352, 353)
178: (354, 355)
179: (356, 357)
180: (358, 359)
181: (360, 361)
182: (362, 363)
183: (364, 365)
184: (366, 367)
185: (368, 369)
186: (370, 371)
187: (372, 373)
188: (374, 375)
189: (376, 377)
190: (378, 379)
191: (380, 381)
192: (382, 383)
193: (384, 385)
194: (386, 387)
195: (388, 389)
196: (390, 391)
197: (392, 393)
198: (394, 395)
199: (396, 397)
200: (398, 399)
201: (400, 401)
202: (402, 403)
203: (404, 405)
204: (406, 407)
205: (408, 409)
206: (410, 411)
207: (412, 413)
208: (414, 415)
209: (416, 417)
210: (418, 419)
211: (420, 421)
212: (422, 423)
213: (424, 425)
214: (426, 427)
215: (428, 429)
216: (430, 431)
217: (432, 433)
218: (434, 435)
219: (436, 437)
220: (438, 439)
221: (440, 441)
222: (442, 443)
223: (444, 445)
224: (446, 447)
225: (448, 449)
226: (450, 451)
227: (452, 453)
228: (454, 455)
229: (456, 457)
230: (458, 459)
231: (460, 461)
232: (462, 463)
233: (464, 465)
234: (466, 467)
235: (468, 469)
236: (470, 471)
237: (472, 473)
238: (474, 475)
239: (476, 477)
240: (478, 479)
241: (480, 481)
242: (482, 483)
243: (484, 485)
244: (486, 487)
245: (488, 489)
246: (490, 491)
247: (492, 493)
248: (494, 495)
249: (496, 497)
250: (498, 499)
251: (500, 501)
252: (502, 503)
253: (504, 505)
254: (506, 507)
255: (508, 509)
