78: (0, 13)
94: (14, 36)
29: (37, 57)
91: (58, 92)
78: (0, 13)
94: (14, 36)
91: (58, 92)
231: (93, 121)
128: (122, 159)
95: (37, 55)
50: (160, 196)
248: (197, 213)
96: (214, 216)
(93, 121)
(160, 196)
76: (217, 258)
135: (259, 300)
235: (301, 327)
109: (328, 335)
192: (336, 381)
142: (382, 412)
204: (413, 463)
55: (464, 511)
227: (512, 558)
200: (559, 608)
113: (609, 637)
111: (638, 670)
179: (671, 728)
78: (0, 13)
94: (14, 36)
95: (37, 55)
91: (58, 92)
231: (93, 121)
128: (122, 159)
50: (160, 196)
248: (197, 213)
96: (214, 216)
76: (217, 258)
135: (259, 300)
235: (301, 327)
109: (328, 335)
192: (336, 381)
142: (382, 412)
204: (413, 463)
55: (464, 511)
227: (512, 558)
200: (559, 608)
113: (609, 637)
111: (638, 670)
107: (671, 730)
6: (731, 770)
79: (771, 829)
77: (830, 855)
38: (856, 858)
175: (859, 921)
176: (922, 963)
33: (964, 978)
64: (0, 0)
118: (979, 983)
(217, 258)
22: (0, 0)
187: (984, 1020)
147: (0, 0)
97: (0, 0)
119: (0, 0)
253: (0, 0)
81: (0, 0)
195: (1021, 1023)
(830, 855)
(0, 13)
78: (0, 13)
94: (14, 36)
95: (37, 55)
91: (58, 92)
231: (93, 121)
128: (122, 159)
50: (160, 196)
248: (197, 213)
96: (214, 216)
76: (217, 258)
135: (259, 300)
235: (301, 327)
109: (328, 335)
192: (336, 381)
142: (382, 412)
204: (413, 463)
55: (464, 511)
200: (559, 608)
113: (609, 637)
111: (638, 670)
107: (671, 730)
6: (731, 770)
79: (771, 829)
77: (830, 855)
38: (856, 858)
175: (859, 921)
176: (922, 963)
33: (964, 978)
118: (979, 983)
187: (984, 1020)
195: (1021, 1023)
240: (512, 558)
78: (0, 13)
94: (14, 36)
95: (37, 55)
91: (58, 92)
231: (93, 121)
128: (122, 159)
50: (160, 196)
248: (197, 213)
96: (214, 216)
76: (217, 258)
135: (259, 300)
235: (301, 327)
109: (328, 335)
192: (336, 381)
142: (382, 412)
204: (413, 463)
55: (464, 511)
240: (512, 558)
200: (559, 608)
113: (609, 637)
111: (638, 670)
107: (671, 730)
6: (731, 770)
79: (771, 829)
77: (830, 855)
38: (856, 858)
175: (859, 921)
176: (922, 963)
33: (964, 978)
118: (979, 983)
187: (984, 1020)
195: (1021, 1023)
78: (0, 13)
94: (14, 36)
95: (37, 55)
91: (58, 92)
231: (93, 121)
128: (122, 159)
50: (160, 196)
248: (197, 213)
96: (214, 216)
76: (217, 258)
135: (259, 300)
235: (301, 327)
109: (328, 335)
192: (336, 381)
142: (382, 412)
204: (413, 463)
55: (464, 511)
240: (512, 558)
200: (559, 608)
113: (609, 637)
111: (638, 670)
107: (671, 730)
6: (731, 770)
79: (771, 829)
77: (830, 855)
38: (856, 858)
175: (859, 921)
176: (922, 963)
118: (979, 983)
187: (984, 1020)
195: (1021, 1023)
153: (0, 0)
25: (0, 0)
127: (0, 0)
180: (964, 975)
174: (0, 0)
212: (56, 57)
20: (0, 0)
65: (0, 0)
78: (0, 13)
94: (14, 36)
95: (37, 55)
212: (56, 57)
91: (58, 92)
231: (93, 121)
50: (160, 196)
248: (197, 213)
96: (214, 216)
76: (217, 258)
135: (259, 300)
235: (301, 327)
109: (328, 335)
192: (336, 381)
142: (382, 412)
204: (413, 463)
55: (464, 511)
240: (512, 558)
200: (559, 608)
113: (609, 637)
111: (638, 670)
107: (671, 730)
6: (731, 770)
79: (771, 829)
77: (830, 855)
38: (856, 858)
175: (859, 921)
176: (922, 963)
180: (964, 975)
118: (979, 983)
187: (984, 1020)
195: (1021, 1023)
(0, 0)
74: (122, 156)
33: (0, 0)
122: (0, 0)
19: (0, 0)
137: (0, 0)
100: (0, 0)
18: (0, 0)
133: (0, 0)
125: (0, 0)
78: (0, 13)
94: (14, 36)
95: (37, 55)
212: (56, 57)
91: (58, 92)
231: (93, 121)
74: (122, 156)
50: (160, 196)
248: (197, 213)
96: (214, 216)
76: (217, 258)
135: (259, 300)
235: (301, 327)
109: (328, 335)
192: (336, 381)
142: (382, 412)
204: (413, 463)
55: (464, 511)
240: (512, 558)
200: (559, 608)
113: (609, 637)
107: (671, 730)
6: (731, 770)
79: (771, 829)
77: (830, 855)
38: (856, 858)
175: (859, 921)
176: (922, 963)
180: (964, 975)
118: (979, 983)
187: (984, 1020)
195: (1021, 1023)
(0, 0)
(609, 637)
(830, 855)
78: (0, 13)
94: (14, 36)
95: (37, 55)
212: (56, 57)
91: (58, 92)
231: (93, 121)
74: (122, 156)
50: (160, 196)
248: (197, 213)
96: (214, 216)
76: (217, 258)
135: (259, 300)
235: (301, 327)
109: (328, 335)
192: (336, 381)
142: (382, 412)
204: (413, 463)
55: (464, 511)
240: (512, 558)
200: (559, 608)
113: (609, 637)
107: (671, 730)
6: (731, 770)
79: (771, 829)
77: (830, 855)
38: (856, 858)
175: (859, 921)
176: (922, 963)
180: (964, 975)
118: (979, 983)
187: (984, 1020)
195: (1021, 1023)
78: (0, 13)
94: (14, 36)
95: (37, 55)
212: (56, 57)
91: (58, 92)
231: (93, 121)
74: (122, 156)
50: (160, 196)
248: (197, 213)
96: (214, 216)
76: (217, 258)
135: (259, 300)
235: (301, 327)
109: (328, 335)
192: (336, 381)
142: (382, 412)
204: (413, 463)
55: (464, 511)
240: (512, 558)
200: (559, 608)
113: (609, 637)
107: (671, 730)
6: (731, 770)
79: (771, 829)
77: (830, 855)
38: (856, 858)
175: (859, 921)
176: (922, 963)
180: (964, 975)
118: (979, 983)
187: (984, 1020)
(464, 511)
78: (0, 13)
94: (14, 36)
95: (37, 55)
212: (56, 57)
91: (58, 92)
231: (93, 121)
74: (122, 156)
50: (160, 196)
248: (197, 213)
96: (214, 216)
76: (217, 258)
135: (259, 300)
235: (301, 327)
109: (328, 335)
192: (336, 381)
142: (382, 412)
204: (413, 463)
55: (464, 511)
240: (512, 558)
200: (559, 608)
113: (609, 637)
107: (671, 730)
6: (731, 770)
79: (771, 829)
77: (830, 855)
38: (856, 858)
175: (859, 921)
176: (922, 963)
180: (964, 975)
118: (979, 983)
187: (984, 1020)
78: (0, 13)
94: (14, 36)
95: (37, 55)
212: (56, 57)
91: (58, 92)
231: (93, 121)
74: (122, 156)
50: (160, 196)
248: (197, 213)
96: (214, 216)
76: (217, 258)
135: (259, 300)
235: (301, 327)
109: (328, 335)
192: (336, 381)
142: (382, 412)
204: (413, 463)
55: (464, 511)
240: (512, 558)
200: (559, 608)
113: (609, 637)
107: (671, 730)
6: (731, 770)
79: (771, 829)
77: (830, 855)
38: (856, 858)
175: (859, 921)
176: (922, 963)
180: (964, 975)
118: (979, 983)
187: (984, 1020)
(609, 637)
(559, 608)
145: (0, 0)
250: (0, 0)
7: (638, 666)
170: (0, 0)
(984, 1020)
78: (0, 13)
94: (14, 36)
95: (37, 55)
212: (56, 57)
91: (58, 92)
231: (93, 121)
74: (122, 156)
50: (160, 196)
248: (197, 213)
96: (214, 216)
135: (259, 300)
235: (301, 327)
109: (328, 335)
192: (336, 381)
142: (382, 412)
204: (413, 463)
55: (464, 511)
240: (512, 558)
200: (559, 608)
113: (609, 637)
7: (638, 666)
107: (671, 730)
6: (731, 770)
79: (771, 829)
77: (830, 855)
38: (856, 858)
175: (859, 921)
176: (922, 963)
180: (964, 975)
118: (979, 983)
187: (984, 1020)
78: (0, 13)
94: (14, 36)
95: (37, 55)
212: (56, 57)
91: (58, 92)
231: (93, 121)
74: (122, 156)
50: (160, 196)
248: (197, 213)
96: (214, 216)
135: (259, 300)
235: (301, 327)
109: (328, 335)
192: (336, 381)
142: (382, 412)
204: (413, 463)
55: (464, 511)
240: (512, 558)
200: (559, 608)
113: (609, 637)
7: (638, 666)
107: (671, 730)
6: (731, 770)
79: (771, 829)
77: (830, 855)
38: (856, 858)
175: (859, 921)
176: (922, 963)
180: (964, 975)
118: (979, 983)
187: (984, 1020)
245: (217, 229)
15: (0, 0)
177: (230, 238)
197: (239, 251)
62: (157, 159)
37: (252, 258)
(157, 159)
(14, 36)
