247: (0, 9)
112: (10, 59)
123: (60, 93)
225: (94, 149)
185: (150, 163)
97: (164, 201)
92: (202, 254)
112: (10, 59)
123: (60, 93)
225: (94, 149)
185: (150, 163)
97: (164, 201)
92: (202, 254)
62: (255, 312)
2: (313, 351)
252: (352, 398)
207: (399, 448)
35: (0, 8)
236: (449, 501)
164: (502, 563)
230: (564, 622)
(0, 8)
(449, 501)
35: (0, 8)
123: (60, 93)
225: (94, 149)
185: (150, 163)
97: (164, 201)
92: (202, 254)
62: (255, 312)
2: (313, 351)
252: (352, 398)
207: (399, 448)
236: (449, 501)
164: (502, 563)
230: (564, 622)
(255, 312)
74: (623, 679)
44: (680, 736)
196: (9, 34)
60: (737, 776)
143: (777, 807)
188: (808, 845)
13: (35, 58)
53: (846, 890)
(808, 845)
42: (891, 945)
102: (946, 992)
154: (0, 0)
210: (0, 0)
224: (993, 1013)
35: (0, 8)
196: (9, 34)
13: (35, 58)
123: (60, 93)
225: (94, 149)
185: (150, 163)
97: (164, 201)
92: (202, 254)
2: (313, 351)
252: (352, 398)
207: (399, 448)
236: (449, 501)
164: (502, 563)
230: (564, 622)
74: (623, 679)
44: (680, 736)
60: (737, 776)
143: (777, 807)
188: (808, 845)
53: (846, 890)
42: (891, 945)
102: (946, 992)
224: (993, 1013)
35: (0, 8)
196: (9, 34)
13: (35, 58)
123: (60, 93)
225: (94, 149)
97: (164, 201)
92: (202, 254)
2: (313, 351)
252: (352, 398)
207: (399, 448)
236: (449, 501)
164: (502, 563)
230: (564, 622)
74: (623, 679)
44: (680, 736)
60: (737, 776)
143: (777, 807)
188: (808, 845)
53: (846, 890)
42: (891, 945)
102: (946, 992)
224: (993, 1013)
35: (0, 8)
196: (9, 34)
13: (35, 58)
123: (60, 93)
225: (94, 149)
97: (164, 201)
92: (202, 254)
2: (313, 351)
252: (352, 398)
207: (399, 448)
236: (449, 501)
164: (502, 563)
230: (564, 622)
74: (623, 679)
44: (680, 736)
60: (737, 776)
143: (777, 807)
188: (808, 845)
53: (846, 890)
42: (891, 945)
102: (946, 992)
224: (993, 1013)
35: (0, 8)
196: (9, 34)
13: (35, 58)
123: (60, 93)
225: (94, 149)
97: (164, 201)
92: (202, 254)
2: (313, 351)
252: (352, 398)
207: (399, 448)
236: (449, 501)
164: (502, 563)
230: (564, 622)
74: (623, 679)
44: (680, 736)
60: (737, 776)
143: (777, 807)
188: (808, 845)
53: (846, 890)
102: (946, 992)
224: (993, 1013)
75: (255, 280)
38: (891, 929)
34: (281, 300)
96: (150, 155)
106: (156, 161)
192: (0, 0)
59: (0, 0)
58: (301, 311)
80: (0, 0)
251: (0, 0)
134: (0, 0)
176: (0, 0)
35: (0, 8)
196: (9, 34)
13: (35, 58)
123: (60, 93)
225: (94, 149)
96: (150, 155)
106: (156, 161)
97: (164, 201)
92: (202, 254)
75: (255, 280)
34: (281, 300)
58: (301, 311)
2: (313, 351)
252: (352, 398)
207: (399, 448)
236: (449, 501)
164: (502, 563)
230: (564, 622)
44: (680, 736)
60: (737, 776)
143: (777, 807)
188: (808, 845)
53: (846, 890)
38: (891, 929)
102: (946, 992)
224: (993, 1013)
217: (0, 0)
69: (0, 0)
103: (0, 0)
227: (623, 657)
115: (0, 0)
31: (658, 668)
112: (0, 0)
4: (930, 943)
(313, 351)
(891, 929)
(946, 992)
35: (0, 8)
196: (9, 34)
13: (35, 58)
123: (60, 93)
225: (94, 149)
96: (150, 155)
97: (164, 201)
92: (202, 254)
75: (255, 280)
34: (281, 300)
58: (301, 311)
2: (313, 351)
252: (352, 398)
207: (399, 448)
236: (449, 501)
164: (502, 563)
230: (564, 622)
227: (623, 657)
31: (658, 668)
44: (680, 736)
60: (737, 776)
143: (777, 807)
188: (808, 845)
53: (846, 890)
38: (891, 929)
4: (930, 943)
102: (946, 992)
224: (993, 1013)
27: (0, 0)
190: (0, 0)
161: (0, 0)
138: (0, 0)
245: (0, 0)
(60, 93)
160: (0, 0)
181: (669, 679)
26: (156, 159)
25: (0, 0)
187: (0, 0)
35: (0, 8)
196: (9, 34)
13: (35, 58)
123: (60, 93)
225: (94, 149)
96: (150, 155)
26: (156, 159)
97: (164, 201)
92: (202, 254)
75: (255, 280)
34: (281, 300)
58: (301, 311)
2: (313, 351)
252: (352, 398)
207: (399, 448)
236: (449, 501)
164: (502, 563)
230: (564, 622)
227: (623, 657)
31: (658, 668)
181: (669, 679)
44: (680, 736)
60: (737, 776)
143: (777, 807)
188: (808, 845)
53: (846, 890)
38: (891, 929)
4: (930, 943)
102: (946, 992)
224: (993, 1013)
35: (0, 8)
196: (9, 34)
13: (35, 58)
123: (60, 93)
225: (94, 149)
96: (150, 155)
26: (156, 159)
97: (164, 201)
92: (202, 254)
75: (255, 280)
34: (281, 300)
58: (301, 311)
2: (313, 351)
252: (352, 398)
207: (399, 448)
236: (449, 501)
164: (502, 563)
230: (564, 622)
227: (623, 657)
31: (658, 668)
181: (669, 679)
44: (680, 736)
60: (737, 776)
143: (777, 807)
188: (808, 845)
53: (846, 890)
38: (891, 929)
4: (930, 943)
102: (946, 992)
224: (993, 1013)
35: (0, 8)
196: (9, 34)
13: (35, 58)
123: (60, 93)
225: (94, 149)
96: (150, 155)
26: (156, 159)
97: (164, 201)
92: (202, 254)
75: (255, 280)
58: (301, 311)
2: (313, 351)
252: (352, 398)
207: (399, 448)
236: (449, 501)
164: (502, 563)
230: (564, 622)
227: (623, 657)
31: (658, 668)
181: (669, 679)
44: (680, 736)
60: (737, 776)
143: (777, 807)
188: (808, 845)
53: (846, 890)
38: (891, 929)
4: (930, 943)
102: (946, 992)
224: (993, 1013)
(564, 622)
170: (0, 0)
122: (281, 298)
15: (0, 0)
16: (0, 0)
166: (0, 0)
167: (0, 0)
180: (0, 0)
254: (0, 0)
83: (0, 0)
(35, 58)
154: (0, 0)
32: (1014, 1021)
192: (0, 0)
243: (0, 0)
211: (0, 0)
79: (0, 0)
232: (0, 0)
183: (0, 0)
37: (160, 163)
237: (0, 0)
202: (0, 0)
101: (0, 0)
142: (0, 0)
100: (0, 0)
34: (0, 0)
226: (0, 0)
10: (0, 0)
20: (0, 0)
221: (0, 0)
248: (0, 0)
178: (0, 0)
48: (0, 0)
127: (0, 0)
88: (0, 0)
93: (0, 0)
35: (0, 8)
196: (9, 34)
13: (35, 58)
123: (60, 93)
225: (94, 149)
96: (150, 155)
26: (156, 159)
37: (160, 163)
97: (164, 201)
92: (202, 254)
75: (255, 280)
122: (281, 298)
58: (301, 311)
252: (352, 398)
207: (399, 448)
236: (449, 501)
164: (502, 563)
230: (564, 622)
227: (623, 657)
31: (658, 668)
181: (669, 679)
44: (680, 736)
60: (737, 776)
143: (777, 807)
188: (808, 845)
53: (846, 890)
38: (891, 929)
4: (930, 943)
102: (946, 992)
224: (993, 1013)
32: (1014, 1021)
(0, 0)
