11: (0, 0)
12: (0, 0)
13: (0, 0)
14: (0, 1023)
15: (0, 0)
