17: (0, 47)
216: (48, 73)
174: (74, 116)
205: (117, 140)
155: (141, 150)
161: (151, 160)
64: (161, 167)
113: (168, 182)
83: (183, 199)
107: (200, 214)
207: (215, 273)
202: (274, 318)
193: (319, 344)
153: (345, 375)
63: (376, 426)
233: (427, 483)
147: (484, 533)
220: (534, 568)
(215, 273)
200: (569, 612)
29: (613, 624)
123: (625, 678)
79: (679, 729)
62: (730, 786)
194: (787, 793)
119: (794, 811)
8: (812, 832)
43: (833, 856)
99: (857, 888)
5: (889, 929)
3: (930, 967)
121: (968, 982)
56: (0, 0)
57: (983, 997)
84: (998, 1020)
135: (0, 0)
31: (0, 0)
203: (0, 0)
20: (0, 0)
72: (0, 0)
46: (0, 0)
73: (0, 0)
69: (0, 0)
(200, 214)
142: (0, 0)
66: (0, 0)
168: (0, 0)
12: (0, 0)
74: (0, 0)
136: (0, 0)
54: (0, 0)
(534, 568)
244: (0, 0)
44: (0, 0)
114: (0, 0)
30: (0, 0)
60: (0, 0)
154: (0, 0)
108: (0, 0)
150: (0, 0)
78: (0, 0)
184: (0, 0)
117: (0, 0)
52: (0, 0)
11: (0, 0)
98: (0, 0)
173: (0, 0)
93: (0, 0)
227: (0, 0)
137: (0, 0)
171: (0, 0)
238: (0, 0)
51: (0, 0)
94: (0, 0)
230: (0, 0)
(0, 0)
88: (0, 0)
(613, 624)
140: (0, 0)
149: (0, 0)
245: (0, 0)
169: (0, 0)
177: (0, 0)
16: (0, 0)
24: (0, 0)
(0, 0)
110: (0, 0)
162: (0, 0)
192: (0, 0)
53: (0, 0)
133: (0, 0)
47: (0, 0)
6: (0, 0)
214: (0, 0)
50: (0, 0)
196: (0, 0)
234: (0, 0)
204: (0, 0)
208: (0, 0)
87: (0, 0)
65: (0, 0)
(0, 0)
180: (0, 0)
27: (0, 0)
209: (0, 0)
232: (0, 0)
67: (0, 0)
213: (0, 0)
(0, 0)
23: (1021, 1023)
(0, 0)
124: (0, 0)
178: (0, 0)
18: (0, 0)
250: (0, 0)
201: (0, 0)
127: (0, 0)
2: (0, 0)
7: (0, 0)
246: (0, 0)
132: (0, 0)
157: (0, 0)
(0, 0)
231: (0, 0)
222: (0, 0)
122: (0, 0)
219: (0, 0)
109: (0, 0)
199: (0, 0)
188: (0, 0)
139: (0, 0)
255: (0, 0)
212: (0, 0)
160: (0, 0)
191: (0, 0)
148: (0, 0)
236: (0, 0)
49: (0, 0)
241: (0, 0)
163: (0, 0)
112: (0, 0)
189: (0, 0)
242: (0, 0)
75: (0, 0)
226: (0, 0)
39: (0, 0)
59: (0, 0)
190: (0, 0)
21: (0, 0)
210: (0, 0)
22: (0, 0)
145: (0, 0)
247: (0, 0)
35: (0, 0)
129: (0, 0)
224: (0, 0)
164: (0, 0)
186: (0, 0)
146: (0, 0)
40: (0, 0)
104: (0, 0)
240: (0, 0)
167: (0, 0)
