144: (0, 590)
174: (0, 0)
36: (0, 0)
253: (591, 1004)
120: (0, 0)
251: (0, 0)
10: (1005, 1019)
96: (0, 0)
148: (0, 0)
(591, 1004)
144: (0, 590)
253: (591, 1004)
10: (1005, 1019)
(0, 590)
174: (0, 0)
226: (0, 0)
41: (0, 0)
78: (0, 0)
155: (0, 0)
7: (0, 0)
103: (0, 0)
140: (0, 0)
50: (0, 0)
30: (0, 0)
188: (0, 0)
229: (0, 0)
240: (0, 0)
168: (0, 0)
32: (0, 0)
181: (0, 0)
3: (0, 0)
97: (0, 0)
254: (0, 0)
98: (0, 0)
5: (0, 0)
180: (0, 0)
92: (0, 0)
72: (0, 0)
144: (0, 590)
253: (591, 1004)
10: (1005, 1019)
144: (0, 590)
253: (591, 1004)
10: (1005, 1019)
144: (0, 590)
253: (591, 1004)
10: (1005, 1019)
144: (0, 590)
253: (591, 1004)
10: (1005, 1019)
253: (591, 1004)
10: (1005, 1019)
(0, 0)
(0, 0)
(1005, 1019)
253: (591, 1004)
10: (1005, 1019)
253: (591, 1004)
10: (1005, 1019)
(0, 0)
(0, 0)
253: (591, 1004)
10: (1005, 1019)
170: (0, 0)
112: (0, 109)
91: (110, 157)
89: (0, 0)
56: (0, 0)
210: (0, 0)
244: (0, 0)
79: (158, 507)
107: (0, 0)
112: (0, 109)
91: (110, 157)
79: (158, 507)
253: (591, 1004)
10: (1005, 1019)
112: (0, 109)
91: (110, 157)
79: (158, 507)
253: (591, 1004)
10: (1005, 1019)
69: (0, 0)
105: (0, 0)
156: (0, 0)
216: (0, 0)
101: (0, 0)
26: (0, 0)
110: (0, 0)
99: (508, 578)
112: (0, 109)
91: (110, 157)
79: (158, 507)
99: (508, 578)
253: (591, 1004)
10: (1005, 1019)
112: (0, 109)
91: (110, 157)
79: (158, 507)
99: (508, 578)
253: (591, 1004)
10: (1005, 1019)
112: (0, 109)
91: (110, 157)
79: (158, 507)
99: (508, 578)
253: (591, 1004)
10: (1005, 1019)
112: (0, 109)
91: (110, 157)
99: (508, 578)
253: (591, 1004)
10: (1005, 1019)
112: (0, 109)
91: (110, 157)
99: (508, 578)
10: (1005, 1019)
(0, 0)
112: (0, 109)
91: (110, 157)
99: (508, 578)
10: (1005, 1019)
112: (0, 109)
91: (110, 157)
99: (508, 578)
10: (1005, 1019)
193: (0, 0)
237: (0, 0)
174: (0, 0)
98: (0, 0)
(0, 0)
112: (0, 109)
91: (110, 157)
99: (508, 578)
10: (1005, 1019)
112: (0, 109)
91: (110, 157)
99: (508, 578)
10: (1005, 1019)
112: (0, 109)
91: (110, 157)
99: (508, 578)
10: (1005, 1019)
112: (0, 109)
91: (110, 157)
99: (508, 578)
10: (1005, 1019)
22: (0, 0)
66: (0, 0)
88: (0, 0)
68: (0, 0)
44: (579, 959)
79: (0, 0)
82: (0, 0)
223: (0, 0)
219: (0, 0)
45: (0, 0)
