(0, 0)
11: (0, 62)
12: (63, 104)
13: (105, 158)
14: (159, 160)
15: (161, 164)
16: (0, 0)
(0, 62)
(159, 160)
(0, 0)
(0, 0)
21: (165, 169)
22: (170, 172)
(0, 0)
(170, 172)
