246: (0, 133)
122: (0, 419)
142: (0, 0)
124: (420, 537)
113: (0, 0)
152: (0, 0)
95: (538, 923)
195: (0, 0)
219: (0, 0)
189: (0, 0)
85: (0, 0)
(0, 0)
89: (0, 0)
(0, 0)
122: (0, 419)
124: (420, 537)
95: (538, 923)
(0, 419)
122: (0, 419)
124: (420, 537)
95: (538, 923)
122: (0, 419)
124: (420, 537)
(420, 537)
122: (0, 419)
124: (420, 537)
122: (0, 419)
124: (420, 537)
124: (420, 537)
(0, 0)
(0, 0)
124: (420, 537)
124: (420, 537)
80: (0, 0)
57: (0, 0)
235: (538, 963)
34: (0, 0)
208: (0, 263)
145: (0, 0)
198: (264, 385)
16: (0, 0)
224: (0, 0)
25: (0, 0)
105: (0, 0)
85: (0, 0)
147: (0, 0)
97: (0, 0)
43: (0, 0)
73: (0, 0)
67: (0, 0)
183: (386, 410)
9: (964, 993)
208: (0, 263)
198: (264, 385)
183: (386, 410)
124: (420, 537)
9: (964, 993)
208: (0, 263)
198: (264, 385)
183: (386, 410)
124: (411, 528)
9: (529, 558)
(0, 0)
245: (0, 0)
74: (559, 711)
22: (712, 826)
46: (0, 0)
196: (0, 0)
136: (0, 0)
15: (0, 0)
223: (827, 924)
96: (925, 1017)
(559, 711)
(0, 0)
208: (0, 263)
198: (264, 385)
183: (386, 410)
124: (411, 528)
9: (529, 558)
74: (559, 711)
22: (712, 826)
223: (827, 924)
96: (925, 1017)
(925, 1017)
206: (0, 0)
62: (0, 0)
58: (0, 0)
131: (0, 0)
208: (0, 263)
198: (264, 385)
183: (386, 410)
124: (411, 528)
9: (529, 558)
22: (712, 826)
223: (827, 924)
96: (925, 1017)
208: (0, 263)
198: (264, 385)
183: (386, 410)
124: (411, 528)
9: (529, 558)
22: (559, 673)
223: (674, 771)
96: (772, 864)
(0, 0)
(772, 864)
208: (0, 263)
183: (386, 410)
124: (411, 528)
9: (529, 558)
22: (559, 673)
223: (674, 771)
96: (772, 864)
(0, 0)
185: (0, 0)
37: (0, 0)
60: (0, 0)
242: (0, 0)
201: (0, 0)
