50: (0, 252)
2: (253, 1016)
253: (0, 0)
158: (0, 0)
33: (0, 0)
232: (0, 0)
242: (0, 0)
205: (0, 0)
21: (0, 0)
50: (0, 252)
2: (253, 1016)
(0, 0)
50: (0, 252)
2: (253, 1016)
255: (0, 0)
110: (0, 0)
191: (0, 0)
202: (0, 0)
204: (0, 0)
217: (0, 0)
107: (0, 0)
198: (0, 0)
50: (0, 252)
2: (253, 1016)
(0, 0)
50: (0, 252)
2: (253, 1016)
28: (0, 0)
70: (0, 0)
187: (0, 0)
31: (0, 0)
193: (0, 0)
15: (0, 0)
38: (0, 0)
247: (0, 0)
50: (0, 252)
2: (253, 1016)
50: (0, 252)
2: (253, 1016)
50: (0, 252)
2: (253, 1016)
17: (0, 0)
172: (0, 0)
23: (0, 0)
50: (0, 252)
2: (253, 1016)
50: (0, 252)
2: (253, 1016)
(0, 0)
50: (0, 252)
2: (253, 1016)
73: (0, 0)
88: (0, 0)
144: (0, 0)
11: (0, 0)
18: (0, 0)
25: (0, 0)
81: (0, 0)
200: (0, 0)
(0, 0)
50: (0, 252)
2: (253, 1016)
50: (0, 252)
2: (253, 1016)
50: (0, 252)
2: (253, 1016)
50: (0, 252)
2: (253, 1016)
50: (0, 252)
2: (253, 1016)
50: (0, 252)
2: (253, 1016)
155: (0, 0)
194: (0, 0)
27: (0, 0)
(0, 0)
93: (0, 0)
167: (0, 0)
152: (0, 0)
14: (0, 0)
22: (0, 0)
233: (0, 0)
160: (0, 0)
13: (0, 0)
50: (0, 252)
2: (253, 1016)
221: (0, 0)
209: (0, 0)
106: (0, 0)
118: (0, 0)
122: (0, 0)
34: (0, 0)
157: (0, 0)
218: (0, 0)
42: (0, 0)
50: (0, 252)
2: (253, 1016)
(0, 0)
50: (0, 252)
2: (253, 1016)
50: (0, 252)
2: (253, 1016)
50: (0, 252)
2: (253, 1016)
50: (0, 252)
2: (253, 1016)
50: (0, 252)
2: (253, 1016)
(0, 0)
190: (0, 0)
236: (0, 0)
63: (0, 0)
182: (0, 0)
69: (0, 0)
85: (0, 0)
129: (0, 0)
87: (0, 0)
197: (0, 0)
140: (0, 0)
33: (0, 0)
71: (0, 0)
174: (0, 0)
199: (0, 0)
