83: ((0, 0), (0, 561))
142: ((0, 562), (0, 622))
242: ((0, 0), (0, 0))
226: ((0, 623), (0, 683))
77: ((1, 0), (1, 554))
232: ((2, 0), (2, 700))
69: ((3, 0), (3, 549))
137: ((4, 0), (4, 761))
41: ((0, 684), (0, 917))
235: ((5, 0), (5, 689))
125: ((6, 0), (6, 904))
83: ((0, 0), (0, 561))
142: ((0, 562), (0, 622))
226: ((0, 623), (0, 683))
41: ((0, 684), (0, 917))
77: ((1, 0), (1, 554))
232: ((2, 0), (2, 700))
69: ((3, 0), (3, 549))
137: ((4, 0), (4, 761))
235: ((5, 0), (5, 689))
125: ((6, 0), (6, 904))
197: ((1, 555), (1, 780))
32: ((3, 550), (3, 883))
53: ((2, 701), (2, 972))
201: ((0, 918), (0, 928))
171: ((7, 0), (7, 361))
230: ((1, 781), (1, 976))
139: ((0, 929), (0, 994))
66: ((3, 884), (3, 955))
21: ((7, 362), (7, 859))
94: ((8, 0), (8, 483))
194: ((9, 0), (9, 775))
177: ((0, 0), (0, 0))
83: ((0, 0), (0, 561))
142: ((0, 562), (0, 622))
226: ((0, 623), (0, 683))
41: ((0, 684), (0, 917))
201: ((0, 918), (0, 928))
139: ((0, 929), (0, 994))
77: ((1, 0), (1, 554))
197: ((1, 555), (1, 780))
230: ((1, 781), (1, 976))
232: ((2, 0), (2, 700))
53: ((2, 701), (2, 972))
69: ((3, 0), (3, 549))
32: ((3, 550), (3, 883))
66: ((3, 884), (3, 955))
137: ((4, 0), (4, 761))
235: ((5, 0), (5, 689))
125: ((6, 0), (6, 904))
171: ((7, 0), (7, 361))
21: ((7, 362), (7, 859))
94: ((8, 0), (8, 483))
194: ((9, 0), (9, 775))
83: ((0, 0), (0, 561))
142: ((0, 562), (0, 622))
226: ((0, 623), (0, 683))
41: ((0, 684), (0, 917))
201: ((0, 918), (0, 928))
139: ((0, 929), (0, 994))
77: ((1, 0), (1, 554))
197: ((1, 555), (1, 780))
230: ((1, 781), (1, 976))
232: ((2, 0), (2, 700))
53: ((2, 701), (2, 972))
69: ((3, 0), (3, 549))
32: ((3, 550), (3, 883))
66: ((3, 884), (3, 955))
137: ((4, 0), (4, 761))
235: ((5, 0), (5, 689))
125: ((6, 0), (6, 904))
171: ((7, 0), (7, 361))
21: ((7, 362), (7, 859))
94: ((8, 0), (8, 483))
194: ((9, 0), (9, 775))
83: ((0, 0), (0, 561))
142: ((0, 562), (0, 622))
226: ((0, 623), (0, 683))
41: ((0, 684), (0, 917))
201: ((0, 918), (0, 928))
139: ((0, 929), (0, 994))
77: ((1, 0), (1, 554))
197: ((1, 555), (1, 780))
230: ((1, 781), (1, 976))
232: ((2, 0), (2, 700))
53: ((2, 701), (2, 972))
69: ((3, 0), (3, 549))
32: ((3, 550), (3, 883))
66: ((3, 884), (3, 955))
137: ((4, 0), (4, 761))
235: ((5, 0), (5, 689))
125: ((6, 0), (6, 904))
171: ((7, 0), (7, 361))
21: ((7, 362), (7, 859))
94: ((8, 0), (8, 483))
194: ((9, 0), (9, 775))
83: ((0, 0), (0, 561))
142: ((0, 562), (0, 622))
226: ((0, 623), (0, 683))
41: ((0, 684), (0, 917))
201: ((0, 918), (0, 928))
139: ((0, 929), (0, 994))
77: ((1, 0), (1, 554))
197: ((1, 555), (1, 780))
230: ((1, 781), (1, 976))
232: ((2, 0), (2, 700))
53: ((2, 701), (2, 972))
69: ((3, 0), (3, 549))
32: ((3, 550), (3, 883))
66: ((3, 884), (3, 955))
137: ((4, 0), (4, 761))
235: ((5, 0), (5, 689))
125: ((6, 0), (6, 904))
171: ((7, 0), (7, 361))
21: ((7, 362), (7, 859))
94: ((8, 0), (8, 483))
194: ((9, 0), (9, 775))
83: ((0, 0), (0, 561))
142: ((0, 562), (0, 622))
226: ((0, 623), (0, 683))
41: ((0, 684), (0, 917))
139: ((0, 929), (0, 994))
77: ((1, 0), (1, 554))
197: ((1, 555), (1, 780))
230: ((1, 781), (1, 976))
232: ((2, 0), (2, 700))
53: ((2, 701), (2, 972))
69: ((3, 0), (3, 549))
32: ((3, 550), (3, 883))
66: ((3, 884), (3, 955))
137: ((4, 0), (4, 761))
235: ((5, 0), (5, 689))
125: ((6, 0), (6, 904))
171: ((7, 0), (7, 361))
21: ((7, 362), (7, 859))
94: ((8, 0), (8, 483))
194: ((9, 0), (9, 775))
83: ((0, 0), (0, 561))
142: ((0, 562), (0, 622))
226: ((0, 623), (0, 683))
41: ((0, 684), (0, 917))
139: ((0, 918), (0, 983))
77: ((1, 0), (1, 554))
197: ((1, 555), (1, 780))
230: ((1, 781), (1, 976))
232: ((2, 0), (2, 700))
53: ((2, 701), (2, 972))
69: ((3, 0), (3, 549))
32: ((3, 550), (3, 883))
66: ((3, 884), (3, 955))
137: ((4, 0), (4, 761))
235: ((5, 0), (5, 689))
125: ((6, 0), (6, 904))
171: ((7, 0), (7, 361))
21: ((7, 362), (7, 859))
94: ((8, 0), (8, 483))
194: ((9, 0), (9, 775))
83: ((0, 0), (0, 561))
142: ((0, 562), (0, 622))
226: ((0, 623), (0, 683))
41: ((0, 684), (0, 917))
139: ((0, 918), (0, 983))
197: ((1, 555), (1, 780))
230: ((1, 781), (1, 976))
232: ((2, 0), (2, 700))
53: ((2, 701), (2, 972))
69: ((3, 0), (3, 549))
32: ((3, 550), (3, 883))
66: ((3, 884), (3, 955))
137: ((4, 0), (4, 761))
235: ((5, 0), (5, 689))
125: ((6, 0), (6, 904))
171: ((7, 0), (7, 361))
21: ((7, 362), (7, 859))
94: ((8, 0), (8, 483))
194: ((9, 0), (9, 775))
118: ((1, 0), (1, 222))
113: ((0, 0), (0, 0))
20: ((10, 0), (10, 807))
140: ((1, 223), (1, 550))
3: ((2, 973), (2, 1023))
((0, 0), (0, 0))
30: ((0, 0), (0, 0))
90: ((8, 484), (8, 970))
81: ((4, 762), (4, 962))
218: ((0, 984), (0, 1017))
83: ((0, 0), (0, 561))
142: ((0, 562), (0, 622))
226: ((0, 623), (0, 683))
41: ((0, 684), (0, 917))
139: ((0, 918), (0, 983))
218: ((0, 984), (0, 1017))
118: ((1, 0), (1, 222))
140: ((1, 223), (1, 550))
197: ((1, 551), (1, 776))
230: ((1, 777), (1, 972))
232: ((2, 0), (2, 700))
53: ((2, 701), (2, 972))
3: ((2, 973), (2, 1023))
69: ((3, 0), (3, 549))
32: ((3, 550), (3, 883))
66: ((3, 884), (3, 955))
137: ((4, 0), (4, 761))
81: ((4, 762), (4, 962))
235: ((5, 0), (5, 689))
125: ((6, 0), (6, 904))
171: ((7, 0), (7, 361))
21: ((7, 362), (7, 859))
94: ((8, 0), (8, 483))
90: ((8, 484), (8, 970))
194: ((9, 0), (9, 775))
20: ((10, 0), (10, 807))
135: ((5, 690), (5, 932))
83: ((0, 0), (0, 561))
142: ((0, 562), (0, 622))
226: ((0, 623), (0, 683))
41: ((0, 684), (0, 917))
139: ((0, 918), (0, 983))
218: ((0, 984), (0, 1017))
118: ((1, 0), (1, 222))
197: ((1, 551), (1, 776))
230: ((1, 777), (1, 972))
232: ((2, 0), (2, 700))
53: ((2, 701), (2, 972))
3: ((2, 973), (2, 1023))
69: ((3, 0), (3, 549))
32: ((3, 550), (3, 883))
66: ((3, 884), (3, 955))
137: ((4, 0), (4, 761))
81: ((4, 762), (4, 962))
235: ((5, 0), (5, 689))
135: ((5, 690), (5, 932))
125: ((6, 0), (6, 904))
171: ((7, 0), (7, 361))
21: ((7, 362), (7, 859))
94: ((8, 0), (8, 483))
90: ((8, 484), (8, 970))
194: ((9, 0), (9, 775))
20: ((10, 0), (10, 807))
83: ((0, 0), (0, 561))
226: ((0, 623), (0, 683))
41: ((0, 684), (0, 917))
139: ((0, 918), (0, 983))
218: ((0, 984), (0, 1017))
118: ((1, 0), (1, 222))
197: ((1, 551), (1, 776))
230: ((1, 777), (1, 972))
232: ((2, 0), (2, 700))
53: ((2, 701), (2, 972))
3: ((2, 973), (2, 1023))
69: ((3, 0), (3, 549))
32: ((3, 550), (3, 883))
66: ((3, 884), (3, 955))
137: ((4, 0), (4, 761))
81: ((4, 762), (4, 962))
235: ((5, 0), (5, 689))
135: ((5, 690), (5, 932))
125: ((6, 0), (6, 904))
171: ((7, 0), (7, 361))
21: ((7, 362), (7, 859))
94: ((8, 0), (8, 483))
90: ((8, 484), (8, 970))
194: ((9, 0), (9, 775))
20: ((10, 0), (10, 807))
1: ((1, 223), (1, 342))
207: ((11, 0), (11, 674))
216: ((12, 0), (12, 1020))
86: ((13, 0), (13, 718))
67: ((0, 0), (0, 0))
140: ((1, 343), (1, 420))
154: ((14, 0), (14, 924))
236: ((0, 562), (0, 565))
((2, 0), (2, 700))
149: ((9, 776), (9, 1023))
83: ((0, 0), (0, 561))
236: ((0, 562), (0, 565))
41: ((0, 684), (0, 917))
139: ((0, 918), (0, 983))
218: ((0, 984), (0, 1017))
118: ((1, 0), (1, 222))
1: ((1, 223), (1, 342))
140: ((1, 343), (1, 420))
197: ((1, 551), (1, 776))
230: ((1, 777), (1, 972))
232: ((2, 0), (2, 700))
53: ((2, 701), (2, 972))
3: ((2, 973), (2, 1023))
69: ((3, 0), (3, 549))
32: ((3, 550), (3, 883))
66: ((3, 884), (3, 955))
137: ((4, 0), (4, 761))
81: ((4, 762), (4, 962))
235: ((5, 0), (5, 689))
135: ((5, 690), (5, 932))
125: ((6, 0), (6, 904))
171: ((7, 0), (7, 361))
21: ((7, 362), (7, 859))
94: ((8, 0), (8, 483))
90: ((8, 484), (8, 970))
194: ((9, 0), (9, 775))
149: ((9, 776), (9, 1023))
20: ((10, 0), (10, 807))
207: ((11, 0), (11, 674))
216: ((12, 0), (12, 1020))
86: ((13, 0), (13, 718))
154: ((14, 0), (14, 924))
83: ((0, 0), (0, 561))
236: ((0, 562), (0, 565))
41: ((0, 566), (0, 799))
139: ((0, 800), (0, 865))
218: ((0, 866), (0, 899))
118: ((1, 0), (1, 222))
1: ((1, 223), (1, 342))
140: ((1, 343), (1, 420))
197: ((1, 421), (1, 646))
230: ((1, 647), (1, 842))
232: ((2, 0), (2, 700))
53: ((2, 701), (2, 972))
3: ((2, 973), (2, 1023))
69: ((3, 0), (3, 549))
32: ((3, 550), (3, 883))
66: ((3, 884), (3, 955))
137: ((4, 0), (4, 761))
81: ((4, 762), (4, 962))
235: ((5, 0), (5, 689))
135: ((5, 690), (5, 932))
125: ((6, 0), (6, 904))
171: ((7, 0), (7, 361))
21: ((7, 362), (7, 859))
94: ((8, 0), (8, 483))
90: ((8, 484), (8, 970))
194: ((9, 0), (9, 775))
149: ((9, 776), (9, 1023))
20: ((10, 0), (10, 807))
207: ((11, 0), (11, 674))
216: ((12, 0), (12, 1020))
86: ((13, 0), (13, 718))
154: ((14, 0), (14, 924))
59: ((0, 0), (0, 0))
184: ((0, 900), (0, 998))
79: ((15, 0), (15, 885))
83: ((0, 0), (0, 561))
236: ((0, 562), (0, 565))
41: ((0, 566), (0, 799))
139: ((0, 800), (0, 865))
218: ((0, 866), (0, 899))
184: ((0, 900), (0, 998))
118: ((1, 0), (1, 222))
1: ((1, 223), (1, 342))
140: ((1, 343), (1, 420))
197: ((1, 421), (1, 646))
230: ((1, 647), (1, 842))
232: ((2, 0), (2, 700))
53: ((2, 701), (2, 972))
3: ((2, 973), (2, 1023))
69: ((3, 0), (3, 549))
32: ((3, 550), (3, 883))
66: ((3, 884), (3, 955))
137: ((4, 0), (4, 761))
81: ((4, 762), (4, 962))
235: ((5, 0), (5, 689))
135: ((5, 690), (5, 932))
125: ((6, 0), (6, 904))
171: ((7, 0), (7, 361))
21: ((7, 362), (7, 859))
94: ((8, 0), (8, 483))
90: ((8, 484), (8, 970))
194: ((9, 0), (9, 775))
149: ((9, 776), (9, 1023))
20: ((10, 0), (10, 807))
207: ((11, 0), (11, 674))
216: ((12, 0), (12, 1020))
86: ((13, 0), (13, 718))
154: ((14, 0), (14, 924))
79: ((15, 0), (15, 885))
((2, 701), (2, 972))
83: ((0, 0), (0, 561))
236: ((0, 562), (0, 565))
41: ((0, 566), (0, 799))
139: ((0, 800), (0, 865))
218: ((0, 866), (0, 899))
184: ((0, 900), (0, 998))
118: ((1, 0), (1, 222))
1: ((1, 223), (1, 342))
140: ((1, 343), (1, 420))
197: ((1, 421), (1, 646))
230: ((1, 647), (1, 842))
232: ((2, 0), (2, 700))
53: ((2, 701), (2, 972))
3: ((2, 973), (2, 1023))
69: ((3, 0), (3, 549))
32: ((3, 550), (3, 883))
66: ((3, 884), (3, 955))
137: ((4, 0), (4, 761))
81: ((4, 762), (4, 962))
235: ((5, 0), (5, 689))
135: ((5, 690), (5, 932))
125: ((6, 0), (6, 904))
171: ((7, 0), (7, 361))
21: ((7, 362), (7, 859))
94: ((8, 0), (8, 483))
90: ((8, 484), (8, 970))
194: ((9, 0), (9, 775))
149: ((9, 776), (9, 1023))
20: ((10, 0), (10, 807))
207: ((11, 0), (11, 674))
216: ((12, 0), (12, 1020))
86: ((13, 0), (13, 718))
154: ((14, 0), (14, 924))
79: ((15, 0), (15, 885))
((2, 701), (2, 972))
83: ((0, 0), (0, 561))
236: ((0, 562), (0, 565))
41: ((0, 566), (0, 799))
139: ((0, 800), (0, 865))
218: ((0, 866), (0, 899))
184: ((0, 900), (0, 998))
118: ((1, 0), (1, 222))
1: ((1, 223), (1, 342))
140: ((1, 343), (1, 420))
197: ((1, 421), (1, 646))
230: ((1, 647), (1, 842))
232: ((2, 0), (2, 700))
53: ((2, 701), (2, 972))
3: ((2, 973), (2, 1023))
69: ((3, 0), (3, 549))
32: ((3, 550), (3, 883))
66: ((3, 884), (3, 955))
137: ((4, 0), (4, 761))
81: ((4, 762), (4, 962))
135: ((5, 690), (5, 932))
125: ((6, 0), (6, 904))
171: ((7, 0), (7, 361))
21: ((7, 362), (7, 859))
94: ((8, 0), (8, 483))
90: ((8, 484), (8, 970))
194: ((9, 0), (9, 775))
149: ((9, 776), (9, 1023))
20: ((10, 0), (10, 807))
207: ((11, 0), (11, 674))
216: ((12, 0), (12, 1020))
86: ((13, 0), (13, 718))
154: ((14, 0), (14, 924))
79: ((15, 0), (15, 885))
83: ((0, 0), (0, 561))
236: ((0, 562), (0, 565))
41: ((0, 566), (0, 799))
139: ((0, 800), (0, 865))
218: ((0, 866), (0, 899))
118: ((1, 0), (1, 222))
1: ((1, 223), (1, 342))
140: ((1, 343), (1, 420))
197: ((1, 421), (1, 646))
230: ((1, 647), (1, 842))
232: ((2, 0), (2, 700))
53: ((2, 701), (2, 972))
3: ((2, 973), (2, 1023))
69: ((3, 0), (3, 549))
32: ((3, 550), (3, 883))
66: ((3, 884), (3, 955))
137: ((4, 0), (4, 761))
81: ((4, 762), (4, 962))
135: ((5, 690), (5, 932))
125: ((6, 0), (6, 904))
171: ((7, 0), (7, 361))
21: ((7, 362), (7, 859))
94: ((8, 0), (8, 483))
90: ((8, 484), (8, 970))
194: ((9, 0), (9, 775))
149: ((9, 776), (9, 1023))
20: ((10, 0), (10, 807))
207: ((11, 0), (11, 674))
216: ((12, 0), (12, 1020))
86: ((13, 0), (13, 718))
154: ((14, 0), (14, 924))
79: ((15, 0), (15, 885))
83: ((0, 0), (0, 561))
236: ((0, 562), (0, 565))
41: ((0, 566), (0, 799))
139: ((0, 800), (0, 865))
218: ((0, 866), (0, 899))
118: ((1, 0), (1, 222))
1: ((1, 223), (1, 342))
140: ((1, 343), (1, 420))
197: ((1, 421), (1, 646))
230: ((1, 647), (1, 842))
232: ((2, 0), (2, 700))
53: ((2, 701), (2, 972))
3: ((2, 973), (2, 1023))
69: ((3, 0), (3, 549))
32: ((3, 550), (3, 883))
66: ((3, 884), (3, 955))
137: ((4, 0), (4, 761))
81: ((4, 762), (4, 962))
135: ((5, 0), (5, 242))
125: ((6, 0), (6, 904))
171: ((7, 0), (7, 361))
21: ((7, 362), (7, 859))
94: ((8, 0), (8, 483))
90: ((8, 484), (8, 970))
194: ((9, 0), (9, 775))
149: ((9, 776), (9, 1023))
20: ((10, 0), (10, 807))
207: ((11, 0), (11, 674))
216: ((12, 0), (12, 1020))
86: ((13, 0), (13, 718))
154: ((14, 0), (14, 924))
79: ((15, 0), (15, 885))
83: ((0, 0), (0, 561))
236: ((0, 562), (0, 565))
41: ((0, 566), (0, 799))
139: ((0, 800), (0, 865))
218: ((0, 866), (0, 899))
118: ((1, 0), (1, 222))
1: ((1, 223), (1, 342))
140: ((1, 343), (1, 420))
197: ((1, 421), (1, 646))
230: ((1, 647), (1, 842))
232: ((2, 0), (2, 700))
53: ((2, 701), (2, 972))
3: ((2, 973), (2, 1023))
69: ((3, 0), (3, 549))
32: ((3, 550), (3, 883))
66: ((3, 884), (3, 955))
137: ((4, 0), (4, 761))
81: ((4, 762), (4, 962))
135: ((5, 0), (5, 242))
171: ((7, 0), (7, 361))
21: ((7, 362), (7, 859))
94: ((8, 0), (8, 483))
90: ((8, 484), (8, 970))
194: ((9, 0), (9, 775))
149: ((9, 776), (9, 1023))
20: ((10, 0), (10, 807))
207: ((11, 0), (11, 674))
216: ((12, 0), (12, 1020))
86: ((13, 0), (13, 718))
154: ((14, 0), (14, 924))
79: ((15, 0), (15, 885))
188: ((0, 900), (0, 1021))
36: ((5, 243), (5, 986))
192: ((6, 0), (6, 427))
193: ((16, 0), (16, 871))
213: ((6, 428), (6, 651))
244: ((17, 0), (17, 909))
100: ((18, 0), (18, 390))
175: ((6, 652), (6, 868))
83: ((0, 0), (0, 561))
236: ((0, 562), (0, 565))
41: ((0, 566), (0, 799))
139: ((0, 800), (0, 865))
218: ((0, 866), (0, 899))
188: ((0, 900), (0, 1021))
118: ((1, 0), (1, 222))
1: ((1, 223), (1, 342))
140: ((1, 343), (1, 420))
197: ((1, 421), (1, 646))
230: ((1, 647), (1, 842))
232: ((2, 0), (2, 700))
53: ((2, 701), (2, 972))
3: ((2, 973), (2, 1023))
69: ((3, 0), (3, 549))
32: ((3, 550), (3, 883))
66: ((3, 884), (3, 955))
137: ((4, 0), (4, 761))
81: ((4, 762), (4, 962))
135: ((5, 0), (5, 242))
36: ((5, 243), (5, 986))
192: ((6, 0), (6, 427))
213: ((6, 428), (6, 651))
175: ((6, 652), (6, 868))
171: ((7, 0), (7, 361))
21: ((7, 362), (7, 859))
94: ((8, 0), (8, 483))
90: ((8, 484), (8, 970))
194: ((9, 0), (9, 775))
149: ((9, 776), (9, 1023))
20: ((10, 0), (10, 807))
207: ((11, 0), (11, 674))
216: ((12, 0), (12, 1020))
86: ((13, 0), (13, 718))
154: ((14, 0), (14, 924))
79: ((15, 0), (15, 885))
244: ((17, 0), (17, 909))
100: ((18, 0), (18, 390))
