151: ((0, 0), (0, 34))
243: ((0, 35), (0, 275))
170: ((1, 0), (1, 997))
65: ((0, 276), (0, 826))
121: ((2, 0), (2, 788))
109: ((3, 0), (3, 969))
220: ((0, 827), (0, 907))
132: ((4, 0), (4, 442))
55: ((5, 0), (5, 842))
111: ((4, 443), (4, 680))
151: ((0, 0), (0, 34))
243: ((0, 35), (0, 275))
65: ((0, 276), (0, 826))
220: ((0, 827), (0, 907))
170: ((1, 0), (1, 997))
121: ((2, 0), (2, 788))
109: ((3, 0), (3, 969))
132: ((4, 0), (4, 442))
111: ((4, 443), (4, 680))
55: ((5, 0), (5, 842))
((0, 0), (0, 34))
151: ((0, 0), (0, 34))
243: ((0, 35), (0, 275))
65: ((0, 276), (0, 826))
220: ((0, 827), (0, 907))
170: ((1, 0), (1, 997))
121: ((2, 0), (2, 788))
109: ((3, 0), (3, 969))
132: ((4, 0), (4, 442))
111: ((4, 443), (4, 680))
55: ((5, 0), (5, 842))
((0, 276), (0, 826))
151: ((0, 0), (0, 34))
243: ((0, 35), (0, 275))
65: ((0, 276), (0, 826))
220: ((0, 827), (0, 907))
170: ((1, 0), (1, 997))
121: ((2, 0), (2, 788))
109: ((3, 0), (3, 969))
132: ((4, 0), (4, 442))
111: ((4, 443), (4, 680))
55: ((5, 0), (5, 842))
151: ((0, 0), (0, 34))
243: ((0, 35), (0, 275))
220: ((0, 827), (0, 907))
170: ((1, 0), (1, 997))
121: ((2, 0), (2, 788))
109: ((3, 0), (3, 969))
132: ((4, 0), (4, 442))
111: ((4, 443), (4, 680))
55: ((5, 0), (5, 842))
((2, 0), (2, 788))
((3, 0), (3, 969))
151: ((0, 0), (0, 34))
243: ((0, 35), (0, 275))
220: ((0, 827), (0, 907))
170: ((1, 0), (1, 997))
109: ((3, 0), (3, 969))
132: ((4, 0), (4, 442))
111: ((4, 443), (4, 680))
55: ((5, 0), (5, 842))
151: ((0, 0), (0, 34))
243: ((0, 35), (0, 275))
220: ((0, 276), (0, 356))
170: ((1, 0), (1, 997))
109: ((2, 0), (2, 969))
132: ((3, 0), (3, 442))
111: ((3, 443), (3, 680))
55: ((4, 0), (4, 842))
((0, 276), (0, 356))
151: ((0, 0), (0, 34))
243: ((0, 35), (0, 275))
220: ((0, 276), (0, 356))
170: ((1, 0), (1, 997))
132: ((3, 0), (3, 442))
111: ((3, 443), (3, 680))
55: ((4, 0), (4, 842))
124: ((0, 357), (0, 925))
35: ((2, 0), (2, 400))
52: ((5, 0), (5, 949))
173: ((2, 401), (2, 1012))
40: ((6, 0), (6, 588))
20: ((7, 0), (7, 562))
221: ((3, 681), (3, 900))
213: ((4, 843), (4, 992))
73: ((6, 589), (6, 963))
122: ((8, 0), (8, 679))
((2, 401), (2, 1012))
((3, 0), (3, 442))
243: ((0, 35), (0, 275))
220: ((0, 276), (0, 356))
124: ((0, 357), (0, 925))
170: ((1, 0), (1, 997))
35: ((2, 0), (2, 400))
173: ((2, 401), (2, 1012))
132: ((3, 0), (3, 442))
111: ((3, 443), (3, 680))
221: ((3, 681), (3, 900))
55: ((4, 0), (4, 842))
213: ((4, 843), (4, 992))
52: ((5, 0), (5, 949))
40: ((6, 0), (6, 588))
73: ((6, 589), (6, 963))
20: ((7, 0), (7, 562))
122: ((8, 0), (8, 679))
243: ((0, 0), (0, 240))
220: ((0, 241), (0, 321))
124: ((0, 322), (0, 890))
170: ((1, 0), (1, 997))
35: ((2, 0), (2, 400))
173: ((2, 401), (2, 1012))
132: ((3, 0), (3, 442))
111: ((3, 443), (3, 680))
221: ((3, 681), (3, 900))
55: ((4, 0), (4, 842))
213: ((4, 843), (4, 992))
52: ((5, 0), (5, 949))
40: ((6, 0), (6, 588))
73: ((6, 589), (6, 963))
20: ((7, 0), (7, 562))
122: ((8, 0), (8, 679))
243: ((0, 0), (0, 240))
220: ((0, 241), (0, 321))
124: ((0, 322), (0, 890))
170: ((1, 0), (1, 997))
35: ((2, 0), (2, 400))
173: ((2, 401), (2, 1012))
132: ((3, 0), (3, 442))
111: ((3, 443), (3, 680))
221: ((3, 681), (3, 900))
55: ((4, 0), (4, 842))
213: ((4, 843), (4, 992))
52: ((5, 0), (5, 949))
40: ((6, 0), (6, 588))
73: ((6, 589), (6, 963))
20: ((7, 0), (7, 562))
122: ((8, 0), (8, 679))
243: ((0, 0), (0, 240))
220: ((0, 241), (0, 321))
124: ((0, 322), (0, 890))
170: ((1, 0), (1, 997))
35: ((2, 0), (2, 400))
173: ((2, 401), (2, 1012))
132: ((3, 0), (3, 442))
111: ((3, 443), (3, 680))
221: ((3, 681), (3, 900))
55: ((4, 0), (4, 842))
213: ((4, 843), (4, 992))
52: ((5, 0), (5, 949))
40: ((6, 0), (6, 588))
73: ((6, 589), (6, 963))
20: ((7, 0), (7, 562))
122: ((8, 0), (8, 679))
138: ((7, 563), (7, 950))
100: ((8, 680), (8, 889))
1: ((9, 0), (9, 701))
5: ((10, 0), (10, 655))
187: ((11, 0), (11, 373))
159: ((11, 374), (11, 890))
176: ((9, 702), (9, 868))
243: ((0, 0), (0, 240))
220: ((0, 241), (0, 321))
124: ((0, 322), (0, 890))
170: ((1, 0), (1, 997))
35: ((2, 0), (2, 400))
173: ((2, 401), (2, 1012))
132: ((3, 0), (3, 442))
111: ((3, 443), (3, 680))
221: ((3, 681), (3, 900))
55: ((4, 0), (4, 842))
213: ((4, 843), (4, 992))
52: ((5, 0), (5, 949))
40: ((6, 0), (6, 588))
73: ((6, 589), (6, 963))
20: ((7, 0), (7, 562))
138: ((7, 563), (7, 950))
122: ((8, 0), (8, 679))
100: ((8, 680), (8, 889))
1: ((9, 0), (9, 701))
176: ((9, 702), (9, 868))
5: ((10, 0), (10, 655))
187: ((11, 0), (11, 373))
159: ((11, 374), (11, 890))
243: ((0, 0), (0, 240))
220: ((0, 241), (0, 321))
124: ((0, 322), (0, 890))
170: ((1, 0), (1, 997))
35: ((2, 0), (2, 400))
173: ((2, 401), (2, 1012))
132: ((3, 0), (3, 442))
111: ((3, 443), (3, 680))
221: ((3, 681), (3, 900))
55: ((4, 0), (4, 842))
213: ((4, 843), (4, 992))
52: ((5, 0), (5, 949))
40: ((6, 0), (6, 588))
73: ((6, 589), (6, 963))
20: ((7, 0), (7, 562))
138: ((7, 563), (7, 950))
122: ((8, 0), (8, 679))
100: ((8, 680), (8, 889))
1: ((9, 0), (9, 701))
176: ((9, 702), (9, 868))
5: ((10, 0), (10, 655))
187: ((11, 0), (11, 373))
159: ((11, 374), (11, 890))
((11, 374), (11, 890))
243: ((0, 0), (0, 240))
220: ((0, 241), (0, 321))
124: ((0, 322), (0, 890))
170: ((1, 0), (1, 997))
35: ((2, 0), (2, 400))
173: ((2, 401), (2, 1012))
132: ((3, 0), (3, 442))
111: ((3, 443), (3, 680))
221: ((3, 681), (3, 900))
55: ((4, 0), (4, 842))
213: ((4, 843), (4, 992))
52: ((5, 0), (5, 949))
40: ((6, 0), (6, 588))
73: ((6, 589), (6, 963))
20: ((7, 0), (7, 562))
138: ((7, 563), (7, 950))
122: ((8, 0), (8, 679))
100: ((8, 680), (8, 889))
1: ((9, 0), (9, 701))
176: ((9, 702), (9, 868))
5: ((10, 0), (10, 655))
187: ((11, 0), (11, 373))
159: ((11, 374), (11, 890))
243: ((0, 0), (0, 240))
220: ((0, 241), (0, 321))
124: ((0, 322), (0, 890))
170: ((1, 0), (1, 997))
173: ((2, 401), (2, 1012))
132: ((3, 0), (3, 442))
111: ((3, 443), (3, 680))
221: ((3, 681), (3, 900))
55: ((4, 0), (4, 842))
213: ((4, 843), (4, 992))
52: ((5, 0), (5, 949))
40: ((6, 0), (6, 588))
73: ((6, 589), (6, 963))
20: ((7, 0), (7, 562))
138: ((7, 563), (7, 950))
122: ((8, 0), (8, 679))
100: ((8, 680), (8, 889))
1: ((9, 0), (9, 701))
176: ((9, 702), (9, 868))
5: ((10, 0), (10, 655))
187: ((11, 0), (11, 373))
159: ((11, 374), (11, 890))
134: ((2, 0), (2, 190))
224: ((0, 0), (0, 0))
69: ((0, 0), (0, 0))
202: ((12, 0), (12, 531))
158: ((13, 0), (13, 801))
38: ((14, 0), (14, 892))
166: ((0, 891), (0, 938))
30: ((10, 656), (10, 987))
235: ((0, 0), (0, 0))
243: ((0, 0), (0, 240))
220: ((0, 241), (0, 321))
124: ((0, 322), (0, 890))
166: ((0, 891), (0, 938))
170: ((1, 0), (1, 997))
134: ((2, 0), (2, 190))
132: ((3, 0), (3, 442))
111: ((3, 443), (3, 680))
221: ((3, 681), (3, 900))
55: ((4, 0), (4, 842))
213: ((4, 843), (4, 992))
52: ((5, 0), (5, 949))
40: ((6, 0), (6, 588))
73: ((6, 589), (6, 963))
20: ((7, 0), (7, 562))
138: ((7, 563), (7, 950))
122: ((8, 0), (8, 679))
100: ((8, 680), (8, 889))
1: ((9, 0), (9, 701))
176: ((9, 702), (9, 868))
5: ((10, 0), (10, 655))
30: ((10, 656), (10, 987))
187: ((11, 0), (11, 373))
159: ((11, 374), (11, 890))
202: ((12, 0), (12, 531))
158: ((13, 0), (13, 801))
38: ((14, 0), (14, 892))
243: ((0, 0), (0, 240))
220: ((0, 241), (0, 321))
124: ((0, 322), (0, 890))
166: ((0, 891), (0, 938))
170: ((1, 0), (1, 997))
134: ((2, 0), (2, 190))
132: ((2, 191), (2, 633))
111: ((2, 634), (2, 871))
221: ((3, 0), (3, 219))
55: ((4, 0), (4, 842))
213: ((4, 843), (4, 992))
52: ((5, 0), (5, 949))
40: ((6, 0), (6, 588))
73: ((6, 589), (6, 963))
20: ((7, 0), (7, 562))
138: ((7, 563), (7, 950))
122: ((8, 0), (8, 679))
100: ((8, 680), (8, 889))
1: ((9, 0), (9, 701))
176: ((9, 702), (9, 868))
5: ((10, 0), (10, 655))
30: ((10, 656), (10, 987))
187: ((11, 0), (11, 373))
159: ((11, 374), (11, 890))
202: ((12, 0), (12, 531))
158: ((13, 0), (13, 801))
38: ((14, 0), (14, 892))
96: ((3, 220), (3, 1011))
151: ((12, 532), (12, 704))
61: ((15, 0), (15, 482))
47: ((12, 705), (12, 972))
2: ((16, 0), (16, 606))
205: ((17, 0), (17, 730))
105: ((15, 483), (15, 965))
186: ((18, 0), (18, 759))
243: ((0, 0), (0, 240))
220: ((0, 241), (0, 321))
124: ((0, 322), (0, 890))
166: ((0, 891), (0, 938))
170: ((1, 0), (1, 997))
134: ((2, 0), (2, 190))
132: ((2, 191), (2, 633))
111: ((2, 634), (2, 871))
221: ((3, 0), (3, 219))
96: ((3, 220), (3, 1011))
55: ((4, 0), (4, 842))
213: ((4, 843), (4, 992))
52: ((5, 0), (5, 949))
40: ((6, 0), (6, 588))
73: ((6, 589), (6, 963))
20: ((7, 0), (7, 562))
138: ((7, 563), (7, 950))
122: ((8, 0), (8, 679))
100: ((8, 680), (8, 889))
1: ((9, 0), (9, 701))
176: ((9, 702), (9, 868))
5: ((10, 0), (10, 655))
30: ((10, 656), (10, 987))
187: ((11, 0), (11, 373))
159: ((11, 374), (11, 890))
202: ((12, 0), (12, 531))
151: ((12, 532), (12, 704))
47: ((12, 705), (12, 972))
158: ((13, 0), (13, 801))
38: ((14, 0), (14, 892))
61: ((15, 0), (15, 482))
105: ((15, 483), (15, 965))
2: ((16, 0), (16, 606))
205: ((17, 0), (17, 730))
186: ((18, 0), (18, 759))
((17, 0), (17, 730))
97: ((19, 0), (19, 454))
252: ((2, 872), (2, 965))
78: ((19, 455), (19, 960))
243: ((0, 0), (0, 240))
220: ((0, 241), (0, 321))
124: ((0, 322), (0, 890))
166: ((0, 891), (0, 938))
170: ((1, 0), (1, 997))
134: ((2, 0), (2, 190))
132: ((2, 191), (2, 633))
111: ((2, 634), (2, 871))
252: ((2, 872), (2, 965))
221: ((3, 0), (3, 219))
96: ((3, 220), (3, 1011))
55: ((4, 0), (4, 842))
213: ((4, 843), (4, 992))
52: ((5, 0), (5, 949))
40: ((6, 0), (6, 588))
73: ((6, 589), (6, 963))
20: ((7, 0), (7, 562))
138: ((7, 563), (7, 950))
122: ((8, 0), (8, 679))
100: ((8, 680), (8, 889))
1: ((9, 0), (9, 701))
176: ((9, 702), (9, 868))
5: ((10, 0), (10, 655))
30: ((10, 656), (10, 987))
187: ((11, 0), (11, 373))
159: ((11, 374), (11, 890))
202: ((12, 0), (12, 531))
151: ((12, 532), (12, 704))
47: ((12, 705), (12, 972))
158: ((13, 0), (13, 801))
38: ((14, 0), (14, 892))
61: ((15, 0), (15, 482))
105: ((15, 483), (15, 965))
2: ((16, 0), (16, 606))
186: ((18, 0), (18, 759))
97: ((19, 0), (19, 454))
78: ((19, 455), (19, 960))
((10, 0), (10, 655))
4: ((17, 0), (17, 666))
93: ((0, 0), (0, 0))
71: ((16, 607), (16, 953))
((12, 705), (12, 972))
((10, 656), (10, 987))
