96: ((0, 0), (0, 538))
69: ((1, 0), (1, 697))
39: ((0, 539), (0, 666))
143: ((2, 0), (2, 591))
29: ((3, 0), (3, 526))
132: ((4, 0), (4, 917))
96: ((0, 0), (0, 538))
39: ((0, 539), (0, 666))
69: ((1, 0), (1, 697))
143: ((2, 0), (2, 591))
29: ((3, 0), (3, 526))
132: ((4, 0), (4, 917))
141: ((5, 0), (5, 770))
210: ((6, 0), (6, 702))
51: ((2, 592), (2, 977))
85: ((3, 527), (3, 932))
70: ((7, 0), (7, 896))
223: ((8, 0), (8, 853))
174: ((9, 0), (9, 567))
138: ((10, 0), (10, 564))
208: ((11, 0), (11, 707))
88: ((12, 0), (12, 963))
96: ((0, 0), (0, 538))
39: ((0, 539), (0, 666))
69: ((1, 0), (1, 697))
51: ((2, 592), (2, 977))
29: ((3, 0), (3, 526))
85: ((3, 527), (3, 932))
132: ((4, 0), (4, 917))
141: ((5, 0), (5, 770))
210: ((6, 0), (6, 702))
70: ((7, 0), (7, 896))
223: ((8, 0), (8, 853))
174: ((9, 0), (9, 567))
138: ((10, 0), (10, 564))
208: ((11, 0), (11, 707))
88: ((12, 0), (12, 963))
96: ((0, 0), (0, 538))
39: ((0, 539), (0, 666))
69: ((1, 0), (1, 697))
51: ((2, 592), (2, 977))
85: ((3, 527), (3, 932))
132: ((4, 0), (4, 917))
141: ((5, 0), (5, 770))
210: ((6, 0), (6, 702))
70: ((7, 0), (7, 896))
223: ((8, 0), (8, 853))
174: ((9, 0), (9, 567))
138: ((10, 0), (10, 564))
208: ((11, 0), (11, 707))
88: ((12, 0), (12, 963))
((1, 0), (1, 697))
96: ((0, 0), (0, 538))
39: ((0, 539), (0, 666))
69: ((1, 0), (1, 697))
51: ((2, 0), (2, 385))
85: ((2, 386), (2, 791))
132: ((3, 0), (3, 917))
141: ((4, 0), (4, 770))
210: ((5, 0), (5, 702))
70: ((6, 0), (6, 896))
223: ((7, 0), (7, 853))
174: ((8, 0), (8, 567))
138: ((9, 0), (9, 564))
208: ((10, 0), (10, 707))
88: ((11, 0), (11, 963))
((10, 0), (10, 707))
96: ((0, 0), (0, 538))
39: ((0, 539), (0, 666))
69: ((1, 0), (1, 697))
51: ((2, 0), (2, 385))
132: ((3, 0), (3, 917))
141: ((4, 0), (4, 770))
210: ((5, 0), (5, 702))
70: ((6, 0), (6, 896))
223: ((7, 0), (7, 853))
174: ((8, 0), (8, 567))
138: ((9, 0), (9, 564))
208: ((10, 0), (10, 707))
88: ((11, 0), (11, 963))
96: ((0, 0), (0, 538))
39: ((0, 539), (0, 666))
69: ((1, 0), (1, 697))
51: ((2, 0), (2, 385))
132: ((3, 0), (3, 917))
141: ((4, 0), (4, 770))
210: ((5, 0), (5, 702))
70: ((6, 0), (6, 896))
223: ((7, 0), (7, 853))
174: ((8, 0), (8, 567))
138: ((9, 0), (9, 564))
208: ((10, 0), (10, 707))
88: ((11, 0), (11, 963))
36: ((12, 0), (12, 976))
212: ((13, 0), (13, 792))
136: ((2, 386), (2, 968))
25: ((14, 0), (14, 971))
137: ((15, 0), (15, 594))
43: ((8, 568), (8, 975))
73: ((16, 0), (16, 705))
96: ((0, 0), (0, 538))
39: ((0, 539), (0, 666))
51: ((2, 0), (2, 385))
136: ((2, 386), (2, 968))
132: ((3, 0), (3, 917))
141: ((4, 0), (4, 770))
210: ((5, 0), (5, 702))
70: ((6, 0), (6, 896))
223: ((7, 0), (7, 853))
174: ((8, 0), (8, 567))
43: ((8, 568), (8, 975))
138: ((9, 0), (9, 564))
208: ((10, 0), (10, 707))
88: ((11, 0), (11, 963))
36: ((12, 0), (12, 976))
212: ((13, 0), (13, 792))
25: ((14, 0), (14, 971))
137: ((15, 0), (15, 594))
73: ((16, 0), (16, 705))
96: ((0, 0), (0, 538))
39: ((0, 539), (0, 666))
51: ((1, 0), (1, 385))
136: ((1, 386), (1, 968))
132: ((2, 0), (2, 917))
141: ((3, 0), (3, 770))
210: ((4, 0), (4, 702))
70: ((5, 0), (5, 896))
223: ((6, 0), (6, 853))
174: ((7, 0), (7, 567))
43: ((7, 568), (7, 975))
138: ((8, 0), (8, 564))
208: ((9, 0), (9, 707))
88: ((10, 0), (10, 963))
36: ((11, 0), (11, 976))
212: ((12, 0), (12, 792))
25: ((13, 0), (13, 971))
137: ((14, 0), (14, 594))
73: ((15, 0), (15, 705))
134: ((0, 667), (0, 733))
214: ((16, 0), (16, 593))
54: ((17, 0), (17, 838))
((7, 568), (7, 975))
156: ((0, 734), (0, 768))
216: ((18, 0), (18, 480))
225: ((19, 0), (19, 898))
187: ((20, 0), (20, 803))
145: ((0, 769), (0, 923))
165: ((21, 0), (21, 847))
185: ((0, 924), (0, 969))
96: ((0, 0), (0, 538))
39: ((0, 539), (0, 666))
134: ((0, 667), (0, 733))
156: ((0, 734), (0, 768))
145: ((0, 769), (0, 923))
185: ((0, 924), (0, 969))
51: ((1, 0), (1, 385))
136: ((1, 386), (1, 968))
132: ((2, 0), (2, 917))
141: ((3, 0), (3, 770))
210: ((4, 0), (4, 702))
70: ((5, 0), (5, 896))
223: ((6, 0), (6, 853))
174: ((7, 0), (7, 567))
43: ((7, 568), (7, 975))
138: ((8, 0), (8, 564))
208: ((9, 0), (9, 707))
88: ((10, 0), (10, 963))
36: ((11, 0), (11, 976))
212: ((12, 0), (12, 792))
25: ((13, 0), (13, 971))
137: ((14, 0), (14, 594))
73: ((15, 0), (15, 705))
214: ((16, 0), (16, 593))
54: ((17, 0), (17, 838))
216: ((18, 0), (18, 480))
225: ((19, 0), (19, 898))
187: ((20, 0), (20, 803))
165: ((21, 0), (21, 847))
96: ((0, 0), (0, 538))
39: ((0, 539), (0, 666))
134: ((0, 667), (0, 733))
156: ((0, 734), (0, 768))
145: ((0, 769), (0, 923))
185: ((0, 924), (0, 969))
51: ((1, 0), (1, 385))
136: ((1, 386), (1, 968))
132: ((2, 0), (2, 917))
141: ((3, 0), (3, 770))
210: ((4, 0), (4, 702))
70: ((5, 0), (5, 896))
223: ((6, 0), (6, 853))
174: ((7, 0), (7, 567))
43: ((7, 568), (7, 975))
138: ((8, 0), (8, 564))
208: ((9, 0), (9, 707))
88: ((10, 0), (10, 963))
36: ((11, 0), (11, 976))
212: ((12, 0), (12, 792))
25: ((13, 0), (13, 971))
137: ((14, 0), (14, 594))
73: ((15, 0), (15, 705))
214: ((16, 0), (16, 593))
54: ((17, 0), (17, 838))
216: ((18, 0), (18, 480))
225: ((19, 0), (19, 898))
187: ((20, 0), (20, 803))
165: ((21, 0), (21, 847))
96: ((0, 0), (0, 538))
39: ((0, 539), (0, 666))
134: ((0, 667), (0, 733))
156: ((0, 734), (0, 768))
145: ((0, 769), (0, 923))
185: ((0, 924), (0, 969))
51: ((1, 0), (1, 385))
136: ((1, 386), (1, 968))
132: ((2, 0), (2, 917))
141: ((3, 0), (3, 770))
210: ((4, 0), (4, 702))
70: ((5, 0), (5, 896))
223: ((6, 0), (6, 853))
174: ((7, 0), (7, 567))
43: ((7, 568), (7, 975))
138: ((8, 0), (8, 564))
208: ((9, 0), (9, 707))
88: ((10, 0), (10, 963))
36: ((11, 0), (11, 976))
212: ((12, 0), (12, 792))
25: ((13, 0), (13, 971))
137: ((14, 0), (14, 594))
73: ((15, 0), (15, 705))
214: ((16, 0), (16, 593))
54: ((17, 0), (17, 838))
216: ((18, 0), (18, 480))
225: ((19, 0), (19, 898))
165: ((21, 0), (21, 847))
((2, 0), (2, 917))
96: ((0, 0), (0, 538))
39: ((0, 539), (0, 666))
134: ((0, 667), (0, 733))
156: ((0, 734), (0, 768))
145: ((0, 769), (0, 923))
185: ((0, 924), (0, 969))
136: ((1, 386), (1, 968))
132: ((2, 0), (2, 917))
141: ((3, 0), (3, 770))
210: ((4, 0), (4, 702))
70: ((5, 0), (5, 896))
223: ((6, 0), (6, 853))
174: ((7, 0), (7, 567))
43: ((7, 568), (7, 975))
138: ((8, 0), (8, 564))
208: ((9, 0), (9, 707))
88: ((10, 0), (10, 963))
36: ((11, 0), (11, 976))
212: ((12, 0), (12, 792))
25: ((13, 0), (13, 971))
137: ((14, 0), (14, 594))
73: ((15, 0), (15, 705))
214: ((16, 0), (16, 593))
54: ((17, 0), (17, 838))
216: ((18, 0), (18, 480))
225: ((19, 0), (19, 898))
165: ((21, 0), (21, 847))
96: ((0, 0), (0, 538))
39: ((0, 539), (0, 666))
134: ((0, 667), (0, 733))
156: ((0, 734), (0, 768))
145: ((0, 769), (0, 923))
185: ((0, 924), (0, 969))
136: ((1, 0), (1, 582))
132: ((2, 0), (2, 917))
141: ((3, 0), (3, 770))
210: ((4, 0), (4, 702))
70: ((5, 0), (5, 896))
223: ((6, 0), (6, 853))
174: ((7, 0), (7, 567))
43: ((7, 568), (7, 975))
138: ((8, 0), (8, 564))
208: ((9, 0), (9, 707))
88: ((10, 0), (10, 963))
36: ((11, 0), (11, 976))
212: ((12, 0), (12, 792))
25: ((13, 0), (13, 971))
137: ((14, 0), (14, 594))
73: ((15, 0), (15, 705))
214: ((16, 0), (16, 593))
54: ((17, 0), (17, 838))
216: ((18, 0), (18, 480))
225: ((19, 0), (19, 898))
165: ((20, 0), (20, 847))
96: ((0, 0), (0, 538))
39: ((0, 539), (0, 666))
134: ((0, 667), (0, 733))
156: ((0, 734), (0, 768))
145: ((0, 769), (0, 923))
185: ((0, 924), (0, 969))
136: ((1, 0), (1, 582))
132: ((2, 0), (2, 917))
141: ((3, 0), (3, 770))
210: ((4, 0), (4, 702))
70: ((5, 0), (5, 896))
223: ((6, 0), (6, 853))
174: ((7, 0), (7, 567))
43: ((7, 568), (7, 975))
138: ((8, 0), (8, 564))
208: ((9, 0), (9, 707))
88: ((10, 0), (10, 963))
36: ((11, 0), (11, 976))
212: ((12, 0), (12, 792))
25: ((13, 0), (13, 971))
137: ((14, 0), (14, 594))
73: ((15, 0), (15, 705))
214: ((16, 0), (16, 593))
54: ((17, 0), (17, 838))
216: ((18, 0), (18, 480))
225: ((19, 0), (19, 898))
165: ((20, 0), (20, 847))
((8, 0), (8, 564))
96: ((0, 0), (0, 538))
39: ((0, 539), (0, 666))
134: ((0, 667), (0, 733))
156: ((0, 734), (0, 768))
145: ((0, 769), (0, 923))
185: ((0, 924), (0, 969))
136: ((1, 0), (1, 582))
132: ((2, 0), (2, 917))
141: ((3, 0), (3, 770))
210: ((4, 0), (4, 702))
70: ((5, 0), (5, 896))
223: ((6, 0), (6, 853))
174: ((7, 0), (7, 567))
43: ((7, 568), (7, 975))
138: ((8, 0), (8, 564))
208: ((9, 0), (9, 707))
88: ((10, 0), (10, 963))
36: ((11, 0), (11, 976))
212: ((12, 0), (12, 792))
25: ((13, 0), (13, 971))
137: ((14, 0), (14, 594))
73: ((15, 0), (15, 705))
214: ((16, 0), (16, 593))
216: ((18, 0), (18, 480))
225: ((19, 0), (19, 898))
165: ((20, 0), (20, 847))
96: ((0, 0), (0, 538))
39: ((0, 539), (0, 666))
134: ((0, 667), (0, 733))
145: ((0, 769), (0, 923))
185: ((0, 924), (0, 969))
136: ((1, 0), (1, 582))
132: ((2, 0), (2, 917))
141: ((3, 0), (3, 770))
210: ((4, 0), (4, 702))
70: ((5, 0), (5, 896))
223: ((6, 0), (6, 853))
174: ((7, 0), (7, 567))
43: ((7, 568), (7, 975))
138: ((8, 0), (8, 564))
208: ((9, 0), (9, 707))
88: ((10, 0), (10, 963))
36: ((11, 0), (11, 976))
212: ((12, 0), (12, 792))
25: ((13, 0), (13, 971))
137: ((14, 0), (14, 594))
73: ((15, 0), (15, 705))
214: ((16, 0), (16, 593))
216: ((18, 0), (18, 480))
225: ((19, 0), (19, 898))
165: ((20, 0), (20, 847))
3: ((1, 583), (1, 861))
2: ((1, 862), (1, 974))
44: ((17, 0), (17, 757))
222: ((3, 771), (3, 932))
227: ((8, 565), (8, 920))
252: ((21, 0), (21, 1003))
31: ((0, 0), (0, 0))
162: ((14, 595), (14, 926))
159: ((22, 0), (22, 863))
96: ((0, 0), (0, 538))
39: ((0, 539), (0, 666))
134: ((0, 667), (0, 733))
145: ((0, 769), (0, 923))
185: ((0, 924), (0, 969))
136: ((1, 0), (1, 582))
3: ((1, 583), (1, 861))
2: ((1, 862), (1, 974))
132: ((2, 0), (2, 917))
141: ((3, 0), (3, 770))
222: ((3, 771), (3, 932))
210: ((4, 0), (4, 702))
70: ((5, 0), (5, 896))
223: ((6, 0), (6, 853))
174: ((7, 0), (7, 567))
43: ((7, 568), (7, 975))
138: ((8, 0), (8, 564))
227: ((8, 565), (8, 920))
208: ((9, 0), (9, 707))
88: ((10, 0), (10, 963))
36: ((11, 0), (11, 976))
212: ((12, 0), (12, 792))
25: ((13, 0), (13, 971))
137: ((14, 0), (14, 594))
162: ((14, 595), (14, 926))
73: ((15, 0), (15, 705))
214: ((16, 0), (16, 593))
216: ((18, 0), (18, 480))
225: ((19, 0), (19, 898))
165: ((20, 0), (20, 847))
252: ((21, 0), (21, 1003))
159: ((22, 0), (22, 863))
96: ((0, 0), (0, 538))
39: ((0, 539), (0, 666))
134: ((0, 667), (0, 733))
145: ((0, 734), (0, 888))
185: ((0, 889), (0, 934))
136: ((1, 0), (1, 582))
3: ((1, 583), (1, 861))
2: ((1, 862), (1, 974))
132: ((2, 0), (2, 917))
141: ((3, 0), (3, 770))
222: ((3, 771), (3, 932))
210: ((4, 0), (4, 702))
70: ((5, 0), (5, 896))
223: ((6, 0), (6, 853))
174: ((7, 0), (7, 567))
43: ((7, 568), (7, 975))
138: ((8, 0), (8, 564))
227: ((8, 565), (8, 920))
208: ((9, 0), (9, 707))
88: ((10, 0), (10, 963))
36: ((11, 0), (11, 976))
212: ((12, 0), (12, 792))
25: ((13, 0), (13, 971))
137: ((14, 0), (14, 594))
162: ((14, 595), (14, 926))
73: ((15, 0), (15, 705))
214: ((16, 0), (16, 593))
216: ((17, 0), (17, 480))
225: ((18, 0), (18, 898))
165: ((19, 0), (19, 847))
252: ((20, 0), (20, 1003))
159: ((21, 0), (21, 863))
239: ((16, 594), (16, 1008))
52: ((0, 0), (0, 0))
61: ((4, 703), (4, 968))
254: ((22, 0), (22, 747))
144: ((23, 0), (23, 731))
130: ((0, 935), (0, 980))
188: ((24, 0), (24, 940))
96: ((0, 0), (0, 538))
39: ((0, 539), (0, 666))
134: ((0, 667), (0, 733))
145: ((0, 734), (0, 888))
185: ((0, 889), (0, 934))
130: ((0, 935), (0, 980))
136: ((1, 0), (1, 582))
3: ((1, 583), (1, 861))
2: ((1, 862), (1, 974))
132: ((2, 0), (2, 917))
141: ((3, 0), (3, 770))
222: ((3, 771), (3, 932))
210: ((4, 0), (4, 702))
61: ((4, 703), (4, 968))
70: ((5, 0), (5, 896))
223: ((6, 0), (6, 853))
174: ((7, 0), (7, 567))
43: ((7, 568), (7, 975))
138: ((8, 0), (8, 564))
227: ((8, 565), (8, 920))
208: ((9, 0), (9, 707))
88: ((10, 0), (10, 963))
36: ((11, 0), (11, 976))
212: ((12, 0), (12, 792))
25: ((13, 0), (13, 971))
137: ((14, 0), (14, 594))
162: ((14, 595), (14, 926))
73: ((15, 0), (15, 705))
214: ((16, 0), (16, 593))
239: ((16, 594), (16, 1008))
216: ((17, 0), (17, 480))
225: ((18, 0), (18, 898))
165: ((19, 0), (19, 847))
252: ((20, 0), (20, 1003))
159: ((21, 0), (21, 863))
254: ((22, 0), (22, 747))
144: ((23, 0), (23, 731))
188: ((24, 0), (24, 940))
((0, 935), (0, 980))
((4, 0), (4, 702))
96: ((0, 0), (0, 538))
39: ((0, 539), (0, 666))
134: ((0, 667), (0, 733))
145: ((0, 734), (0, 888))
185: ((0, 889), (0, 934))
130: ((0, 935), (0, 980))
136: ((1, 0), (1, 582))
3: ((1, 583), (1, 861))
2: ((1, 862), (1, 974))
132: ((2, 0), (2, 917))
141: ((3, 0), (3, 770))
222: ((3, 771), (3, 932))
210: ((4, 0), (4, 702))
61: ((4, 703), (4, 968))
70: ((5, 0), (5, 896))
223: ((6, 0), (6, 853))
174: ((7, 0), (7, 567))
43: ((7, 568), (7, 975))
138: ((8, 0), (8, 564))
227: ((8, 565), (8, 920))
208: ((9, 0), (9, 707))
88: ((10, 0), (10, 963))
36: ((11, 0), (11, 976))
212: ((12, 0), (12, 792))
25: ((13, 0), (13, 971))
137: ((14, 0), (14, 594))
162: ((14, 595), (14, 926))
73: ((15, 0), (15, 705))
214: ((16, 0), (16, 593))
239: ((16, 594), (16, 1008))
216: ((17, 0), (17, 480))
225: ((18, 0), (18, 898))
165: ((19, 0), (19, 847))
252: ((20, 0), (20, 1003))
159: ((21, 0), (21, 863))
254: ((22, 0), (22, 747))
144: ((23, 0), (23, 731))
188: ((24, 0), (24, 940))
96: ((0, 0), (0, 538))
39: ((0, 539), (0, 666))
134: ((0, 667), (0, 733))
145: ((0, 734), (0, 888))
185: ((0, 889), (0, 934))
130: ((0, 935), (0, 980))
136: ((1, 0), (1, 582))
3: ((1, 583), (1, 861))
2: ((1, 862), (1, 974))
132: ((2, 0), (2, 917))
141: ((3, 0), (3, 770))
222: ((3, 771), (3, 932))
210: ((4, 0), (4, 702))
61: ((4, 703), (4, 968))
70: ((5, 0), (5, 896))
223: ((6, 0), (6, 853))
174: ((7, 0), (7, 567))
43: ((7, 568), (7, 975))
138: ((8, 0), (8, 564))
227: ((8, 565), (8, 920))
208: ((9, 0), (9, 707))
88: ((10, 0), (10, 963))
36: ((11, 0), (11, 976))
212: ((12, 0), (12, 792))
25: ((13, 0), (13, 971))
137: ((14, 0), (14, 594))
162: ((14, 595), (14, 926))
73: ((15, 0), (15, 705))
214: ((16, 0), (16, 593))
239: ((16, 594), (16, 1008))
216: ((17, 0), (17, 480))
225: ((18, 0), (18, 898))
165: ((19, 0), (19, 847))
252: ((20, 0), (20, 1003))
159: ((21, 0), (21, 863))
254: ((22, 0), (22, 747))
144: ((23, 0), (23, 731))
188: ((24, 0), (24, 940))
96: ((0, 0), (0, 538))
39: ((0, 539), (0, 666))
134: ((0, 667), (0, 733))
145: ((0, 734), (0, 888))
185: ((0, 889), (0, 934))
130: ((0, 935), (0, 980))
136: ((1, 0), (1, 582))
3: ((1, 583), (1, 861))
2: ((1, 862), (1, 974))
132: ((2, 0), (2, 917))
141: ((3, 0), (3, 770))
222: ((3, 771), (3, 932))
210: ((4, 0), (4, 702))
61: ((4, 703), (4, 968))
70: ((5, 0), (5, 896))
223: ((6, 0), (6, 853))
174: ((7, 0), (7, 567))
43: ((7, 568), (7, 975))
138: ((8, 0), (8, 564))
227: ((8, 565), (8, 920))
208: ((9, 0), (9, 707))
88: ((10, 0), (10, 963))
36: ((11, 0), (11, 976))
212: ((12, 0), (12, 792))
25: ((13, 0), (13, 971))
162: ((14, 595), (14, 926))
73: ((15, 0), (15, 705))
214: ((16, 0), (16, 593))
239: ((16, 594), (16, 1008))
216: ((17, 0), (17, 480))
225: ((18, 0), (18, 898))
165: ((19, 0), (19, 847))
252: ((20, 0), (20, 1003))
159: ((21, 0), (21, 863))
254: ((22, 0), (22, 747))
144: ((23, 0), (23, 731))
188: ((24, 0), (24, 940))
96: ((0, 0), (0, 538))
39: ((0, 539), (0, 666))
134: ((0, 667), (0, 733))
145: ((0, 734), (0, 888))
185: ((0, 889), (0, 934))
130: ((0, 935), (0, 980))
136: ((1, 0), (1, 582))
3: ((1, 583), (1, 861))
2: ((1, 862), (1, 974))
132: ((2, 0), (2, 917))
141: ((3, 0), (3, 770))
222: ((3, 771), (3, 932))
210: ((4, 0), (4, 702))
61: ((4, 703), (4, 968))
70: ((5, 0), (5, 896))
223: ((6, 0), (6, 853))
174: ((7, 0), (7, 567))
43: ((7, 568), (7, 975))
138: ((8, 0), (8, 564))
208: ((9, 0), (9, 707))
88: ((10, 0), (10, 963))
36: ((11, 0), (11, 976))
212: ((12, 0), (12, 792))
25: ((13, 0), (13, 971))
162: ((14, 595), (14, 926))
73: ((15, 0), (15, 705))
214: ((16, 0), (16, 593))
239: ((16, 594), (16, 1008))
216: ((17, 0), (17, 480))
225: ((18, 0), (18, 898))
165: ((19, 0), (19, 847))
252: ((20, 0), (20, 1003))
159: ((21, 0), (21, 863))
254: ((22, 0), (22, 747))
144: ((23, 0), (23, 731))
188: ((24, 0), (24, 940))
38: ((25, 0), (25, 605))
192: ((8, 565), (8, 908))
229: ((2, 918), (2, 1005))
68: ((0, 0), (0, 0))
227: ((14, 0), (14, 462))
21: ((9, 708), (9, 976))
248: ((26, 0), (26, 956))
34: ((27, 0), (27, 623))
176: ((28, 0), (28, 669))
104: ((29, 0), (29, 921))
